01-04 08:09:55.416     1     1 I init    : Loaded kernel module /lib/modules/gh_dbl.ko
01-04 08:09:55.416     1     1 I init    : Loading module /lib/modules/gh_msgq.ko with args ''
01-04 08:09:55.417     1     1 I init    : Loaded kernel module /lib/modules/gh_msgq.ko
01-04 08:09:55.417     1     1 I init    : Loading module /lib/modules/gh_rm_drv.ko with args ''
01-04 08:09:55.418     1     1 I gh_msgq : Registered client for label: 0
01-04 08:09:55.418     1     1 I init    : Loaded kernel module /lib/modules/gh_rm_drv.ko
01-04 08:09:55.418     1     1 I init    : Loading module /lib/modules/iommu-logger.ko with args ''
01-04 08:09:55.419     1     1 I init    : Loaded kernel module /lib/modules/iommu-logger.ko
01-04 08:09:55.419     1     1 I init    : Loading module /lib/modules/kryo_arm64_edac.ko with args ''
01-04 08:09:55.420     1     1 I init    : Loaded kernel module /lib/modules/kryo_arm64_edac.ko
01-04 08:09:55.420     1     1 I init    : Loading module /lib/modules/llcc-qcom.ko with args ''
01-04 08:09:55.421     1     1 E qcom-llcc 19200000.cache-controller: invalid resource
01-04 08:09:55.421     1     1 E qcom-llcc 19200000.cache-controller: invalid resource
01-04 08:09:55.421     1     1 E qcom-llcc 19200000.cache-controller: invalid resource
01-04 08:09:55.422     1     1 I init    : Loaded kernel module /lib/modules/llcc-qcom.ko
01-04 08:09:55.422     1     1 I init    : Loading module /lib/modules/mac80211.ko with args ''
01-04 08:09:55.427     1     1 I init    : Loaded kernel module /lib/modules/mac80211.ko
01-04 08:09:55.427     1     1 I init    : Loading module /lib/modules/secure_buffer.ko with args ''
01-04 08:09:55.428     1     1 I init    : Loaded kernel module /lib/modules/secure_buffer.ko
01-04 08:09:55.428     1     1 I init    : Loading module /lib/modules/mem_buf_dev.ko with args ''
01-04 08:09:55.430     1     1 I init    : Loaded kernel module /lib/modules/mem_buf_dev.ko
01-04 08:09:55.430     1     1 I init    : Loading module /lib/modules/msm_dma_iommu_mapping.ko with args ''
01-04 08:09:55.431     1     1 I init    : Loaded kernel module /lib/modules/msm_dma_iommu_mapping.ko
01-04 08:09:55.431     1     1 I init    : Loading module /lib/modules/qcom_dma_heaps.ko with args ''
01-04 08:09:55.433     1     1 I qcom_system_heap_create: DMA-BUF Heap: Created 'qcom,system'
01-04 08:09:55.433     1     1 I qcom_system_heap_create: DMA-BUF Heap: Created 'system'
01-04 08:09:55.433     1     1 I qcom_secure_system_heap_create: DMA-BUF Heap: Created 'qcom,secure-pixel'
01-04 08:09:55.433     1     1 I qcom_secure_system_heap_create: DMA-BUF Heap: Created 'qcom,secure-non-pixel'
01-04 08:09:55.433     1     1 I platform soc: qcom,dma-heaps:qcom,adsp: assigned reserved memory node sdsp_region
01-04 08:09:55.433     1     1 I platform soc: qcom,dma-heaps:qcom,user_contig: assigned reserved memory node user_contig_region
01-04 08:09:55.433     1     1 I platform soc: qcom,dma-heaps:qcom,sp_hlos: assigned reserved memory node sp_region
01-04 08:09:55.433     1     1 I platform soc: qcom,dma-heaps:qcom,qseecom: assigned reserved memory node qseecom_region
01-04 08:09:55.433     1     1 I platform soc: qcom,dma-heaps:qcom,qseecom_ta: assigned reserved memory node qseecom_ta_region
01-04 08:09:55.433     1     1 I platform soc: qcom,dma-heaps:qcom,display: assigned reserved memory node non_secure_display_region
01-04 08:09:55.433     1     1 I platform soc: qcom,dma-heaps:qcom,demura: assigned reserved memory node demura_heap_region
01-04 08:09:55.433     1     1 I platform soc: qcom,dma-heaps:qcom,audio_ml: assigned reserved memory node audio_cma_region
01-04 08:09:55.460     1     1 I qcom_dma_heap_probe: DMA-BUF Heap: Created qcom,secure-cdsp
01-04 08:09:55.460     1     1 I qcom_dma_heap_probe: DMA-BUF Heap: Created qcom,adsp
01-04 08:09:55.460     1     1 I qcom_dma_heap_probe: DMA-BUF Heap: Created qcom,user-contig
01-04 08:09:55.460     1     1 I qcom_dma_heap_probe: DMA-BUF Heap: Created qcom,sp-hlos
01-04 08:09:55.460     1     1 I qcom_dma_heap_probe: DMA-BUF Heap: Created qcom,secure-sp-modem
01-04 08:09:55.461     1     1 I qcom_dma_heap_probe: DMA-BUF Heap: Created qcom,secure-sp-tz
01-04 08:09:55.461     1     1 I qcom_dma_heap_probe: DMA-BUF Heap: Created qcom,qseecom
01-04 08:09:55.461     1     1 I qcom_dma_heap_probe: DMA-BUF Heap: Created qcom,qseecom-ta
01-04 08:09:55.461     1     1 I qcom_dma_heap_probe: DMA-BUF Heap: Created qcom,display
01-04 08:09:55.461     1     1 I qcom_dma_heap_probe: DMA-BUF Heap: Created qcom,demura
01-04 08:09:55.461     1     1 I qcom_dma_heap_probe: DMA-BUF Heap: Created qcom,audio-ml
01-04 08:09:55.462     1     1 I init    : Loaded kernel module /lib/modules/qcom_dma_heaps.ko
01-04 08:09:55.462     1     1 I init    : Loading module /lib/modules/mem_buf.ko with args ''
01-04 08:09:55.463     1     1 I gh_msgq : Registered client for label: 1
01-04 08:09:55.463     1     1 I init    : Loaded kernel module /lib/modules/mem_buf.ko
01-04 08:09:55.463     1     1 I init    : Loading module /lib/modules/mem-hooks.ko with args ''
01-04 08:09:55.464     1     1 I init    : Loaded kernel module /lib/modules/mem-hooks.ko
01-04 08:09:55.464     1     1 I init    : Loading module /lib/modules/memory_dump_v2.ko with args ''
01-04 08:09:55.465     1     1 I msm_mem_dump soc: mem_dump: assigned reserved memory node mem_dump_region
01-04 08:09:55.470     1     1 I         : MSM Memory Dump apps data table set up
01-04 08:09:55.471     1     1 I init    : Loaded kernel module /lib/modules/memory_dump_v2.ko
01-04 08:09:55.471     1     1 I init    : Loading module /lib/modules/pinctrl-msm.ko with args ''
01-04 08:09:55.472     1     1 I init    : Loaded kernel module /lib/modules/pinctrl-msm.ko
01-04 08:09:55.472     1     1 I init    : Loading module /lib/modules/pinctrl-waipio.ko with args ''
01-04 08:09:55.473     1     1 I init    : Loaded kernel module /lib/modules/pinctrl-waipio.ko
01-04 08:09:55.473     1     1 I init    : Loading module /lib/modules/qnoc-qos.ko with args ''
01-04 08:09:55.474     1     1 I init    : Loaded kernel module /lib/modules/qnoc-qos.ko
01-04 08:09:55.474     1     1 I init    : Loading module /lib/modules/qnoc-waipio.ko with args ''
01-04 08:09:55.482     1     1 I init    : Loaded kernel module /lib/modules/qnoc-waipio.ko
01-04 08:09:55.482     1     1 I init    : Loading module /lib/modules/qti-fixed-regulator.ko with args ''
01-04 08:09:55.483     1     1 I init    : Loaded kernel module /lib/modules/qti-fixed-regulator.ko
01-04 08:09:55.483     1     1 I init    : Loading module /lib/modules/reboot-mode.ko with args ''
01-04 08:09:55.484     1     1 I init    : Loaded kernel module /lib/modules/reboot-mode.ko
01-04 08:09:55.484     1     1 I init    : Loading module /lib/modules/msm-geni-se.ko with args ''
01-04 08:09:55.485     1     1 I init    : Loaded kernel module /lib/modules/msm-geni-se.ko
01-04 08:09:55.485     1     1 I init    : Loading module /lib/modules/msm_geni_serial.ko with args ''
01-04 08:09:55.486   175   175 W qcom-bwmon: Zone thres larger than hw limit: hi:267 med:400 lo:0
01-04 08:09:55.487     1     1 I msm_geni_serial_init: Driver initialized
01-04 08:09:55.487     1     1 I init    : Loaded kernel module /lib/modules/msm_geni_serial.ko
01-04 08:09:55.487     1     1 I init    : Loading module /lib/modules/nvmem_qcom-spmi-sdam.ko with args ''
01-04 08:09:55.488     1     1 I init    : Loaded kernel module /lib/modules/nvmem_qcom-spmi-sdam.ko
01-04 08:09:55.488     1     1 I init    : Loading module /lib/modules/phy-generic.ko with args ''
01-04 08:09:55.489     1     1 W usb_phy_generic soc: usb_nop_phy: supply vcc not found, using dummy regulator
01-04 08:09:55.489     1     1 W usb_phy_generic soc: usb_nop_phy: dummy supplies not allowed for exclusive requests
01-04 08:09:55.489     1     1 I init    : Loaded kernel module /lib/modules/phy-generic.ko
01-04 08:09:55.489     1     1 I init    : Loading module /lib/modules/phy-qcom-ufs.ko with args ''
01-04 08:09:55.490     1     1 I init    : Loaded kernel module /lib/modules/phy-qcom-ufs.ko
01-04 08:09:55.490     1     1 I init    : Loading module /lib/modules/phy-qcom-ufs-qmp-v4-waipio.ko with args ''
01-04 08:09:55.491     1     1 I init    : Loaded kernel module /lib/modules/phy-qcom-ufs-qmp-v4-waipio.ko
01-04 08:09:55.491     1     1 I init    : Loading module /lib/modules/phy-qcom-ufs-qmp-v4-diwali.ko with args ''
01-04 08:09:55.492     1     1 I init    : Loaded kernel module /lib/modules/phy-qcom-ufs-qmp-v4-diwali.ko
01-04 08:09:55.492     1     1 I init    : Loading module /lib/modules/phy-qcom-ufs-qmp-v4-cape.ko with args ''
01-04 08:09:55.494     1     1 I init    : Loaded kernel module /lib/modules/phy-qcom-ufs-qmp-v4-cape.ko
01-04 08:09:55.494     1     1 I init    : Loading module /lib/modules/pinctrl-cape.ko with args ''
01-04 08:09:55.495     1     1 I init    : Loaded kernel module /lib/modules/pinctrl-cape.ko
01-04 08:09:55.495     1     1 I init    : Loading module /lib/modules/pinctrl-diwali.ko with args ''
01-04 08:09:55.496   175   175 I cam_avdd_front: supplied by pm8350c_bob
01-04 08:09:55.496   175   175 I cam_dvdd_front: supplied by pm8350_s12
01-04 08:09:55.496   175   175 I cam_avdd_tele: supplied by pm8350c_bob
01-04 08:09:55.496   175   175 I cam_afvdd_tele: supplied by pm8350c_bob
01-04 08:09:55.496   175   175 E msm_geni_serial 99c000.qcom,qup_uart: msm_geni_serial_probe, Console Disabled
01-04 08:09:55.496     1     1 I init    : Loaded kernel module /lib/modules/pinctrl-diwali.ko
01-04 08:09:55.496     1     1 I init    : Loading module /lib/modules/qcom-dload-mode.ko with args 'name=mini'
01-04 08:09:55.497     1     1 I init    : Loaded kernel module /lib/modules/qcom-dload-mode.ko
01-04 08:09:55.497     1     1 I init    : Loading module /lib/modules/qcom_gic_intr_routing.ko with args ''
01-04 08:09:55.498     1     1 I init    : Loaded kernel module /lib/modules/qcom_gic_intr_routing.ko
01-04 08:09:55.498     1     1 I init    : Loading module /lib/modules/qcom_iommu_util.ko with args ''
01-04 08:09:55.499     1     1 I qcom_dma_iommu soc: dma_dev@0x0: assigned reserved memory node linux,cma
01-04 08:09:55.500     1     1 I DMA     : preallocated 256 KiB pool for atomic allocations
01-04 08:09:55.500     1     1 I init    : Loaded kernel module /lib/modules/qcom_iommu_util.ko
01-04 08:09:55.500     1     1 I init    : Loading module /lib/modules/qcom_llcc_pmu.ko with args ''
01-04 08:09:55.501     1     1 I qcom-llcc-pmu 19095000.llcc-pmu: Registered llcc_pmu, type: 9
01-04 08:09:55.501     1     1 I init    : Loaded kernel module /lib/modules/qcom_llcc_pmu.ko
01-04 08:09:55.501     1     1 I init    : Loading module /lib/modules/qcom-pmu-lib.ko with args ''
01-04 08:09:55.507     1     1 I init    : Loaded kernel module /lib/modules/qcom-pmu-lib.ko
01-04 08:09:55.507     1     1 I init    : Loading module /lib/modules/pmu_vendor.ko with args ''
01-04 08:09:55.507     1     1 I init    : Loaded kernel module /lib/modules/pmu_vendor.ko
01-04 08:09:55.507     1     1 I init    : Loading module /lib/modules/pmu_scmi.ko with args ''
01-04 08:09:55.508     1     1 I init    : Loaded kernel module /lib/modules/pmu_scmi.ko
01-04 08:09:55.509     1     1 I init    : Loading module /lib/modules/qti-regmap-debugfs.ko with args ''
01-04 08:09:55.510     1     1 I init    : Loaded kernel module /lib/modules/qti-regmap-debugfs.ko
01-04 08:09:55.510     1     1 I init    : Loading module /lib/modules/regmap-spmi.ko with args ''
01-04 08:09:55.511     1     1 I init    : Loaded kernel module /lib/modules/regmap-spmi.ko
01-04 08:09:55.511     1     1 I init    : Loading module /lib/modules/qcom-spmi-pmic.ko with args ''
01-04 08:09:55.512     1     1 I init    : Loaded kernel module /lib/modules/qcom-spmi-pmic.ko
01-04 08:09:55.512     1     1 I init    : Loading module /lib/modules/spmi-pmic-arb.ko with args ''
01-04 08:09:55.513   175   175 I spmi-0  : PMIC arbiter version v7 (0x70000000)
01-04 08:09:55.518   175   175 E spmi-0  : pmic_arb_wait_for_done: transaction failed (0x3)
01-04 08:09:55.518   175   175 I spmi-1  : PMIC arbiter version v7 (0x70000000)
01-04 08:09:55.519     1     1 I init    : Loaded kernel module /lib/modules/spmi-pmic-arb.ko
01-04 08:09:55.519     1     1 I init    : Loading module /lib/modules/qcom-reboot-reason.ko with args ''
01-04 08:09:55.520     1     1 E         : update sw boot flag, ret = 1
01-04 08:09:55.520     1     1 I init    : Loaded kernel module /lib/modules/qcom-reboot-reason.ko
01-04 08:09:55.520     1     1 I init    : Loading module /lib/modules/qnoc-diwali.ko with args ''
01-04 08:09:55.522     1     1 I init    : Loaded kernel module /lib/modules/qnoc-diwali.ko
01-04 08:09:55.522     1     1 I init    : Loading module /lib/modules/qrtr.ko with args ''
01-04 08:09:55.523     1     1 I NET     : Registered protocol family 42
01-04 08:09:55.523     1     1 I init    : Loaded kernel module /lib/modules/qrtr.ko
01-04 08:09:55.523     1     1 I init    : Loading module /lib/modules/rtc-pm8xxx.ko with args ''
01-04 08:09:55.525     1     1 I rtc-pm8xxx c42d000.qcom,spmi: qcom,pmk8350@0:rtc@6100: registered as rtc0
01-04 08:09:55.525     1     1 I rtc-pm8xxx c42d000.qcom,spmi: qcom,pmk8350@0:rtc@6100: setting system clock to 1970-01-03T23:09:55 UTC (256195)
01-04 08:09:55.525     1     1 I init    : Loaded kernel module /lib/modules/rtc-pm8xxx.ko
01-04 08:09:55.525     1     1 I init    : Loading module /lib/modules/socinfo.ko with args ''
01-04 08:09:55.526     1     1 I         : v0.16, id=530, ver=1.0, raw_id=473, raw_ver=0, hw_plat=8, hw_plat_ver=65536
01-04 08:09:55.526     1     1 I         : accessory_chip=0, hw_plat_subtype=0, pmic_model=65583, pmic_die_revision=131072 foundry_id=1 serial_number=2156067137 num_pmics=6 chip_family=0x82 raw_device_family=0xa raw_device_number=0x8 nproduct_id=0x43b num_clusters=0x1 ncluster_array_offset=0xc0 num_defective_parts=0xf ndefective_parts_array_offset=0xc4 nmodem_supported=0xffffffff sku=CAPE-4294967294-AC
01-04 08:09:55.526     1     1 I init    : Loaded kernel module /lib/modules/socinfo.ko
01-04 08:09:55.526     1     1 I init    : Loading module /lib/modules/stub-regulator.ko with args ''
01-04 08:09:55.527     1     1 I init    : Loaded kernel module /lib/modules/stub-regulator.ko
01-04 08:09:55.527     1     1 I init    : Loading module /lib/modules/ufshcd-crypto-qti.ko with args ''
01-04 08:09:55.528     1     1 I init    : Loaded kernel module /lib/modules/ufshcd-crypto-qti.ko
01-04 08:09:55.528     1     1 I init    : Loading module /lib/modules/ufs_qcom.ko with args ''
01-04 08:09:55.530     1     1 I init    : Loaded kernel module /lib/modules/ufs_qcom.ko
01-04 08:09:55.530     1     1 I init    : Loading module /lib/modules/arm_smmu.ko with args ''
01-04 08:09:55.532     1     1 I arm-smmu 15000000.apps-smmu: coherent table walk
01-04 08:09:55.532     1     1 I arm-smmu 15000000.apps-smmu: stream matching with 113 register groups
01-04 08:09:55.534     1     1 I init    : Loaded kernel module /lib/modules/arm_smmu.ko
01-04 08:09:55.534     1     1 I init    : Loading module /lib/modules/qcom_aoss.ko with args ''
01-04 08:09:55.534     7     7 I qupv3_geni_se 9c0000.qcom,qupv3_0_geni_se: Adding to iommu group 0
01-04 08:09:55.535     7     7 I qupv3_geni_se ac0000.qcom,qupv3_1_geni_se: Adding to iommu group 1
01-04 08:09:55.535     1     1 I init    : Loaded kernel module /lib/modules/qcom_aoss.ko
01-04 08:09:55.535     1     1 I init    : Loading module /lib/modules/msm_qmp.ko with args ''
01-04 08:09:55.536     7     7 I qupv3_geni_se 8c0000.qcom,qupv3_2_geni_se: Adding to iommu group 2
01-04 08:09:55.537     7     7 I ufshcd-qcom 1d84000.ufshc: Adding to iommu group 3
01-04 08:09:55.537   207   207 E [207]   : __qmp_rx_worker: RX int without negotiation ack
01-04 08:09:55.537     1     1 I init    : Loaded kernel module /lib/modules/msm_qmp.ko
01-04 08:09:55.537     1     1 I init    : Loading module /lib/modules/qcom_rimps.ko with args ''
01-04 08:09:55.538     1     1 I init    : Loaded kernel module /lib/modules/qcom_rimps.ko
01-04 08:09:55.538     1     1 I init    : Loading module /lib/modules/c1dcvs_vendor.ko with args ''
01-04 08:09:55.538     7     7 I ufshcd-qcom 1d84000.ufshc: ufshcd_populate_vreg: unable to find vdd-hba-max-microamp
01-04 08:09:55.538     7     7 I ufshcd-qcom 1d84000.ufshc: ufshcd_populate_vreg: Unable to find vccq2-supply regulator, assuming enabled
01-04 08:09:55.539     1     1 I init    : Loaded kernel module /lib/modules/c1dcvs_vendor.ko
01-04 08:09:55.539     7     7 I ufshcd-qcom 1d84000.ufshc: ufs_qcom_parse_reg_info: Unable to find qcom,vccq-parent-supply regulator, assuming enabled
01-04 08:09:55.539     7     7 I ufshcd-qcom 1d84000.ufshc: ufs_qcom_parse_turbo_clk_freq multi_level_clk_scaling_support = 1
01-04 08:09:55.539     1     1 I init    : Loading module /lib/modules/c1dcvs_scmi.ko with args ''
01-04 08:09:55.539     7     7 I ufshcd-qcom 1d84000.ufshc: Found QC Inline Crypto Engine (ICE) v3.2.1
01-04 08:09:55.539     7     7 I ufshid_init: 681 info: HID_INIT_START
01-04 08:09:55.539     7     7 I ufshid_create_sysfs: 1221 info: ufshid creates sysfs ufshid 00000000eab009da dev->kobj 00000000c7bcfdd0
01-04 08:09:55.539     7     7 I ufshid_create_sysfs: 1228 info: ufshid sysfs attr creates: version
01-04 08:09:55.539     7     7 I ufshid_create_sysfs: 1228 info: ufshid sysfs attr creates: color
01-04 08:09:55.539     7     7 I ufshid_create_sysfs: 1228 info: ufshid sysfs attr creates: trigger
01-04 08:09:55.539     7     7 I ufshid_create_sysfs: 1228 info: ufshid sysfs attr creates: trigger_interval
01-04 08:09:55.539     7     7 I ufshid_create_sysfs: 1228 info: ufshid sysfs attr creates: debug
01-04 08:09:55.539     7     7 I ufshid_init: 710 info: UFS HID create sysfs finished
01-04 08:09:55.540     7     7 I scsi host0: ufshcd
01-04 08:09:55.540     1     1 I init    : Loaded kernel module /lib/modules/c1dcvs_scmi.ko
01-04 08:09:55.540     1     1 I init    : Loading module /lib/modules/bcl_pmic5.ko with args ''
01-04 08:09:55.541     7     7 I ufshid_reset: 741 info: reset completed.
01-04 08:09:55.543     1     1 I init    : Loaded kernel module /lib/modules/bcl_pmic5.ko
01-04 08:09:55.543     1     1 I init    : Loading module /lib/modules/nfc_i2c.ko with args ''
01-04 08:09:55.544     1     1 I init    : Loaded kernel module /lib/modules/nfc_i2c.ko
01-04 08:09:55.544     1     1 I init    : Loading module /lib/modules/mdt_loader.ko with args ''
01-04 08:09:55.545     1     1 I init    : Loaded kernel module /lib/modules/mdt_loader.ko
01-04 08:09:55.545     1     1 I init    : Loading module /lib/modules/msm_performance.ko with args ''
01-04 08:09:55.547     1     1 I init    : Loaded kernel module /lib/modules/msm_performance.ko
01-04 08:09:55.547     1     1 I init    : Loading module /lib/modules/nvmem_qfprom.ko with args ''
01-04 08:09:55.548     7     7 I msm_geni_serial 894000.qcom,qup_uart: Wakeup byte 0xfd
01-04 08:09:55.549     7     7 I msm_geni_serial 894000.qcom,qup_uart: Serial port0 added.FifoSize 64 is_console0
01-04 08:09:55.549     7     7 I 894000.qcom,qup_uart: ttyHS0 at MMIO 0x894000 (irq = 81, base_baud = 0) is a MSM
01-04 08:09:55.550     7     7 I tmecom-qmp-client soc: qcom,tmecom-qmp-client: tmecom probe success
01-04 08:09:55.550     7     7 I arm-scmi soc: qcom,scmi: SCMI Notifications - Core Enabled.
01-04 08:09:55.550     7     7 I arm-scmi soc: qcom,scmi: SCMI Protocol v2.0 'Qualcomm:' Firmware version 0x10000
01-04 08:09:55.551     7     7 E arm-scmi soc: qcom,scmi: version 1.0
01-04 08:09:55.560   201   201 E ufshcd-qcom 1d84000.ufshc: ufshcd_print_pwr_info:[RX, TX]: gear=[1, 1], lane[1, 1], pwr[SLOWAUTO_MODE, SLOWAUTO_MODE], rate = 0
01-04 08:09:55.612   201   201 E ufshcd-qcom 1d84000.ufshc: ufshcd_print_pwr_info:[RX, TX]: gear=[4, 4], lane[2, 2], pwr[FAST MODE, FAST MODE], rate = 2
01-04 08:09:55.613   201   201 E ufshcd-qcom 1d84000.ufshc: ufshcd_find_max_sup_active_icc_level: Regulator capability was not set, actvIccLevel=0
01-04 08:09:55.614   201   201 I ufshcd-qcom 1d84000.ufshc: ufshcd_wb_config: Write Booster Configured
01-04 08:09:55.615   201   201 I scsi 0  : 0:0:49488: Well-known LUN    SAMSUNG  KLUFG8RHGB-B0E1  0401 PQ: 0 ANSI: 6
01-04 08:09:55.617   201   201 I scsi 0  : 0:0:49476: Well-known LUN    SAMSUNG  KLUFG8RHGB-B0E1  0401 PQ: 0 ANSI: 6
01-04 08:09:55.618   201   201 I scsi 0  : 0:0:49456: Well-known LUN    SAMSUNG  KLUFG8RHGB-B0E1  0401 PQ: 0 ANSI: 6
01-04 08:09:55.620   201   201 I scsi 0  : 0:0:0: Direct-Access     SAMSUNG  KLUFG8RHGB-B0E1  0401 PQ: 0 ANSI: 6
01-04 08:09:55.621     0     0 W         : [    C7] sd 0:0:0:0: Power-on or device reset occurred
01-04 08:09:55.622   201   201 I scsi 0  : 0:0:1: Direct-Access     SAMSUNG  KLUFG8RHGB-B0E1  0401 PQ: 0 ANSI: 6
01-04 08:09:55.623     0     0 W         : [    C7] sd 0:0:0:1: Power-on or device reset occurred
01-04 08:09:55.623     7     7 I sd 0    : 0:0:0: [sda] 4096 4096-byte logical blocks: (16.8 MB/16.0 MiB)
01-04 08:09:55.623   201   201 I scsi 0  : 0:0:2: Direct-Access     SAMSUNG  KLUFG8RHGB-B0E1  0401 PQ: 0 ANSI: 6
01-04 08:09:55.624     7     7 I sd 0    : 0:0:0: [sda] Write Protect is off
01-04 08:09:55.624     7     7 D sd 0    : 0:0:0: [sda] Mode Sense: 00 32 00 10
01-04 08:09:55.624     7     7 I sd 0    : 0:0:0: [sda] Write cache: enabled, read cache: enabled, supports DPO and FUA
01-04 08:09:55.624     7     7 I sd 0    : 0:0:0: [sda] Optimal transfer size 524288 bytes
01-04 08:09:55.625     0     0 W         : [    C7] sd 0:0:0:2: Power-on or device reset occurred
01-04 08:09:55.625   201   201 I scsi 0  : 0:0:3: Direct-Access     SAMSUNG  KLUFG8RHGB-B0E1  0401 PQ: 0 ANSI: 6
01-04 08:09:55.626     9     9 I sd 0    : 0:0:1: [sdb] 2048 4096-byte logical blocks: (8.39 MB/8.00 MiB)
01-04 08:09:55.626     9     9 I sd 0    : 0:0:1: [sdb] Write Protect is off
01-04 08:09:55.626     9     9 D sd 0    : 0:0:1: [sdb] Mode Sense: 00 32 00 10
01-04 08:09:55.627     0     0 W         : [    C7] sd 0:0:0:3: Power-on or device reset occurred
01-04 08:09:55.627     9     9 I sd 0    : 0:0:1: [sdb] Write cache: enabled, read cache: enabled, supports DPO and FUA
01-04 08:09:55.627     9     9 I sd 0    : 0:0:1: [sdb] Optimal transfer size 524288 bytes
01-04 08:09:55.627   201   201 I scsi 0  : 0:0:4: Direct-Access     SAMSUNG  KLUFG8RHGB-B0E1  0401 PQ: 0 ANSI: 6
01-04 08:09:55.627   223   223 I sd 0    : 0:0:2: [sdc] 2048 4096-byte logical blocks: (8.39 MB/8.00 MiB)
01-04 08:09:55.627   223   223 I sd 0    : 0:0:2: [sdc] Write Protect is off
01-04 08:09:55.627   223   223 D sd 0    : 0:0:2: [sdc] Mode Sense: 00 32 00 10
01-04 08:09:55.627   223   223 I sd 0    : 0:0:2: [sdc] Write cache: enabled, read cache: enabled, supports DPO and FUA
01-04 08:09:55.627   223   223 I sd 0    : 0:0:2: [sdc] Optimal transfer size 524288 bytes
01-04 08:09:55.628     0     0 W         : [    C6] sd 0:0:0:4: Power-on or device reset occurred
01-04 08:09:55.628   224   224 I sd 0    : 0:0:3: [sdd] 307200 4096-byte logical blocks: (1.26 GB/1.17 GiB)
01-04 08:09:55.628   201   201 I scsi 0  : 0:0:5: Direct-Access     SAMSUNG  KLUFG8RHGB-B0E1  0401 PQ: 0 ANSI: 6
01-04 08:09:55.629   224   224 I sd 0    : 0:0:3: [sdd] Write Protect is off
01-04 08:09:55.629   224   224 D sd 0    : 0:0:3: [sdd] Mode Sense: 00 32 00 10
01-04 08:09:55.630   224   224 I sd 0    : 0:0:3: [sdd] Write cache: enabled, read cache: enabled, supports DPO and FUA
01-04 08:09:55.630     7     7 I sda     : sda1 sda2
01-04 08:09:55.630   224   224 I sd 0    : 0:0:3: [sdd] Optimal transfer size 524288 bytes
01-04 08:09:55.631     0     0 W         : [    C4] sd 0:0:0:5: Power-on or device reset occurred
01-04 08:09:55.631   175   175 I sd 0    : 0:0:4: [sde] 124336128 4096-byte logical blocks: (509 GB/474 GiB)
01-04 08:09:55.631   175   175 I sd 0    : 0:0:4: [sde] Write Protect is off
01-04 08:09:55.631   175   175 D sd 0    : 0:0:4: [sde] Mode Sense: 00 32 00 10
01-04 08:09:55.632   175   175 I sd 0    : 0:0:4: [sde] Write cache: enabled, read cache: enabled, supports DPO and FUA
01-04 08:09:55.633   175   175 I sd 0    : 0:0:4: [sde] Optimal transfer size 524288 bytes
01-04 08:09:55.633     9     9 I sdb     : sdb1 sdb2 sdb3 sdb4
01-04 08:09:55.633   201   201 I sd 0    : 0:0:5: [sdf] 307200 4096-byte logical blocks: (1.26 GB/1.17 GiB)
01-04 08:09:55.634   201   201 I sd 0    : 0:0:5: [sdf] Write Protect is off
01-04 08:09:55.634   201   201 D sd 0    : 0:0:5: [sdf] Mode Sense: 00 32 00 10
01-04 08:09:55.635   201   201 I sd 0    : 0:0:5: [sdf] Write cache: enabled, read cache: enabled, supports DPO and FUA
01-04 08:09:55.635   223   223 I sdc     : sdc1 sdc2 sdc3 sdc4
01-04 08:09:55.635   201   201 I sd 0    : 0:0:5: [sdf] Optimal transfer size 524288 bytes
01-04 08:09:55.636     7     7 I sd 0    : 0:0:0: [sda] Attached SCSI disk
01-04 08:09:55.637   224   224 I sdd     : sdd1 sdd2 sdd3 sdd4 sdd5 sdd6 sdd7 sdd8 sdd9 sdd10 sdd11 sdd12 sdd13 sdd14 sdd15 sdd16 sdd17 sdd18 sdd19 sdd20 sdd21 sdd22 sdd23 sdd24 sdd25 sdd26
01-04 08:09:55.637     9     9 I sd 0    : 0:0:1: [sdb] Attached SCSI disk
01-04 08:09:55.637   223   223 I sd 0    : 0:0:2: [sdc] Attached SCSI disk
01-04 08:09:55.638   175   175 I sde     : sde1 sde2 sde3 sde4 sde5 sde6 sde7 sde8 sde9 sde10 sde11 sde12 sde13 sde14 sde15 sde16 sde17 sde18 sde19 sde20 sde21 sde22 sde23 sde24 sde25 sde26 sde27 sde28 sde29 sde30 sde31 sde32
01-04 08:09:55.638   224   224 I sd 0    : 0:0:3: [sdd] Attached SCSI disk
01-04 08:09:55.638   201   201 I sdf     : sdf1 sdf2 sdf3 sdf4 sdf5 sdf6 sdf7 sdf8 sdf9 sdf10 sdf11 sdf12 sdf13 sdf14 sdf15 sdf16 sdf17 sdf18 sdf19 sdf20 sdf21 sdf22 sdf23 sdf24 sdf25 sdf26
01-04 08:09:55.639   175   175 I sd 0    : 0:0:4: [sde] Attached SCSI disk
01-04 08:09:55.639   201   201 I sd 0    : 0:0:5: [sdf] Attached SCSI disk
01-04 08:09:55.639     1     1 I init    : Loaded kernel module /lib/modules/nvmem_qfprom.ko
01-04 08:09:55.639     1     1 I init    : Loading module /lib/modules/msm_kgsl.ko with args ''
01-04 08:09:55.654     1     1 I init    : Loaded kernel module /lib/modules/msm_kgsl.ko
01-04 08:09:55.654     1     1 I init    : Loading module /lib/modules/msm_sysstats.ko with args ''
01-04 08:09:55.655     1     1 I         : registered sysstats version 2
01-04 08:09:55.655     1     1 I init    : Loaded kernel module /lib/modules/msm_sysstats.ko
01-04 08:09:55.655     1     1 I init    : Loading module /lib/modules/zsmalloc.ko with args ''
01-04 08:09:55.656     1     1 I init    : Loaded kernel module /lib/modules/zsmalloc.ko
01-04 08:09:55.656     1     1 I init    : Loading module /lib/modules/lzo.ko with args ''
01-04 08:09:55.657     1     1 I init    : Loaded kernel module /lib/modules/lzo.ko
01-04 08:09:55.657     1     1 I init    : Loading module /lib/modules/lzo-rle.ko with args ''
01-04 08:09:55.658     1     1 I init    : Loaded kernel module /lib/modules/lzo-rle.ko
01-04 08:09:55.658     1     1 I init    : Loading module /lib/modules/msm_show_resume_irq.ko with args ''
01-04 08:09:55.659     1     1 I init    : Loaded kernel module /lib/modules/msm_show_resume_irq.ko
01-04 08:09:55.659     1     1 I init    : Loading module /lib/modules/qcom_glink.ko with args ''
01-04 08:09:55.660     1     1 I init    : Loaded kernel module /lib/modules/qcom_glink.ko
01-04 08:09:55.660     1     1 I init    : Loading module /lib/modules/qcom_glink_smem.ko with args ''
01-04 08:09:55.661     1     1 I init    : Loaded kernel module /lib/modules/qcom_glink_smem.ko
01-04 08:09:55.661     1     1 I init    : Loading module /lib/modules/qcom_smd.ko with args ''
01-04 08:09:55.662     1     1 I init    : Loaded kernel module /lib/modules/qcom_smd.ko
01-04 08:09:55.662     1     1 I init    : Loading module /lib/modules/rproc_qcom_common.ko with args ''
01-04 08:09:55.663     1     1 I init    : Loaded kernel module /lib/modules/rproc_qcom_common.ko
01-04 08:09:55.663     1     1 I init    : Loading module /lib/modules/pci-msm-drv.ko with args ''
01-04 08:09:55.665     1     1 F pcie    : pcie_init.
01-04 08:09:55.665     1     1 I pci-msm 1c00000.qcom,pcie: PCIe: msm_pcie_probe
01-04 08:09:55.666     1     1 W pci-msm 1c00000.qcom,pcie: supply gdsc-phy-vdd not found, using dummy regulator
01-04 08:09:55.666     1     1 E msm_pcie_get_reg: PCIe: RC0: no mhi resource found.
01-04 08:09:55.666     1     1 E msm_pcie_get_reg: PCIe: RC0: no tcsr resource found.
01-04 08:09:55.666     1     1 E msm_pcie_get_reg: PCIe: RC0: no rumi resource found.
01-04 08:09:55.666     1     1 I init    : Loaded kernel module /lib/modules/pci-msm-drv.ko
01-04 08:09:55.666     1     1 I init    : Loading module /lib/modules/mhi.ko with args ''
01-04 08:09:55.668     1     1 I init    : Loaded kernel module /lib/modules/mhi.ko
01-04 08:09:55.668     1     1 I init    : Loading module /lib/modules/qmi_helpers.ko with args ''
01-04 08:09:55.669     1     1 I init    : Loaded kernel module /lib/modules/qmi_helpers.ko
01-04 08:09:55.669     1     1 I init    : Loading module /lib/modules/qcom_sysmon.ko with args ''
01-04 08:09:55.669     1     1 I init    : Loaded kernel module /lib/modules/qcom_sysmon.ko
01-04 08:09:55.669     1     1 I init    : Loading module /lib/modules/qcom_esoc.ko with args ''
01-04 08:09:55.671     1     1 I init    : Loaded kernel module /lib/modules/qcom_esoc.ko
01-04 08:09:55.671     1     1 I init    : Loading module /lib/modules/mhi_cntrl_qcom.ko with args ''
01-04 08:09:55.672     1     1 I init    : Loaded kernel module /lib/modules/mhi_cntrl_qcom.ko
01-04 08:09:55.672     1     1 I init    : Loading module /lib/modules/mhi_dev_dtr.ko with args ''
01-04 08:09:55.673     1     1 I init    : Loaded kernel module /lib/modules/mhi_dev_dtr.ko
01-04 08:09:55.673     1     1 I init    : Loading module /lib/modules/mhi_dev_uci.ko with args ''
01-04 08:09:55.674     1     1 I init    : Loaded kernel module /lib/modules/mhi_dev_uci.ko
01-04 08:09:55.674     1     1 I init    : Loading module /lib/modules/mhi_dev_netdev.ko with args ''
01-04 08:09:55.674     1     1 I init    : Loaded kernel module /lib/modules/mhi_dev_netdev.ko
01-04 08:09:55.674     1     1 I init    : Loading module /lib/modules/phy-qcom-ufs-qmp-v4-lahaina.ko with args ''
01-04 08:09:55.675     1     1 I init    : Loaded kernel module /lib/modules/phy-qcom-ufs-qmp-v4-lahaina.ko
01-04 08:09:55.675     1     1 I init    : Loading module /lib/modules/phy-qcom-ufs-qmp-v4-parrot.ko with args ''
01-04 08:09:55.676     1     1 I init    : Loaded kernel module /lib/modules/phy-qcom-ufs-qmp-v4-parrot.ko
01-04 08:09:55.676     1     1 I init    : Loading module /lib/modules/phy-qcom-ufs-qmp-v4-anarok.ko with args ''
01-04 08:09:55.677     1     1 I init    : Loaded kernel module /lib/modules/phy-qcom-ufs-qmp-v4-anarok.ko
01-04 08:09:55.677     1     1 I init    : Loading module /lib/modules/phy-qcom-ufs-qmp-v3.ko with args ''
01-04 08:09:55.678     1     1 I init    : Loaded kernel module /lib/modules/phy-qcom-ufs-qmp-v3.ko
01-04 08:09:55.678     1     1 I init    : Loading module /lib/modules/phy-qcom-ufs-qmp-14nm.ko with args ''
01-04 08:09:55.679     1     1 I init    : Loaded kernel module /lib/modules/phy-qcom-ufs-qmp-14nm.ko
01-04 08:09:55.679     1     1 I init    : Loading module /lib/modules/pinctrl-spmi-gpio.ko with args ''
01-04 08:09:55.682   227   227 I input   : gpio-keys as /devices/platform/soc/soc:gpio_keys/input/input0
01-04 08:09:55.684     1     1 E spmi-0  : pmic_arb_wait_for_done: transaction failed (0x3)
01-04 08:09:55.684     1     1 E qcom-spmi-gpio c42d000.qcom,spmi: qcom,pmr735b@5:pinctrl@8800: read 0x4 failed
01-04 08:09:55.684     1     1 W qcom-spmi-gpio: probe of c42d000.qcom,spmi:qcom,pmr735b@5:pinctrl@8800 failed with error -5
01-04 08:09:55.684     1     1 I init    : Loaded kernel module /lib/modules/pinctrl-spmi-gpio.ko
01-04 08:09:55.684     1     1 I init    : Loading module /lib/modules/pinctrl-spmi-mpp.ko with args ''
01-04 08:09:55.685     1     1 I init    : Loaded kernel module /lib/modules/pinctrl-spmi-mpp.ko
01-04 08:09:55.685     1     1 I init    : Loading module /lib/modules/qpnp-pbs.ko with args ''
01-04 08:09:55.686     1     1 I init    : Loaded kernel module /lib/modules/qpnp-pbs.ko
01-04 08:09:55.686     1     1 I init    : Loading module /lib/modules/pwm-qti-lpg.ko with args ''
01-04 08:09:55.687     1     1 I init    : Loaded kernel module /lib/modules/pwm-qti-lpg.ko
01-04 08:09:55.687     1     1 I init    : Loading module /lib/modules/camcc-waipio.ko with args ''
01-04 08:09:55.691     1     1 I cam_cc-waipio ade0000.clock-controller: Registered CAM CC clocks
01-04 08:09:55.691     1     1 I init    : Loaded kernel module /lib/modules/camcc-waipio.ko
01-04 08:09:55.691     1     1 I init    : Loading module /lib/modules/camcc-diwali.ko with args ''
01-04 08:09:55.692     1     1 I init    : Loaded kernel module /lib/modules/camcc-diwali.ko
01-04 08:09:55.692     1     1 I init    : Loading module /lib/modules/debugcc-diwali.ko with args ''
01-04 08:09:55.693     1     1 I init    : Loaded kernel module /lib/modules/debugcc-diwali.ko
01-04 08:09:55.693     1     1 I init    : Loading module /lib/modules/videocc-waipio.ko with args ''
01-04 08:09:55.695     1     1 I video_cc-waipio aaf0000.clock-controller: Registered VIDEO CC clocks
01-04 08:09:55.695     1     1 I init    : Loaded kernel module /lib/modules/videocc-waipio.ko
01-04 08:09:55.695     1     1 I init    : Loading module /lib/modules/gpucc-waipio.ko with args ''
01-04 08:09:55.697     1     1 I gpu_cc-waipio 3d90000.clock-controller: Registered GPU CC clocks
01-04 08:09:55.697     1     1 I init    : Loaded kernel module /lib/modules/gpucc-waipio.ko
01-04 08:09:55.697     1     1 I init    : Loading module /lib/modules/debugcc-waipio.ko with args ''
01-04 08:09:55.698   227   227 I arm-smmu 3da0000.kgsl-smmu: coherent table walk
01-04 08:09:55.698   227   227 I arm-smmu 3da0000.kgsl-smmu: stream matching with 24 register groups
01-04 08:09:55.699     1     1 I waipio-debugcc soc: clock-controller@0: Registered debug measure clocks
01-04 08:09:55.700   227   227 I adreno-gen7-gmu 3d68000.qcom,gmu: Adding to iommu group 4
01-04 08:09:55.700     1     1 I init    : Loaded kernel module /lib/modules/debugcc-waipio.ko
01-04 08:09:55.700     1     1 I init    : Loading module /lib/modules/gpucc-diwali.ko with args ''
01-04 08:09:55.701     1     1 I init    : Loaded kernel module /lib/modules/gpucc-diwali.ko
01-04 08:09:55.701     1     1 I init    : Loading module /lib/modules/videocc-diwali.ko with args ''
01-04 08:09:55.701   227   227 I kgsl-3d 3d00000.qcom,kgsl-3d0: bound 3d68000.qcom,gmu (ops gen7_gmu_component_ops [msm_kgsl])
01-04 08:09:55.702     1     1 I init    : Loaded kernel module /lib/modules/videocc-diwali.ko
01-04 08:09:55.702     1     1 I init    : Loading module /lib/modules/bam_dma.ko with args ''
01-04 08:09:55.702   227   227 I platform 3da0000.qcom,kgsl-iommu: gfx3d_user: Adding to iommu group 5
01-04 08:09:55.703   227   227 I platform 3da0000.qcom,kgsl-iommu: gfx3d_lpac: Adding to iommu group 6
01-04 08:09:55.704     1     1 I init    : Loaded kernel module /lib/modules/bam_dma.ko
01-04 08:09:55.704     1     1 I init    : Loading module /lib/modules/gpi.ko with args ''
01-04 08:09:55.705   227   227 I platform 3da0000.qcom,kgsl-iommu: gfx3d_secure: Adding to iommu group 7
01-04 08:09:55.705     1     1 I gpi_dma 900000.qcom,gpi-dma: Adding to iommu group 8
01-04 08:09:55.706     1     1 I gpi_dma a00000.qcom,gpi-dma: Adding to iommu group 9
01-04 08:09:55.706     1     1 I gpi_dma 800000.qcom,gpi-dma: Adding to iommu group 10
01-04 08:09:55.706     1     1 I init    : Loaded kernel module /lib/modules/gpi.ko
01-04 08:09:55.706     1     1 I init    : Loading module /lib/modules/pci-edma.ko with args ''
01-04 08:09:55.707     1     1 I init    : Loaded kernel module /lib/modules/pci-edma.ko
01-04 08:09:55.707     1     1 I init    : Loading module /lib/modules/qcom_cpuss_sleep_stats.ko with args ''
01-04 08:09:55.709     1     1 W qcom_cpuss_sleep_stats: probe of 17800054.cpuss-sleep-stats failed with error -22
01-04 08:09:55.709     1     1 I init    : Loaded kernel module /lib/modules/qcom_cpuss_sleep_stats.ko
01-04 08:09:55.709     1     1 I init    : Loading module /lib/modules/cdsp-loader.ko with args ''
01-04 08:09:55.709   227   227 I gpu_cc-waipio 3d90000.clock-controller: sync-state
01-04 08:09:55.710     1     1 E cdsp-loader soc: qcom,msm-cdsp-loader: cdsp_loader_probe: rproc not found
01-04 08:09:55.710     1     1 I init    : Loaded kernel module /lib/modules/cdsp-loader.ko
01-04 08:09:55.710     1     1 I init    : Loading module /lib/modules/qcom_ramdump.ko with args ''
01-04 08:09:55.711     1     1 I init    : Loaded kernel module /lib/modules/qcom_ramdump.ko
01-04 08:09:55.711     1     1 I init    : Loading module /lib/modules/pdr_interface.ko with args ''
01-04 08:09:55.712     1     1 I init    : Loaded kernel module /lib/modules/pdr_interface.ko
01-04 08:09:55.712     1     1 I init    : Loading module /lib/modules/heap_mem_ext_v01.ko with args ''
01-04 08:09:55.713     1     1 I init    : Loaded kernel module /lib/modules/heap_mem_ext_v01.ko
01-04 08:09:55.713     1     1 I init    : Loading module /lib/modules/msm_memshare.ko with args ''
01-04 08:09:55.714     1     1 I memshare soc: qcom,memshare:qcom,client_1: memshare: Continuing with allocation from CMA
01-04 08:09:55.714     1     1 E memshare soc: qcom,memshare: memshare: unable to create memshare ramdump device
01-04 08:09:55.714     1     1 E memshare soc: qcom,memshare: memshare_child: cannot create ramdump for client with id: 0
01-04 08:09:55.714   227   227 E cdsp-loader soc: qcom,msm-cdsp-loader: cdsp_loader_probe: rproc not found
01-04 08:09:55.714     1     1 I memshare soc: qcom,memshare:qcom,client_2: memshare: Continuing with allocation from CMA
01-04 08:09:55.714     1     1 E memshare soc: qcom,memshare: memshare: unable to create memshare ramdump device
01-04 08:09:55.714     1     1 E memshare soc: qcom,memshare: memshare_child: cannot create ramdump for client with id: 2
01-04 08:09:55.714   227   227 E cdsp-loader soc: qcom,msm-cdsp-loader: cdsp_loader_probe: rproc not found
01-04 08:09:55.714     1     1 I memshare soc: qcom,memshare:qcom,client_3: memshare: Continuing with allocation from CMA
01-04 08:09:55.714     1     1 E memshare soc: qcom,memshare: memshare: unable to create memshare ramdump device
01-04 08:09:55.714     1     1 E memshare soc: qcom,memshare: memshare_child: cannot create ramdump for client with id: 1
01-04 08:09:55.714   227   227 E cdsp-loader soc: qcom,msm-cdsp-loader: cdsp_loader_probe: rproc not found
01-04 08:09:55.714   227   227 E cdsp-loader soc: qcom,msm-cdsp-loader: cdsp_loader_probe: rproc not found
01-04 08:09:55.714     1     1 I init    : Loaded kernel module /lib/modules/msm_memshare.ko
01-04 08:09:55.714     1     1 I init    : Loading module /lib/modules/boot_stats.ko with args ''
01-04 08:09:55.715     1     1 I KPI     : Bootloader start count = 76175
01-04 08:09:55.715     1     1 I KPI     : Bootloader end count = 330674
01-04 08:09:55.715     1     1 I KPI     : Bootloader display count = 3653383417
01-04 08:09:55.715     1     1 I KPI     : Bootloader load kernel count = 3972055762
01-04 08:09:55.715     1     1 I KPI     : Kernel MPM timestamp = 373004
01-04 08:09:55.715     1     1 I KPI     : Kernel MPM Clock frequency = 32768
01-04 08:09:55.715     1     1 I init    : Loaded kernel module /lib/modules/boot_stats.ko
01-04 08:09:55.715     1     1 I init    : Loading module /lib/modules/smp2p.ko with args ''
01-04 08:09:55.716   227   227 E cdsp-loader soc: qcom,msm-cdsp-loader: cdsp_loader_probe: rproc not found
01-04 08:09:55.717   227   227 E cdsp-loader soc: qcom,msm-cdsp-loader: cdsp_loader_probe: rproc not found
01-04 08:09:55.717   227   227 E cdsp-loader soc: qcom,msm-cdsp-loader: cdsp_loader_probe: rproc not found
01-04 08:09:55.717   227   227 E cdsp-loader soc: qcom,msm-cdsp-loader: cdsp_loader_probe: rproc not found
01-04 08:09:55.717     1     1 I init    : Loaded kernel module /lib/modules/smp2p.ko
01-04 08:09:55.717     1     1 I init    : Loading module /lib/modules/soc_sleep_stats.ko with args ''
01-04 08:09:55.718   227   227 E cdsp-loader soc: qcom,msm-cdsp-loader: cdsp_loader_probe: rproc not found
01-04 08:09:55.719     1     1 I init    : Loaded kernel module /lib/modules/soc_sleep_stats.ko
01-04 08:09:55.719     1     1 I init    : Loading module /lib/modules/subsystem_sleep_stats.ko with args ''
01-04 08:09:55.720   227   227 E cdsp-loader soc: qcom,msm-cdsp-loader: cdsp_loader_probe: rproc not found
01-04 08:09:55.720     1     1 I init    : Loaded kernel module /lib/modules/subsystem_sleep_stats.ko
01-04 08:09:55.720     1     1 I init    : Loading module /lib/modules/adsp_sleepmon.ko with args ''
01-04 08:09:55.721     1     1 I init    : Loaded kernel module /lib/modules/adsp_sleepmon.ko
01-04 08:09:55.721     1     1 I init    : Loading module /lib/modules/sysmon_subsystem_stats.ko with args ''
01-04 08:09:55.722     1     1 I init    : Loaded kernel module /lib/modules/sysmon_subsystem_stats.ko
01-04 08:09:55.722     1     1 I init    : Loading module /lib/modules/qsee_ipc_irq_bridge.ko with args ''
01-04 08:09:55.723   227   227 E cdsp-loader soc: qcom,msm-cdsp-loader: cdsp_loader_probe: rproc not found
01-04 08:09:55.723     1     1 I init    : Loaded kernel module /lib/modules/qsee_ipc_irq_bridge.ko
01-04 08:09:55.723     1     1 I init    : Loading module /lib/modules/core_hang_detect.ko with args ''
01-04 08:09:55.724   227   227 E cdsp-loader soc: qcom,msm-cdsp-loader: cdsp_loader_probe: rproc not found
01-04 08:09:55.724     1     1 I init    : Loaded kernel module /lib/modules/core_hang_detect.ko
01-04 08:09:55.724     1     1 I init    : Loading module /lib/modules/rq_stats.ko with args ''
01-04 08:09:55.725     1     1 I init    : Loaded kernel module /lib/modules/rq_stats.ko
01-04 08:09:55.725     1     1 I init    : Loading module /lib/modules/dcc_v2.ko with args ''
01-04 08:09:55.740     1     1 E msm-dcc 100ff000.dcc_v2: DCC list passed 4
01-04 08:09:55.740     1     1 I msm-dcc 100ff000.dcc_v2: All values written to enable.
01-04 08:09:55.740     1     1 E msm-dcc 100ff000.dcc_v2: DCC list passed 6
01-04 08:09:55.741     1     1 I msm-dcc 100ff000.dcc_v2: All values written to enable.
01-04 08:09:55.741   227   227 E cdsp-loader soc: qcom,msm-cdsp-loader: cdsp_loader_probe: rproc not found
01-04 08:09:55.741     1     1 I init    : Loaded kernel module /lib/modules/dcc_v2.ko
01-04 08:09:55.741     1     1 I init    : Loading module /lib/modules/qseecom-mod.ko with args ''
01-04 08:09:55.744     1     1 I qseecom soc: qseecom@c1700000: assigned reserved memory node qseecom_region
01-04 08:09:55.744     1     1 I QSEECOM : qseecom_scm_call2: svc_id = 0x6, tz_cmd_id = 0x3, qseos_cmd_id = 0xa, smc_id = 0x2000603, param_id = 0x1
01-04 08:09:55.744     1     1 I QSEECOM : qseecom_scm_call2: scm_resp->result = 0x1402000, scm_resp->resp_type = 0x0, scm_resp->data = 0x0
01-04 08:09:55.744     1     1 I QSEECOM : qseecom_init_control: qseecom.qsee_version = 0x1402000
01-04 08:09:55.744     1     1 W QSEECOM : qseecom_retrieve_ce_data: Device does not support PFE/FDE
01-04 08:09:55.744   227   227 E cdsp-loader soc: qcom,msm-cdsp-loader: cdsp_loader_probe: rproc not found
01-04 08:09:55.744     1     1 I init    : Loaded kernel module /lib/modules/qseecom-mod.ko
01-04 08:09:55.744     1     1 I init    : Loading module /lib/modules/smcinvoke_mod.ko with args ''
01-04 08:09:55.745   227   227 E cdsp-loader soc: qcom,msm-cdsp-loader: cdsp_loader_probe: rproc not found
01-04 08:09:55.746     1     1 I init    : Loaded kernel module /lib/modules/smcinvoke_mod.ko
01-04 08:09:55.746     1     1 I init    : Loading module /lib/modules/microdump_collector.ko with args ''
01-04 08:09:55.747   227   227 E cdsp-loader soc: qcom,msm-cdsp-loader: cdsp_loader_probe: rproc not found
01-04 08:09:55.747     1     1 I init    : Loaded kernel module /lib/modules/microdump_collector.ko
01-04 08:09:55.747     1     1 I init    : module llcc_perfmon is blocklisted
01-04 08:09:55.747     1     1 E init    : LoadWithAliases was unable to load llcc_perfmon
01-04 08:09:55.747     1     1 I init    : Loading module /lib/modules/smp2p_sleepstate.ko with args ''
01-04 08:09:55.748   227   227 E cdsp-loader soc: qcom,msm-cdsp-loader: cdsp_loader_probe: rproc not found
01-04 08:09:55.748     1     1 I init    : Loaded kernel module /lib/modules/smp2p_sleepstate.ko
01-04 08:09:55.748     1     1 I init    : Loading module /lib/modules/sensors_ssc.ko with args ''
01-04 08:09:55.749     1     1 E sensors-ssc soc: qcom,msm-ssc-sensors: fail to get rproc
01-04 08:09:55.749     1     1 I init    : Loaded kernel module /lib/modules/sensors_ssc.ko
01-04 08:09:55.749     1     1 I init    : Loading module /lib/modules/glink_pkt.ko with args ''
01-04 08:09:55.751   227   227 E cdsp-loader soc: qcom,msm-cdsp-loader: cdsp_loader_probe: rproc not found
01-04 08:09:55.751   227   227 E sensors-ssc soc: qcom,msm-ssc-sensors: fail to get rproc
01-04 08:09:55.751     1     1 I init    : Loaded kernel module /lib/modules/glink_pkt.ko
01-04 08:09:55.751     1     1 I init    : Loading module /lib/modules/qcom_glink_spss.ko with args ''
01-04 08:09:55.752     1     1 I init    : Loaded kernel module /lib/modules/qcom_glink_spss.ko
01-04 08:09:55.752     1     1 I init    : Loading module /lib/modules/glink_probe.ko with args ''
01-04 08:09:55.753   227   227 E cdsp-loader soc: qcom,msm-cdsp-loader: cdsp_loader_probe: rproc not found
01-04 08:09:55.753   227   227 E sensors-ssc soc: qcom,msm-ssc-sensors: fail to get rproc
01-04 08:09:55.753     1     1 I init    : Loaded kernel module /lib/modules/glink_probe.ko
01-04 08:09:55.753     1     1 I init    : Loading module /lib/modules/pmic_glink.ko with args ''
01-04 08:09:55.754     1     1 I PMIC_GLINK: pmic_glink_probe: Registering PDR for path_name: msm/adsp/charger_pd service_name: tms/servreg
01-04 08:09:55.754     1     1 I PMIC_GLINK: pmic_glink_probe: PMIC_RTR_ADSP_APPS probed successfully
01-04 08:09:55.754   227   227 E cdsp-loader soc: qcom,msm-cdsp-loader: cdsp_loader_probe: rproc not found
01-04 08:09:55.754     1     1 I PMIC_GLINK: pmic_glink_probe: PMIC_LOGS_ADSP_APPS probed successfully
01-04 08:09:55.754   227   227 E sensors-ssc soc: qcom,msm-ssc-sensors: fail to get rproc
01-04 08:09:55.754   227   227 E cdsp-loader soc: qcom,msm-cdsp-loader: cdsp_loader_probe: rproc not found
01-04 08:09:55.754     1     1 I init    : Loaded kernel module /lib/modules/pmic_glink.ko
01-04 08:09:55.755     1     1 I init    : Loading module /lib/modules/qti_battery_debug.ko with args ''
01-04 08:09:55.756     1     1 I init    : Loaded kernel module /lib/modules/qti_battery_debug.ko
01-04 08:09:55.756     1     1 I init    : Loading module /lib/modules/charger-ulog-glink.ko with args ''
01-04 08:09:55.757     1     1 I init    : Loaded kernel module /lib/modules/charger-ulog-glink.ko
01-04 08:09:55.757     1     1 I init    : Loading module /lib/modules/altmode-glink.ko with args ''
01-04 08:09:55.758     1     1 I init    : Loaded kernel module /lib/modules/altmode-glink.ko
01-04 08:09:55.758     1     1 I init    : Loading module /lib/modules/pmic-pon-log.ko with args ''
01-04 08:09:55.759     1     1 I         : PMIC PON log: PON Trigger: KPDPWR_N
01-04 08:09:55.759     1     1 I         : PMIC PON log: PON Trigger: HARD_RESET
01-04 08:09:55.759     1     1 I         : PMIC PON log: Reset Trigger: PS_HOLD
01-04 08:09:55.759     1     1 I         : PMIC PON log: Reset Type: SHUTDOWN
01-04 08:09:55.759     1     1 I         : PMIC PON log: PON Trigger: KPDPWR_N
01-04 08:09:55.759     1     1 I         : PMIC PON log: Reset Trigger: PS_HOLD
01-04 08:09:55.759     1     1 I         : PMIC PON log: Reset Type: HARD_RESET
01-04 08:09:55.759     1     1 I         : PMIC PON log: PON Trigger: USB_CHARGER
01-04 08:09:55.759     1     1 I         : PMIC PON log: PON Trigger: HARD_RESET
01-04 08:09:55.759     1     1 I init    : Loaded kernel module /lib/modules/pmic-pon-log.ko
01-04 08:09:55.759   227   227 E sensors-ssc soc: qcom,msm-ssc-sensors: fail to get rproc
01-04 08:09:55.759   227   227 E cdsp-loader soc: qcom,msm-cdsp-loader: cdsp_loader_probe: rproc not found
01-04 08:09:55.759     1     1 I init    : Loading module /lib/modules/qcom_spss.ko with args ''
01-04 08:09:55.760     1     1 I remoteproc0: 188101c.remoteproc-spss is available
01-04 08:09:55.760   227   227 E sensors-ssc soc: qcom,msm-ssc-sensors: fail to get rproc
01-04 08:09:55.760   227   227 E cdsp-loader soc: qcom,msm-cdsp-loader: cdsp_loader_probe: rproc not found
01-04 08:09:55.761     1     1 I init    : Loaded kernel module /lib/modules/qcom_spss.ko
01-04 08:09:55.761     1     1 I init    : Loading module /lib/modules/spss_utils.ko with args ''
01-04 08:09:55.761     1     1 I spss_utils [spss_parse_dt]: iar_buf_addr [0x8bafb000].
01-04 08:09:55.761     1     1 I spss_utils [spss_probe]: Probe completed successfully, [spss1p.mdt].
01-04 08:09:55.761   227   227 E sensors-ssc soc: qcom,msm-ssc-sensors: fail to get rproc
01-04 08:09:55.762   227   227 E cdsp-loader soc: qcom,msm-cdsp-loader: cdsp_loader_probe: rproc not found
01-04 08:09:55.762     1     1 I init    : Loaded kernel module /lib/modules/spss_utils.ko
01-04 08:09:55.762     1     1 I init    : Loading module /lib/modules/spcom.ko with args ''
01-04 08:09:55.763     1     1 I spcom   : spcom_probe: Driver Initialization completed ok
01-04 08:09:55.763   227   227 E sensors-ssc soc: qcom,msm-ssc-sensors: fail to get rproc
01-04 08:09:55.763   227   227 E cdsp-loader soc: qcom,msm-cdsp-loader: cdsp_loader_probe: rproc not found
01-04 08:09:55.763     1     1 I init    : Loaded kernel module /lib/modules/spcom.ko
