01-04 08:09:55.763     1     1 I init    : Loading module /lib/modules/cdsprm.ko with args ''
01-04 08:09:55.764     1     1 I cdsprm  : Init successful
01-04 08:09:55.764     1     1 I init    : Loaded kernel module /lib/modules/cdsprm.ko
01-04 08:09:55.764     1     1 I init    : Loading module /lib/modules/ucsi_glink.ko with args ''
01-04 08:09:55.765     1     1 I init    : Loaded kernel module /lib/modules/ucsi_glink.ko
01-04 08:09:55.765     1     1 I init    : Loading module /lib/modules/fsa4480-i2c.ko with args 'async_probe=1'
01-04 08:09:56.611   455   455 E SELinux : avc:  denied  { add } for interface=android.hidl.base::IBase sid=u:r:recovery:s0 pid=455 scontext=u:r:recovery:s0 tcontext=u:object_r:hidl_base_hwservice:s0 tclass=hwservice_manager permissive=1
01-04 08:09:56.611   455   455 E SELinux : avc:  denied  { add } for interface=android.hidl.manager::IServiceManager sid=u:r:recovery:s0 pid=455 scontext=u:r:recovery:s0 tcontext=u:object_r:hidl_manager_hwservice:s0 tclass=hwservice_manager permissive=1
01-04 08:09:56.611   455   455 I hwservicemanager: getFrameworkHalManifest: Reading VINTF information.
01-04 08:09:56.611   455   455 I hwservicemanager: getDeviceHalManifest: Reading VINTF information.
01-04 08:09:55.766     1     1 I init    : Loaded kernel module /lib/modules/fsa4480-i2c.ko
01-04 08:09:55.766     1     1 I init    : Loading module /lib/modules/msm_show_epoch.ko with args ''
01-04 08:09:55.767     1     1 I init    : Loaded kernel module /lib/modules/msm_show_epoch.ko
01-04 08:09:55.767     1     1 I init    : Loading module /lib/modules/eud.ko with args ''
01-04 08:09:55.768     1     1 I 88e0000.qcom,msm-eud: ttyEUD0 at MMIO 0x0 (irq = 294, base_baud = 0) is a EUD UART
01-04 08:09:55.768   227   227 E sensors-ssc soc: qcom,msm-ssc-sensors: fail to get rproc
01-04 08:09:55.768   227   227 E cdsp-loader soc: qcom,msm-cdsp-loader: cdsp_loader_probe: rproc not found
01-04 08:09:55.768     1     1 I init    : Loaded kernel module /lib/modules/eud.ko
01-04 08:09:55.768     1     1 I init    : Loading module /lib/modules/guestvm_loader.ko with args ''
01-04 08:09:55.769     1     1 E guestvm_loader_probe: no isolation needed for cpusys_vm
01-04 08:09:55.769   227   227 E sensors-ssc soc: qcom,msm-ssc-sensors: fail to get rproc
01-04 08:09:55.770   227   227 E cdsp-loader soc: qcom,msm-cdsp-loader: cdsp_loader_probe: rproc not found
01-04 08:09:55.770     1     1 I init    : Loaded kernel module /lib/modules/guestvm_loader.ko
01-04 08:09:55.770     1     1 I init    : Loading module /lib/modules/hyp_core_ctl.ko with args ''
01-04 08:09:55.771   201   201 E sensors-ssc soc: qcom,msm-ssc-sensors: fail to get rproc
01-04 08:09:55.771   201   201 E cdsp-loader soc: qcom,msm-cdsp-loader: cdsp_loader_probe: rproc not found
01-04 08:09:55.771     1     1 I init    : Loaded kernel module /lib/modules/hyp_core_ctl.ko
01-04 08:09:55.771     1     1 I init    : Loading module /lib/modules/qbt_handler.ko with args ''
01-04 08:09:55.772     1     1 D qbt     : qbt_handler_init: entry
01-04 08:09:55.772     1     1 I init    : Loaded kernel module /lib/modules/qbt_handler.ko
01-04 08:09:55.772     1     1 I init    : Loading module /lib/modules/qcom_soc_wdt.ko with args ''
01-04 08:09:55.773     1     1 I init    : Loaded kernel module /lib/modules/qcom_soc_wdt.ko
01-04 08:09:55.773     1     1 I init    : Loading module /lib/modules/sys_pm_vx.ko with args ''
01-04 08:09:55.774   201   201 E sensors-ssc soc: qcom,msm-ssc-sensors: fail to get rproc
01-04 08:09:55.774   201   201 E cdsp-loader soc: qcom,msm-cdsp-loader: cdsp_loader_probe: rproc not found
01-04 08:09:55.774     1     1 I init    : Loaded kernel module /lib/modules/sys_pm_vx.ko
01-04 08:09:55.774     1     1 I init    : Loading module /lib/modules/msm_ext_display.ko with args ''
01-04 08:09:55.775     1     1 I msm_ext_disp_init: msm_ext_disp_init
01-04 08:09:55.775     1     1 I msm_ext_disp_extcon_register: extcon registration done
01-04 08:09:55.775     1     1 I msm_ext_disp_extcon_register: extcon registration done
01-04 08:09:55.775     1     1 I msm_ext_disp_probe: msm_ext_disp_probe: Added child devices.
01-04 08:09:55.775   201   201 E sensors-ssc soc: qcom,msm-ssc-sensors: fail to get rproc
01-04 08:09:55.775   201   201 E cdsp-loader soc: qcom,msm-cdsp-loader: cdsp_loader_probe: rproc not found
01-04 08:09:55.775     1     1 I init    : Loaded kernel module /lib/modules/msm_ext_display.ko
01-04 08:09:55.775     1     1 I init    : Loading module /lib/modules/qti-adc-tm.ko with args ''
01-04 08:09:55.776     1     1 I init    : Loaded kernel module /lib/modules/qti-adc-tm.ko
01-04 08:09:55.777     1     1 I init    : Loading module /lib/modules/wlan_firmware_service.ko with args ''
01-04 08:09:55.778     1     1 I init    : Loaded kernel module /lib/modules/wlan_firmware_service.ko
01-04 08:09:55.778     1     1 I init    : Loading module /lib/modules/icnss2.ko with args ''
01-04 08:09:55.781     1     1 I init    : Loaded kernel module /lib/modules/icnss2.ko
01-04 08:09:55.781     1     1 I init    : Loading module /lib/modules/rimps_log.ko with args ''
01-04 08:09:55.782     1     1 I rimps-log 17d09c00.qcom,rimps_log: RIMPS logging initialized
01-04 08:09:55.782   201   201 E sensors-ssc soc: qcom,msm-ssc-sensors: fail to get rproc
01-04 08:09:55.782   201   201 E cdsp-loader soc: qcom,msm-cdsp-loader: cdsp_loader_probe: rproc not found
01-04 08:09:55.782     1     1 I init    : Loaded kernel module /lib/modules/rimps_log.ko
01-04 08:09:55.782     1     1 I init    : Loading module /lib/modules/plh_vendor.ko with args ''
01-04 08:09:55.783     1     1 I init    : Loaded kernel module /lib/modules/plh_vendor.ko
01-04 08:09:55.783     1     1 I init    : Loading module /lib/modules/plh_scmi.ko with args ''
01-04 08:09:55.784     1     1 I init    : Loaded kernel module /lib/modules/plh_scmi.ko
01-04 08:09:55.784   201   201 E sensors-ssc soc: qcom,msm-ssc-sensors: fail to get rproc
01-04 08:09:55.784     1     1 I init    : Loading module /lib/modules/gplaf_vendor.ko with args ''
01-04 08:09:55.784   201   201 E cdsp-loader soc: qcom,msm-cdsp-loader: cdsp_loader_probe: rproc not found
01-04 08:09:55.785     1     1 I init    : Loaded kernel module /lib/modules/gplaf_vendor.ko
01-04 08:09:55.785     1     1 I init    : Loading module /lib/modules/gplaf_scmi.ko with args ''
01-04 08:09:55.786     1     1 E arm-scmi soc: qcom,scmi: Failed. SCMI protocol 133 not active.
01-04 08:09:55.786     1     1 I init    : Loaded kernel module /lib/modules/gplaf_scmi.ko
01-04 08:09:55.786     1     1 I init    : Loading module /lib/modules/shared_rail_vendor.ko with args ''
01-04 08:09:55.787     1     1 I init    : Loaded kernel module /lib/modules/shared_rail_vendor.ko
01-04 08:09:55.787     1     1 I init    : Loading module /lib/modules/shared_rail_scmi.ko with args ''
01-04 08:09:55.787     1     1 E arm-scmi soc: qcom,scmi: Failed. SCMI protocol 136 not active.
01-04 08:09:55.787     1     1 I init    : Loaded kernel module /lib/modules/shared_rail_scmi.ko
01-04 08:09:55.787     1     1 I init    : Loading module /lib/modules/ssusb-redriver-ps5169.ko with args ''
01-04 08:09:55.789     1     1 I init    : Loaded kernel module /lib/modules/ssusb-redriver-ps5169.ko
01-04 08:09:55.789     1     1 I init    : Loading module /lib/modules/phy-msm-snps-hs.ko with args ''
01-04 08:09:55.790     1     1 I init    : Loaded kernel module /lib/modules/phy-msm-snps-hs.ko
01-04 08:09:55.790     1     1 I init    : Loading module /lib/modules/repeater.ko with args ''
01-04 08:09:55.791     1     1 I init    : Loaded kernel module /lib/modules/repeater.ko
01-04 08:09:55.791     1     1 I init    : Loading module /lib/modules/phy-msm-snps-eusb2.ko with args ''
01-04 08:09:55.792     1     1 I init    : Loaded kernel module /lib/modules/phy-msm-snps-eusb2.ko
01-04 08:09:55.792     1     1 I init    : Loading module /lib/modules/phy-msm-ssusb-qmp.ko with args ''
01-04 08:09:55.793     1     1 W msm-usb-ssphy-qmp 88e8000.ssphy: supply usb3_dp_phy_gdsc not found, using dummy regulator
01-04 08:09:55.793   227   227 E sensors-ssc soc: qcom,msm-ssc-sensors: fail to get rproc
01-04 08:09:55.793     1     1 I init    : Loaded kernel module /lib/modules/phy-msm-ssusb-qmp.ko
01-04 08:09:55.793     1     1 I init    : Loading module /lib/modules/dwc3-msm.ko with args ''
01-04 08:09:55.793   227   227 E cdsp-loader soc: qcom,msm-cdsp-loader: cdsp_loader_probe: rproc not found
01-04 08:09:55.837     1     1 E         : register_kretprobe failed, returned -2
01-04 08:09:55.837     1     1 I Minidump: Entry name already exist.
01-04 08:09:55.837     1     1 E         : Failed to register log buffer a600000_ssusb_3 in Minidump ret -17
01-04 08:09:55.837     1     1 I Minidump: Entry name already exist.
01-04 08:09:55.837     1     1 E         : Failed to register log buffer a600000_ssusb_3 in Minidump ret -17
01-04 08:09:55.837     1     1 I Minidump: Entry name already exist.
01-04 08:09:55.837     1     1 E         : Failed to register log buffer a600000_ssusb_3 in Minidump ret -17
01-04 08:09:55.837     1     1 I Minidump: Entry name already exist.
01-04 08:09:55.837     1     1 E         : Failed to register log buffer a600000_ssusb_3 in Minidump ret -17
01-04 08:09:55.837     1     1 I Minidump: Entry name already exist.
01-04 08:09:55.837     1     1 E         : Failed to register log buffer a600000_ssusb_3 in Minidump ret -17
01-04 08:09:55.837     1     1 I Minidump: Entry name already exist.
01-04 08:09:55.837     1     1 E         : Failed to register log buffer a600000_ssusb_3 in Minidump ret -17
01-04 08:09:55.837     1     1 I Minidump: Entry name already exist.
01-04 08:09:55.837     1     1 E         : Failed to register log buffer a600000_ssusb_3 in Minidump ret -17
01-04 08:09:55.837     1     1 I Minidump: Entry name already exist.
01-04 08:09:55.837     1     1 E         : Failed to register log buffer a600000_ssusb_3 in Minidump ret -17
01-04 08:09:55.837     1     1 I Minidump: Entry name already exist.
01-04 08:09:55.837     1     1 E         : Failed to register log buffer a600000_ssusb_3 in Minidump ret -17
01-04 08:09:55.837     1     1 I Minidump: Entry name already exist.
01-04 08:09:55.837     1     1 E         : Failed to register log buffer a600000_ssusb_3 in Minidump ret -17
01-04 08:09:55.837     1     1 I Minidump: Entry name already exist.
01-04 08:09:55.837     1     1 E         : Failed to register log buffer a600000_ssusb_3 in Minidump ret -17
01-04 08:09:55.837     1     1 I Minidump: Entry name already exist.
01-04 08:09:55.837     1     1 E         : Failed to register log buffer a600000_ssusb_reg_dumps_4 in Minidump ret -17
01-04 08:09:55.837     1     1 I Minidump: Entry name already exist.
01-04 08:09:55.837     1     1 E         : Failed to register log buffer a600000_ssusb_reg_dumps_4 in Minidump ret -17
01-04 08:09:55.837     1     1 I Minidump: Entry name already exist.
01-04 08:09:55.837     1     1 E         : Failed to register log buffer a600000_ssusb_reg_dumps_4 in Minidump ret -17
01-04 08:09:55.837     1     1 I Minidump: Entry name already exist.
01-04 08:09:55.837     1     1 E         : Failed to register log buffer a600000_ssusb_reg_dumps_4 in Minidump ret -17
01-04 08:09:55.837     1     1 I Minidump: Entry name already exist.
01-04 08:09:55.837     1     1 E         : Failed to register log buffer a600000_ssusb_reg_dumps_4 in Minidump ret -17
01-04 08:09:55.837     1     1 I Minidump: Entry name already exist.
01-04 08:09:55.837     1     1 E         : Failed to register log buffer a600000_ssusb_reg_dumps_4 in Minidump ret -17
01-04 08:09:55.837     1     1 I Minidump: Entry name already exist.
01-04 08:09:55.837     1     1 E         : Failed to register log buffer a600000_ssusb_reg_dumps_4 in Minidump ret -17
01-04 08:09:55.837     1     1 I Minidump: Entry name already exist.
01-04 08:09:55.837     1     1 E         : Failed to register log buffer a600000_ssusb_reg_dumps_4 in Minidump ret -17
01-04 08:09:55.837     1     1 I Minidump: Entry name already exist.
01-04 08:09:55.837     1     1 E         : Failed to register log buffer a600000_ssusb_reg_dumps_4 in Minidump ret -17
01-04 08:09:55.837     1     1 I Minidump: Entry name already exist.
01-04 08:09:55.837     1     1 E         : Failed to register log buffer a600000_ssusb_reg_dumps_4 in Minidump ret -17
01-04 08:09:55.837     1     1 I Minidump: Entry name already exist.
01-04 08:09:55.837     1     1 E         : Failed to register log buffer a600000_ssusb_reg_dumps_4 in Minidump ret -17
01-04 08:09:55.837     1     1 I Minidump: Entry name already exist.
01-04 08:09:55.837     1     1 E         : Failed to register log buffer a600000_ssusb_reg_dumps_4 in Minidump ret -17
01-04 08:09:55.837     1     1 I Minidump: Entry name already exist.
01-04 08:09:55.837     1     1 E         : Failed to register log buffer a600000_ssusb_reg_dumps_4 in Minidump ret -17
01-04 08:09:55.837     1     1 I Minidump: Entry name already exist.
01-04 08:09:55.837     1     1 E         : Failed to register log buffer a600000_ssusb_reg_dumps_4 in Minidump ret -17
01-04 08:09:55.837     1     1 I Minidump: Entry name already exist.
01-04 08:09:55.837     1     1 E         : Failed to register log buffer a600000_ssusb_reg_dumps_4 in Minidump ret -17
01-04 08:09:55.837     1     1 I Minidump: Entry name already exist.
01-04 08:09:55.837     1     1 E         : Failed to register log buffer a600000_ssusb_reg_dumps_4 in Minidump ret -17
01-04 08:09:55.837     1     1 I Minidump: Entry name already exist.
01-04 08:09:55.837     1     1 E         : Failed to register log buffer a600000_ssusb_reg_dumps_4 in Minidump ret -17
01-04 08:09:55.837     1     1 I Minidump: Entry name already exist.
01-04 08:09:55.837     1     1 E         : Failed to register log buffer a600000_ssusb_reg_dumps_4 in Minidump ret -17
01-04 08:09:55.837     1     1 I Minidump: Entry name already exist.
01-04 08:09:55.837     1     1 E         : Failed to register log buffer a600000_ssusb_reg_dumps_4 in Minidump ret -17
01-04 08:09:55.837     1     1 I Minidump: Entry name already exist.
01-04 08:09:55.837     1     1 E         : Failed to register log buffer a600000_ssusb_reg_dumps_4 in Minidump ret -17
01-04 08:09:55.837     1     1 I Minidump: Entry name already exist.
01-04 08:09:55.837     1     1 E         : Failed to register log buffer a600000_ssusb_reg_dumps_4 in Minidump ret -17
01-04 08:09:55.837     1     1 I Minidump: Entry name already exist.
01-04 08:09:55.837     1     1 E         : Failed to register log buffer a600000_ssusb_reg_dumps_4 in Minidump ret -17
01-04 08:09:55.837     1     1 I Minidump: Entry name already exist.
01-04 08:09:55.837     1     1 E         : Failed to register log buffer a600000_ssusb_reg_dumps_4 in Minidump ret -17
01-04 08:09:55.837     1     1 I Minidump: Entry name already exist.
01-04 08:09:55.837     1     1 E         : Failed to register log buffer a600000_ssusb_reg_dumps_4 in Minidump ret -17
01-04 08:09:55.837     1     1 I Minidump: Entry name already exist.
01-04 08:09:55.837     1     1 E         : Failed to register log buffer a600000_ssusb_trace_5 in Minidump ret -17
01-04 08:09:55.837     1     1 I Minidump: Entry name already exist.
01-04 08:09:55.837     1     1 E         : Failed to register log buffer a600000_ssusb_trace_5 in Minidump ret -17
01-04 08:09:55.837     1     1 I Minidump: Entry name already exist.
01-04 08:09:55.837     1     1 E         : Failed to register log buffer a600000_ssusb_trace_5 in Minidump ret -17
01-04 08:09:55.837     1     1 I Minidump: Entry name already exist.
01-04 08:09:55.837     1     1 E         : Failed to register log buffer a600000_ssusb_trace_5 in Minidump ret -17
01-04 08:09:55.837     1     1 I Minidump: Entry name already exist.
01-04 08:09:55.837     1     1 E         : Failed to register log buffer a600000_ssusb_trace_5 in Minidump ret -17
01-04 08:09:55.837     1     1 I Minidump: Entry name already exist.
01-04 08:09:55.837     1     1 E         : Failed to register log buffer a600000_ssusb_trace_5 in Minidump ret -17
01-04 08:09:55.837     1     1 I Minidump: Entry name already exist.
01-04 08:09:55.837     1     1 E         : Failed to register log buffer a600000_ssusb_trace_5 in Minidump ret -17
01-04 08:09:55.837     1     1 I Minidump: Entry name already exist.
01-04 08:09:55.837     1     1 E         : Failed to register log buffer a600000_ssusb_trace_5 in Minidump ret -17
01-04 08:09:55.837     1     1 I Minidump: Entry name already exist.
01-04 08:09:55.837     1     1 E         : Failed to register log buffer a600000_ssusb_trace_5 in Minidump ret -17
01-04 08:09:55.837     1     1 I Minidump: Entry name already exist.
01-04 08:09:55.837     1     1 E         : Failed to register log buffer a600000_ssusb_trace_5 in Minidump ret -17
01-04 08:09:55.837     1     1 I Minidump: Entry name already exist.
01-04 08:09:55.837     1     1 E         : Failed to register log buffer a600000_ssusb_trace_5 in Minidump ret -17
01-04 08:09:55.837     1     1 I Minidump: Entry name already exist.
01-04 08:09:55.837     1     1 E         : Failed to register log buffer a600000_ssusb_trace_5 in Minidump ret -17
01-04 08:09:55.837     1     1 I Minidump: Entry name already exist.
01-04 08:09:55.837     1     1 E         : Failed to register log buffer a600000_ssusb_trace_5 in Minidump ret -17
01-04 08:09:55.837     1     1 I Minidump: Entry name already exist.
01-04 08:09:55.837     1     1 E         : Failed to register log buffer a600000_ssusb_trace_5 in Minidump ret -17
01-04 08:09:55.837     1     1 I Minidump: Entry name already exist.
01-04 08:09:55.837     1     1 E         : Failed to register log buffer a600000_ssusb_trace_5 in Minidump ret -17
01-04 08:09:55.837     1     1 I Minidump: Entry name already exist.
01-04 08:09:55.837     1     1 E         : Failed to register log buffer a600000_ssusb_trace_5 in Minidump ret -17
01-04 08:09:55.837     1     1 I Minidump: Entry name already exist.
01-04 08:09:55.837     1     1 E         : Failed to register log buffer a600000_ssusb_trace_5 in Minidump ret -17
01-04 08:09:55.837     1     1 I Minidump: Entry name already exist.
01-04 08:09:55.837     1     1 E         : Failed to register log buffer a600000_ssusb_trace_5 in Minidump ret -17
01-04 08:09:55.837     1     1 I Minidump: Entry name already exist.
01-04 08:09:55.837     1     1 E         : Failed to register log buffer a600000_ssusb_trace_5 in Minidump ret -17
01-04 08:09:55.837     1     1 I Minidump: Entry name already exist.
01-04 08:09:55.837     1     1 E         : Failed to register log buffer a600000_ssusb_trace_5 in Minidump ret -17
01-04 08:09:55.837     1     1 I Minidump: Entry name already exist.
01-04 08:09:55.837     1     1 E         : Failed to register log buffer a600000_ssusb_trace_5 in Minidump ret -17
01-04 08:09:55.837     1     1 I Minidump: Entry name already exist.
01-04 08:09:55.837     1     1 E         : Failed to register log buffer a600000_ssusb_trace_5 in Minidump ret -17
01-04 08:09:55.837     1     1 I Minidump: Entry name already exist.
01-04 08:09:55.837     1     1 E         : Failed to register log buffer a600000_ssusb_trace_5 in Minidump ret -17
01-04 08:09:55.837     1     1 I Minidump: Entry name already exist.
01-04 08:09:55.837     1     1 E         : Failed to register log buffer a600000_ssusb_trace_5 in Minidump ret -17
01-04 08:09:55.837     1     1 I Minidump: Entry name already exist.
01-04 08:09:55.837     1     1 E         : Failed to register log buffer a600000_ssusb_trace_5 in Minidump ret -17
01-04 08:09:55.837     1     1 I Minidump: Entry name already exist.
01-04 08:09:55.837     1     1 E         : Failed to register log buffer a600000_ssusb_trace_5 in Minidump ret -17
01-04 08:09:55.837     1     1 I Minidump: Entry name already exist.
01-04 08:09:55.837     1     1 E         : Failed to register log buffer a600000_ssusb_trace_5 in Minidump ret -17
01-04 08:09:55.837     1     1 I Minidump: Entry name already exist.
01-04 08:09:55.837     1     1 E         : Failed to register log buffer a600000_ssusb_trace_5 in Minidump ret -17
01-04 08:09:55.837     1     1 I Minidump: Entry name already exist.
01-04 08:09:55.837     1     1 E         : Failed to register log buffer a600000_ssusb_trace_5 in Minidump ret -17
01-04 08:09:55.837     1     1 I Minidump: Entry name already exist.
01-04 08:09:55.837     1     1 E         : Failed to register log buffer a600000_ssusb_trace_5 in Minidump ret -17
01-04 08:09:55.837     1     1 I Minidump: Entry name already exist.
01-04 08:09:55.837     1     1 E         : Failed to register log buffer a600000_ssusb_trace_5 in Minidump ret -17
01-04 08:09:55.837     1     1 I Minidump: Entry name already exist.
01-04 08:09:55.837     1     1 E         : Failed to register log buffer a600000_ssusb_trace_5 in Minidump ret -17
01-04 08:09:55.837     1     1 I Minidump: Entry name already exist.
01-04 08:09:55.837     1     1 E         : Failed to register log buffer a600000_ssusb_trace_5 in Minidump ret -17
01-04 08:09:55.837     1     1 I Minidump: Entry name already exist.
01-04 08:09:55.837     1     1 E         : Failed to register log buffer a600000_ssusb_trace_5 in Minidump ret -17
01-04 08:09:55.837     1     1 I Minidump: Entry name already exist.
01-04 08:09:55.837     1     1 E         : Failed to register log buffer a600000_ssusb_trace_5 in Minidump ret -17
01-04 08:09:55.837     1     1 I Minidump: Entry name already exist.
01-04 08:09:55.837     1     1 E         : Failed to register log buffer a600000_ssusb_trace_5 in Minidump ret -17
01-04 08:09:55.837     1     1 I msm-dwc3 a600000.ssusb: USB core frequency = 200000000
01-04 08:09:55.837     1     1 I msm-dwc3 a600000.ssusb: setting lpm_to_suspend_delay to zero.
01-04 08:09:55.837     1     1 E msm-dwc3 a600000.ssusb: IRQ hs_phy_irq not found
01-04 08:09:55.844     1     1 E msm-dwc3 a600000.ssusb: unable to get hsphy device
01-04 08:09:55.844     1     1 I init    : Loaded kernel module /lib/modules/dwc3-msm.ko
01-04 08:09:55.844     1     1 I init    : Loading module /lib/modules/sps_drv.ko with args ''
01-04 08:09:55.846     1     1 I msm_sps_probe: sps:sps is ready
01-04 08:09:55.846   227   227 E sensors-ssc soc: qcom,msm-ssc-sensors: fail to get rproc
01-04 08:09:55.846   227   227 E cdsp-loader soc: qcom,msm-cdsp-loader: cdsp_loader_probe: rproc not found
01-04 08:09:55.846     1     1 I init    : Loaded kernel module /lib/modules/sps_drv.ko
01-04 08:09:55.846     1     1 I init    : Loading module /lib/modules/usb_bam.ko with args ''
01-04 08:09:55.846   227   227 I msm-dwc3 a600000.ssusb: USB core frequency = 200000000
01-04 08:09:55.846   227   227 I msm-dwc3 a600000.ssusb: setting lpm_to_suspend_delay to zero.
01-04 08:09:55.846   227   227 E msm-dwc3 a600000.ssusb: IRQ hs_phy_irq not found
01-04 08:09:55.847   227   227 E msm-dwc3 a600000.ssusb: unable to get hsphy device
01-04 08:09:55.847     1     1 I init    : Loaded kernel module /lib/modules/usb_bam.ko
01-04 08:09:55.847     1     1 I init    : Loading module /lib/modules/usb_f_qdss.ko with args ''
01-04 08:09:55.849     1     1 I init    : Loaded kernel module /lib/modules/usb_f_qdss.ko
01-04 08:09:55.849     1     1 I init    : Loading module /lib/modules/qdss_bridge.ko with args ''
01-04 08:09:55.849     1     1 I init    : Loaded kernel module /lib/modules/qdss_bridge.ko
01-04 08:09:55.849     1     1 I init    : Loading module /lib/modules/memlat.ko with args ''
01-04 08:09:55.851   227   227 E sensors-ssc soc: qcom,msm-ssc-sensors: fail to get rproc
01-04 08:09:55.852   227   227 E cdsp-loader soc: qcom,msm-cdsp-loader: cdsp_loader_probe: rproc not found
01-04 08:09:55.852   227   227 I msm-dwc3 a600000.ssusb: USB core frequency = 200000000
01-04 08:09:55.852   227   227 I msm-dwc3 a600000.ssusb: setting lpm_to_suspend_delay to zero.
01-04 08:09:55.852   227   227 E msm-dwc3 a600000.ssusb: IRQ hs_phy_irq not found
01-04 08:09:55.852   227   227 E msm-dwc3 a600000.ssusb: unable to get hsphy device
01-04 08:09:55.852   227   227 E sensors-ssc soc: qcom,msm-ssc-sensors: fail to get rproc
01-04 08:09:55.852   227   227 E cdsp-loader soc: qcom,msm-cdsp-loader: cdsp_loader_probe: rproc not found
01-04 08:09:55.852   227   227 I msm-dwc3 a600000.ssusb: USB core frequency = 200000000
01-04 08:09:55.852   227   227 I msm-dwc3 a600000.ssusb: setting lpm_to_suspend_delay to zero.
01-04 08:09:55.852   227   227 E msm-dwc3 a600000.ssusb: IRQ hs_phy_irq not found
01-04 08:09:55.854   227   227 E msm-dwc3 a600000.ssusb: unable to get hsphy device
01-04 08:09:55.855   227   227 E sensors-ssc soc: qcom,msm-ssc-sensors: fail to get rproc
01-04 08:09:55.855   227   227 E cdsp-loader soc: qcom,msm-cdsp-loader: cdsp_loader_probe: rproc not found
01-04 08:09:55.855   227   227 I msm-dwc3 a600000.ssusb: USB core frequency = 200000000
01-04 08:09:55.855   227   227 I msm-dwc3 a600000.ssusb: setting lpm_to_suspend_delay to zero.
01-04 08:09:55.855   227   227 E msm-dwc3 a600000.ssusb: IRQ hs_phy_irq not found
01-04 08:09:55.856   227   227 E msm-dwc3 a600000.ssusb: unable to get hsphy device
01-04 08:09:55.856     1     1 I init    : Loaded kernel module /lib/modules/memlat.ko
01-04 08:09:55.856     1     1 I init    : Loading module /lib/modules/qcom_logbuf_vendor_hooks.ko with args ''
01-04 08:09:55.857   227   227 E sensors-ssc soc: qcom,msm-ssc-sensors: fail to get rproc
01-04 08:09:55.857   227   227 E cdsp-loader soc: qcom,msm-cdsp-loader: cdsp_loader_probe: rproc not found
01-04 08:09:55.857   227   227 I msm-dwc3 a600000.ssusb: USB core frequency = 200000000
01-04 08:09:55.858     1     1 I init    : Loaded kernel module /lib/modules/qcom_logbuf_vendor_hooks.ko
01-04 08:09:55.858   227   227 I msm-dwc3 a600000.ssusb: setting lpm_to_suspend_delay to zero.
01-04 08:09:55.858   227   227 E msm-dwc3 a600000.ssusb: IRQ hs_phy_irq not found
01-04 08:09:55.858     1     1 I init    : Loading module /lib/modules/panel_event_notifier.ko with args ''
01-04 08:09:56.614   456   456 I SELinux : SELinux: Loaded service_contexts from:
01-04 08:09:55.859   227   227 E msm-dwc3 a600000.ssusb: unable to get hsphy device
01-04 08:09:56.614   456   456 I SELinux :     /system/etc/selinux/plat_service_contexts
01-04 08:09:56.614   455   455 I hwservicemanager: getDeviceHalManifest: Successfully processed VINTF information
01-04 08:09:56.614   455   455 I hwservicemanager: getFrameworkHalManifest: Successfully processed VINTF information
01-04 08:09:55.859     1     1 I init    : Loaded kernel module /lib/modules/panel_event_notifier.ko
01-04 08:09:55.859   227   227 E sensors-ssc soc: qcom,msm-ssc-sensors: fail to get rproc
01-04 08:09:55.859     1     1 I init    : Loading module /lib/modules/qcom_sync_file.ko with args ''
01-04 08:09:55.859   227   227 E cdsp-loader soc: qcom,msm-cdsp-loader: cdsp_loader_probe: rproc not found
01-04 08:09:55.860     1     1 I init    : Loaded kernel module /lib/modules/qcom_sync_file.ko
01-04 08:09:55.860     1     1 I init    : Loading module /lib/modules/hung_task_enh.ko with args ''
01-04 08:09:55.861     1     1 I init    : Loaded kernel module /lib/modules/hung_task_enh.ko
01-04 08:09:55.861     1     1 I init    : Loading module /lib/modules/qfprom-sys.ko with args ''
01-04 08:09:55.862     1     1 I init    : Loaded kernel module /lib/modules/qfprom-sys.ko
01-04 08:09:55.862     1     1 I init    : Loading module /lib/modules/qcom_pm8008-regulator.ko with args ''
01-04 08:09:55.863     1     1 I init    : Loaded kernel module /lib/modules/qcom_pm8008-regulator.ko
01-04 08:09:56.614   455   455 E SELinux : avc:  denied  { add } for interface=android.hidl.token::ITokenManager sid=u:r:recovery:s0 pid=455 scontext=u:r:recovery:s0 tcontext=u:object_r:hidl_token_hwservice:s0 tclass=hwservice_manager permissive=1
01-04 08:09:55.863     1     1 I init    : Loading module /lib/modules/qpnp-amoled-regulator.ko with args ''
01-04 08:09:55.865     1     1 I oledb   : Bringing 0uV into 5000000-5000000uV
01-04 08:09:55.865     1     1 I ab      : Bringing 0uV into 4600000-4600000uV
01-04 08:09:55.865     1     1 I ibb     : Bringing 0uV into 1400000-1400000uV
01-04 08:09:55.865     1     1 I init    : Loaded kernel module /lib/modules/qpnp-amoled-regulator.ko
01-04 08:09:55.865     1     1 I init    : Loading module /lib/modules/hvc_gunyah.ko with args ''
01-04 08:09:55.865   201   201 I msm-dwc3 a600000.ssusb: USB core frequency = 200000000
01-04 08:09:55.865   201   201 I msm-dwc3 a600000.ssusb: setting lpm_to_suspend_delay to zero.
01-04 08:09:55.865   201   201 E msm-dwc3 a600000.ssusb: IRQ hs_phy_irq not found
01-04 08:09:55.866     1     1 I init    : Loaded kernel module /lib/modules/hvc_gunyah.ko
01-04 08:09:55.866     1     1 I init    : Loading module /lib/modules/msm_rng.ko with args ''
01-04 08:09:55.867     1     1 I init    : Loaded kernel module /lib/modules/msm_rng.ko
01-04 08:09:55.867     1     1 I init    : Loading module /lib/modules/frpc-adsprpc.ko with args ''
01-04 08:09:55.867   201   201 E msm-dwc3 a600000.ssusb: unable to get hsphy device
01-04 08:09:55.868   201   201 E sensors-ssc soc: qcom,msm-ssc-sensors: fail to get rproc
01-04 08:09:55.868   201   201 E cdsp-loader soc: qcom,msm-cdsp-loader: cdsp_loader_probe: rproc not found
01-04 08:09:55.868   201   201 I msm-dwc3 a600000.ssusb: USB core frequency = 200000000
01-04 08:09:55.868   201   201 I msm-dwc3 a600000.ssusb: setting lpm_to_suspend_delay to zero.
01-04 08:09:55.868   201   201 E msm-dwc3 a600000.ssusb: IRQ hs_phy_irq not found
01-04 08:09:55.869   201   201 E msm-dwc3 a600000.ssusb: unable to get hsphy device
01-04 08:09:55.870     1     1 I fastrpc soc: qcom,msm-adsprpc-mem: assigned reserved memory node adsp_heap_region
01-04 08:09:55.870     1     1 I         : Info: adsprpc (7360): 1: 1: init: init_secure_vmid_list: secure VMID = 22
01-04 08:09:55.870     1     1 I         : Info: adsprpc (7360): 1: 1: init: init_secure_vmid_list: secure VMID = 37
01-04 08:09:55.870     1     1 I adsprpc : fastrpc_init_privileged_gids: privileged GID: 2908
01-04 08:09:55.870     1     1 I adsprpc : fastrpc_setup_service_locator: pdr_add_lookup enabled for avs/audio (audio_pdr_adsprpc, msm/adsp/audio_pd), DTSI (qcom,fastrpc-adsp-audio-pdr)
01-04 08:09:55.870   201   201 E sensors-ssc soc: qcom,msm-ssc-sensors: fail to get rproc
01-04 08:09:55.870   201   201 E cdsp-loader soc: qcom,msm-cdsp-loader: cdsp_loader_probe: rproc not found
01-04 08:09:55.870   201   201 I msm-dwc3 a600000.ssusb: USB core frequency = 200000000
01-04 08:09:55.870   201   201 I msm-dwc3 a600000.ssusb: setting lpm_to_suspend_delay to zero.
01-04 08:09:55.870   201   201 E msm-dwc3 a600000.ssusb: IRQ hs_phy_irq not found
01-04 08:09:55.870     1     1 I adsprpc : fastrpc_setup_service_locator: pdr_add_lookup enabled for tms/servreg (sensors_pdr_sdsprpc, msm/slpi/sensor_pd), DTSI (qcom,fastrpc-slpi-sensors-pdr)
01-04 08:09:55.870     1     1 I fastrpc soc: qcom,msm_fastrpc:qcom,msm_fastrpc_compute_cb1: Adding to iommu group 11
01-04 08:09:55.870     1     1 I fastrpc soc: qcom,msm_fastrpc:qcom,msm_fastrpc_compute_cb2: Adding to iommu group 12
01-04 08:09:55.871     1     1 I fastrpc soc: qcom,msm_fastrpc:qcom,msm_fastrpc_compute_cb3: Adding to iommu group 13
01-04 08:09:55.871     1     1 I fastrpc soc: qcom,msm_fastrpc:qcom,msm_fastrpc_compute_cb4: Adding to iommu group 14
01-04 08:09:55.871     1     1 I fastrpc soc: qcom,msm_fastrpc:qcom,msm_fastrpc_compute_cb5: Adding to iommu group 15
01-04 08:09:55.871   201   201 E msm-dwc3 a600000.ssusb: unable to get hsphy device
01-04 08:09:55.871     1     1 I fastrpc soc: qcom,msm_fastrpc:qcom,msm_fastrpc_compute_cb6: Adding to iommu group 16
01-04 08:09:55.871     1     1 I fastrpc soc: qcom,msm_fastrpc:qcom,msm_fastrpc_compute_cb7: Adding to iommu group 17
01-04 08:09:55.871     1     1 I fastrpc soc: qcom,msm_fastrpc:qcom,msm_fastrpc_compute_cb8: Adding to iommu group 18
01-04 08:09:55.872     1     1 I fastrpc soc: qcom,msm_fastrpc:qcom,msm_fastrpc_compute_cb9: Adding to iommu group 19
01-04 08:09:55.872   201   201 E sensors-ssc soc: qcom,msm-ssc-sensors: fail to get rproc
01-04 08:09:55.872   201   201 E cdsp-loader soc: qcom,msm-cdsp-loader: cdsp_loader_probe: rproc not found
01-04 08:09:55.872     1     1 I fastrpc soc: qcom,msm_fastrpc:qcom,msm_fastrpc_compute_cb10: Adding to iommu group 20
01-04 08:09:55.872   201   201 I msm-dwc3 a600000.ssusb: USB core frequency = 200000000
01-04 08:09:55.872   201   201 I msm-dwc3 a600000.ssusb: setting lpm_to_suspend_delay to zero.
01-04 08:09:55.872   201   201 E msm-dwc3 a600000.ssusb: IRQ hs_phy_irq not found
01-04 08:09:55.872     1     1 I fastrpc soc: qcom,msm_fastrpc:qcom,msm_fastrpc_compute_cb11: Adding to iommu group 21
01-04 08:09:55.872     1     1 I fastrpc soc: qcom,msm_fastrpc:qcom,msm_fastrpc_compute_cb12: Adding to iommu group 22
01-04 08:09:55.872     1     1 I fastrpc soc: qcom,msm_fastrpc:qcom,msm_fastrpc_compute_cb13: Adding to iommu group 23
01-04 08:09:55.873     1     1 I fastrpc soc: qcom,msm_fastrpc:qcom,msm_fastrpc_compute_cb14: Adding to iommu group 24
01-04 08:09:55.873   201   201 E msm-dwc3 a600000.ssusb: unable to get hsphy device
01-04 08:09:55.873     1     1 I fastrpc soc: qcom,msm_fastrpc:qcom,msm_fastrpc_compute_cb15: Adding to iommu group 25
01-04 08:09:55.873     1     1 I fastrpc soc: qcom,msm_fastrpc:qcom,msm_fastrpc_compute_cb16: Adding to iommu group 26
01-04 08:09:55.873   201   201 E sensors-ssc soc: qcom,msm-ssc-sensors: fail to get rproc
01-04 08:09:55.873   201   201 E cdsp-loader soc: qcom,msm-cdsp-loader: cdsp_loader_probe: rproc not found
01-04 08:09:55.873   201   201 I msm-dwc3 a600000.ssusb: USB core frequency = 200000000
01-04 08:09:55.873   201   201 I msm-dwc3 a600000.ssusb: setting lpm_to_suspend_delay to zero.
01-04 08:09:55.873   201   201 E msm-dwc3 a600000.ssusb: IRQ hs_phy_irq not found
01-04 08:09:55.873     1     1 I fastrpc soc: qcom,msm_fastrpc:qcom,msm_fastrpc_compute_cb17: Adding to iommu group 27
01-04 08:09:55.874     1     1 I fastrpc soc: qcom,msm_fastrpc:qcom,msm_fastrpc_compute_cb18: Adding to iommu group 28
01-04 08:09:55.874   201   201 E msm-dwc3 a600000.ssusb: unable to get hsphy device
01-04 08:09:55.874     1     1 I fastrpc soc: qcom,msm_fastrpc:qcom,msm_fastrpc_compute_cb19: Adding to iommu group 29
01-04 08:09:55.874     1     1 I adsprpc : fastrpc_device_init: SSR notifier registered for lpass
01-04 08:09:55.874     1     1 I adsprpc : fastrpc_device_init: SSR notifier registered for mpss
01-04 08:09:55.874     1     1 I adsprpc : fastrpc_device_init: SSR notifier registered for dsps
01-04 08:09:55.874   201   201 E sensors-ssc soc: qcom,msm-ssc-sensors: fail to get rproc
01-04 08:09:55.874   201   201 E cdsp-loader soc: qcom,msm-cdsp-loader: cdsp_loader_probe: rproc not found
01-04 08:09:55.874   201   201 I msm-dwc3 a600000.ssusb: USB core frequency = 200000000
01-04 08:09:55.874   201   201 I msm-dwc3 a600000.ssusb: setting lpm_to_suspend_delay to zero.
01-04 08:09:55.874   201   201 E msm-dwc3 a600000.ssusb: IRQ hs_phy_irq not found
01-04 08:09:55.875   201   201 E msm-dwc3 a600000.ssusb: unable to get hsphy device
01-04 08:09:55.875     1     1 I adsprpc : fastrpc_device_init: SSR notifier registered for cdsp
01-04 08:09:55.875     1     1 I init    : Loaded kernel module /lib/modules/frpc-adsprpc.ko
01-04 08:09:55.875     1     1 I init    : Loading module /lib/modules/rdbg.ko with args ''
01-04 08:09:55.877   201   201 E sensors-ssc soc: qcom,msm-ssc-sensors: fail to get rproc
01-04 08:09:55.877   201   201 E cdsp-loader soc: qcom,msm-cdsp-loader: cdsp_loader_probe: rproc not found
01-04 08:09:55.877     1     1 I init    : Loaded kernel module /lib/modules/rdbg.ko
01-04 08:09:55.877     1     1 I init    : Loading module /lib/modules/qcom_iommu_debug.ko with args ''
01-04 08:09:55.877   201   201 I msm-dwc3 a600000.ssusb: USB core frequency = 200000000
01-04 08:09:55.877   201   201 I msm-dwc3 a600000.ssusb: setting lpm_to_suspend_delay to zero.
01-04 08:09:55.877   201   201 E msm-dwc3 a600000.ssusb: IRQ hs_phy_irq not found
01-04 08:09:55.877   201   201 E msm-dwc3 a600000.ssusb: unable to get hsphy device
01-04 08:09:55.878   201   201 E sensors-ssc soc: qcom,msm-ssc-sensors: fail to get rproc
01-04 08:09:55.878   201   201 E cdsp-loader soc: qcom,msm-cdsp-loader: cdsp_loader_probe: rproc not found
01-04 08:09:55.879     1     1 I init    : Loaded kernel module /lib/modules/qcom_iommu_debug.ko
01-04 08:09:55.879   201   201 I msm-dwc3 a600000.ssusb: USB core frequency = 200000000
01-04 08:09:55.879   201   201 I msm-dwc3 a600000.ssusb: setting lpm_to_suspend_delay to zero.
01-04 08:09:55.879   201   201 E msm-dwc3 a600000.ssusb: IRQ hs_phy_irq not found
01-04 08:09:55.879     1     1 I init    : Loading module /lib/modules/lt9611uxc.ko with args ''
01-04 08:09:55.879   201   201 E msm-dwc3 a600000.ssusb: unable to get hsphy device
01-04 08:09:55.880     1     1 I init    : Loaded kernel module /lib/modules/lt9611uxc.ko
01-04 08:09:55.880     1     1 I init    : Loading module /lib/modules/zram.ko with args ''
01-04 08:09:55.880   201   201 E sensors-ssc soc: qcom,msm-ssc-sensors: fail to get rproc
01-04 08:09:55.881     1     1 I zram    : Added device: zram0
01-04 08:09:55.881     1     1 I init    : Loaded kernel module /lib/modules/zram.ko
01-04 08:09:55.881     1     1 I init    : Loading module /lib/modules/hdcp_qseecom.ko with args ''
01-04 08:09:56.615   456   456 E SELinux : avc:  denied  { add } for pid=456 uid=0 name=manager scontext=u:r:recovery:s0 tcontext=u:object_r:service_manager_service:s0 tclass=service_manager permissive=1
01-04 08:09:55.882     1     1 I init    : Loaded kernel module /lib/modules/hdcp_qseecom.ko
01-04 08:09:56.615   463   463 E cutils-trace: Error opening trace file: No such file or directory (2)
01-04 08:09:55.882     1     1 I init    : Loading module /lib/modules/qcom-i2c-pmic.ko with args ''
01-04 08:09:55.883     1     1 I init    : Loaded kernel module /lib/modules/qcom-i2c-pmic.ko
01-04 08:09:55.883     1     1 I init    : Loading module /lib/modules/sg.ko with args ''
01-04 08:09:55.884     1     1 I scsi 0  : 0:0:49488: Attached scsi generic sg0 type 30
01-04 08:09:55.884     1     1 I scsi 0  : 0:0:49476: Attached scsi generic sg1 type 30
01-04 08:09:55.884     1     1 I scsi 0  : 0:0:49456: Attached scsi generic sg2 type 30
01-04 08:09:55.884     1     1 I sd 0    : 0:0:0: Attached scsi generic sg3 type 0
01-04 08:09:55.884     1     1 I sd 0    : 0:0:1: Attached scsi generic sg4 type 0
01-04 08:09:55.884     1     1 I sd 0    : 0:0:2: Attached scsi generic sg5 type 0
01-04 08:09:55.884     1     1 I sd 0    : 0:0:3: Attached scsi generic sg6 type 0
01-04 08:09:55.884     1     1 I sd 0    : 0:0:4: Attached scsi generic sg7 type 0
01-04 08:09:55.884     1     1 I sd 0    : 0:0:5: Attached scsi generic sg8 type 0
01-04 08:09:55.884     1     1 I init    : Loaded kernel module /lib/modules/sg.ko
01-04 08:09:55.884     1     1 I init    : Loading module /lib/modules/spi-msm-geni.ko with args ''
01-04 08:09:55.886     1     1 I spi_geni a80000.spi: spi_geni_probe: completed
01-04 08:09:55.886   201   201 E cdsp-loader soc: qcom,msm-cdsp-loader: cdsp_loader_probe: rproc not found
01-04 08:09:55.886     1     1 I init    : Loaded kernel module /lib/modules/spi-msm-geni.ko
01-04 08:09:55.886     1     1 I init    : Loading module /lib/modules/spmi-pmic-arb-debug.ko with args ''
01-04 08:09:55.886   201   201 I msm-dwc3 a600000.ssusb: USB core frequency = 200000000
01-04 08:09:55.886   201   201 I msm-dwc3 a600000.ssusb: setting lpm_to_suspend_delay to zero.
01-04 08:09:55.886   201   201 E msm-dwc3 a600000.ssusb: IRQ hs_phy_irq not found
01-04 08:09:55.886   201   201 E msm-dwc3 a600000.ssusb: unable to get hsphy device
01-04 08:09:55.886   201   201 E sensors-ssc soc: qcom,msm-ssc-sensors: fail to get rproc
01-04 08:09:55.887     1     1 E spmi_pmic_arb_debug 10b14000.qcom,spmi-debug: SPMI PMIC arbiter debug bus disabled by fuse
01-04 08:09:55.887     1     1 I init    : Loaded kernel module /lib/modules/spmi-pmic-arb-debug.ko
01-04 08:09:55.887     1     1 I init    : Loading module /lib/modules/spmi-glink-debug.ko with args ''
01-04 08:09:55.888     1     1 I init    : Loaded kernel module /lib/modules/spmi-glink-debug.ko
01-04 08:09:55.888     1     1 I init    : Loading module /lib/modules/cnss_plat_ipc_qmi_svc.ko with args ''
01-04 08:09:55.889     1     1 I init    : Loaded kernel module /lib/modules/cnss_plat_ipc_qmi_svc.ko
01-04 08:09:55.889     1     1 I init    : Loading module /lib/modules/cnss2.ko with args ''
01-04 08:09:55.892   174   174 I cnss_plat: CNSS Platform IPC QMI Service is started
01-04 08:09:55.893     1     1 D cnss    : use-pm-domain is 1
01-04 08:09:55.893     1     1 D cnss    : set_wlaon_pwr_ctrl is 0
01-04 08:09:55.893     1     1 D cnss    : PDC Init Table not configured
01-04 08:09:55.893     1     1 D cnss    : VReg PDC Mapping not configured
01-04 08:09:55.893     1     1 D cnss    : PMU VReg Mapping not configured
01-04 08:09:55.893     1     1 D cnss    : VReg for QCA6490 OL CPR not configured
01-04 08:09:55.893     1     1 D cnss    : TCS CMD address is not present for CPR
01-04 08:09:55.893     1     1 D cnss    : TCS CMD not configured
01-04 08:09:55.893     1     1 D cnss    : Mbox channel initialized
01-04 08:09:55.893     1     1 D cnss    : Got regulator: vdd-wlan-io, min_uv: 1800000, max_uv: 1800000, load_ua: 0, delay_us: 0, need_unvote: 1
01-04 08:09:55.893     1     1 D cnss    : Got regulator: wlan-ant-switch, min_uv: 2800000, max_uv: 2800000, load_ua: 0, delay_us: 0, need_unvote: 1
01-04 08:09:55.893     1     1 D cnss    : Got regulator: vdd-wlan-aon, min_uv: 1012000, max_uv: 1040000, load_ua: 0, delay_us: 0, need_unvote: 1
01-04 08:09:55.893     1     1 D cnss    : Got regulator: vdd-wlan-dig, min_uv: 966000, max_uv: 1170000, load_ua: 0, delay_us: 0, need_unvote: 1
01-04 08:09:56.615   455   455 I hwservicemanager: hwservicemanager is ready now.
01-04 08:09:55.893     1     1 D cnss    : Got regulator: vdd-wlan-rfa1, min_uv: 1900000, max_uv: 2024000, load_ua: 0, delay_us: 0, need_unvote: 1
01-04 08:09:56.615   455   455 E cutils-trace: Error opening trace file: No such file or directory (2)
01-04 08:09:55.893     1     1 D cnss    : Got regulator: vdd-wlan-rfa2, min_uv: 1350000, max_uv: 2040000, load_ua: 0, delay_us: 0, need_unvote: 1
01-04 08:09:55.893     1     1 D cnss    : Failed to get optional clock rf_clk, err = -2
01-04 08:09:55.893     1     1 D cnss    : BT GPIO: 382
01-04 08:09:55.893     1     1 D cnss    : QCA6490 XO_CLK GPIO: 505
01-04 08:09:55.893     1     1 D cnss    : Switch control GPIO: 383
01-04 08:09:55.893     1     1 D cnss    : ICC Path_Count: 2 BW_CFG_Count: 9
01-04 08:09:55.893     1     1 D cnss    : ICC Vote CFG for path: pcie_to_memnoc
01-04 08:09:55.893     1     1 D cnss    : ICC Vote BW: 0 avg: 0 peak: 0
01-04 08:09:55.893     1     1 D cnss    : ICC Vote BW: 1 avg: 2250 peak: 1600000
01-04 08:09:55.893     1     1 D cnss    : ICC Vote BW: 2 avg: 7500 peak: 1600000
01-04 08:09:55.893     1     1 D cnss    : ICC Vote BW: 3 avg: 30000 peak: 1600000
01-04 08:09:55.893     1     1 D cnss    : ICC Vote BW: 4 avg: 100000 peak: 1600000
01-04 08:09:55.893     1     1 D cnss    : ICC Vote BW: 5 avg: 175000 peak: 6448000
01-04 08:09:55.893     1     1 D cnss    : ICC Vote BW: 6 avg: 175000 peak: 6448000
01-04 08:09:56.615   463   463 D vndksupport: Loading /vendor/lib64/hw/android.hardware.boot@1.0-impl-1.2-qti.so from current namespace instead of sphal namespace.
01-04 08:09:55.893     1     1 D cnss    : ICC Vote BW: 7 avg: 175000 peak: 8528000
01-04 08:09:55.893     1     1 D cnss    : ICC Vote BW: 8 avg: 7500 peak: 3200000
01-04 08:09:55.893     1     1 D cnss    : ICC Vote CFG for path: memnoc_to_ddr
01-04 08:09:55.893     1     1 D cnss    : ICC Vote BW: 0 avg: 0 peak: 0
01-04 08:09:55.893     1     1 D cnss    : ICC Vote BW: 1 avg: 2250 peak: 1804800
01-04 08:09:55.893     1     1 D cnss    : ICC Vote BW: 2 avg: 7500 peak: 1804800
01-04 08:09:55.893     1     1 D cnss    : ICC Vote BW: 3 avg: 30000 peak: 1804800
01-04 08:09:55.893     1     1 D cnss    : ICC Vote BW: 4 avg: 100000 peak: 1804800
01-04 08:09:55.893     1     1 D cnss    : ICC Vote BW: 5 avg: 175000 peak: 6220800
01-04 08:09:55.893     1     1 D cnss    : ICC Vote BW: 6 avg: 175000 peak: 8368000
01-04 08:09:55.893     1     1 D cnss    : ICC Vote BW: 7 avg: 175000 peak: 12800000
01-04 08:09:55.893     1     1 D cnss    : ICC Vote BW: 8 avg: 7500 peak: 2188800
01-04 08:09:55.893     1     1 D cnss    : Regulator vdd-wlan-io is being enabled
01-04 08:09:55.893     1     1 D cnss    : Regulator wlan-ant-switch is being enabled
01-04 08:09:55.894     1     1 D cnss    : Regulator vdd-wlan-aon is being enabled
01-04 08:09:55.895     1     1 D cnss    : Regulator vdd-wlan-dig is being enabled
01-04 08:09:55.895     1     1 D cnss    : Regulator vdd-wlan-rfa1 is being enabled
01-04 08:09:55.895     1     1 D cnss    : Regulator vdd-wlan-rfa2 is being enabled
01-04 08:09:55.896     1     1 D cnss    : BT_EN_GPIO State: Off. Delay WLAN_GPIO enable
01-04 08:09:56.007     1     1 D cnss    : Assert WLAN_EN GPIO successfully
01-04 08:09:56.007     1     1 D cnss    : Trying to enumerate with PCIe RC0
01-04 08:09:56.007     1     1 I msm_pcie_enable: PCIe: Assert the reset of endpoint of RC0.
01-04 08:09:56.014     1     1 I msm_pcie_enable: PCIe: RC0: PCIE20_PARF_INT_ALL_MASK: 0x7f80c202
01-04 08:09:56.016     1     1 I pcie_phy_init: PCIe RC0 PHY is ready!
01-04 08:09:56.027     1     1 I msm_pcie_enable: PCIe: Release the reset of endpoint of RC0.
01-04 08:09:56.043     1     1 I msm_pcie_link_train: PCIe RC0 link initialized
01-04 08:09:56.043     1     1 I pci-msm 1c00000.qcom,pcie: host bridge /soc/qcom,pcie@1c00000 ranges:
01-04 08:09:56.043     1     1 I pci-msm 1c00000.qcom,pcie: No bus range found for /soc/qcom,pcie@1c00000, using [bus 00-ff]
01-04 08:09:56.043     1     1 I pci-msm 1c00000.qcom,pcie: MEM 0x0060200000..0x0063ffffff -> 0x0060200000
01-04 08:09:56.043     1     1 I pci-msm 1c00000.qcom,pcie: PCI host bridge to bus 0000:00
01-04 08:09:56.043     1     1 I pci_bus 0000: 00: root bus resource [bus 00-ff]
01-04 08:09:56.043     1     1 I pci_bus 0000: 00: root bus resource [mem 0x60200000-0x63ffffff]
01-04 08:09:56.043     1     1 I pci 0000: 00:00.0: [17cb:0110] type 01 class 0x060400
01-04 08:09:56.043     1     1 I pci 0000: 00:00.0: reg 0x10: [mem 0x00000000-0x00000fff 64bit]
01-04 08:09:56.044     1     1 I pci 0000: 00:00.0: PME# supported from D0 D3hot D3cold
01-04 08:09:56.047     1     1 I pci 0000: 00:00.0: bridge configuration invalid ([bus 00-00]), reconfiguring
01-04 08:09:56.047     1     1 I pci 0000: 01:00.0: [17cb:1103] type 00 class 0x028000
01-04 08:09:56.047     1     1 I pci 0000: 01:00.0: reg 0x10: [mem 0x00000000-0x001fffff 64bit]
01-04 08:09:56.047     1     1 I pci 0000: 01:00.0: PME# supported from D0 D3hot D3cold
01-04 08:09:56.047     1     1 I pci 0000: 01:00.0: 4.000 Gb/s available PCIe bandwidth, limited by 5.0 GT/s PCIe x1 link at 0000:00:00.0 (capable of 7.876 Gb/s with 8.0 GT/s PCIe x1 link)
01-04 08:09:56.054     1     1 I pci_bus 0000: 01: busn_res: [bus 01-ff] end is updated to 01
01-04 08:09:56.054     1     1 I pci 0000: 00:00.0: BAR 14: assigned [mem 0x60200000-0x603fffff]
01-04 08:09:56.054     1     1 I pci 0000: 00:00.0: BAR 15: assigned [mem 0x60400000-0x605fffff 64bit pref]
01-04 08:09:56.054     1     1 I pci 0000: 00:00.0: BAR 0: assigned [mem 0x60600000-0x60600fff 64bit]
01-04 08:09:56.054     1     1 I pci 0000: 00:00.0: BAR 13: no space for [io  size 0x1000]
01-04 08:09:56.054     1     1 I pci 0000: 00:00.0: BAR 13: failed to assign [io  size 0x1000]
01-04 08:09:56.054     1     1 I pci 0000: 01:00.0: BAR 0: assigned [mem 0x60200000-0x603fffff 64bit]
01-04 08:09:56.054     1     1 I pci 0000: 00:00.0: PCI bridge to [bus 01]
01-04 08:09:56.054     1     1 I pci 0000: 00:00.0:   bridge window [mem 0x60200000-0x603fffff]
01-04 08:09:56.054     1     1 I pci 0000: 00:00.0:   bridge window [mem 0x60400000-0x605fffff 64bit pref]
01-04 08:09:56.055     1     1 I cnss_pci 0000: 01:00.0: Adding to iommu group 30
01-04 08:09:56.055    72    72 E msm_pcie_enumerate: PCIe: RC0: has already been enumerated.
01-04 08:09:56.056     1     1 D cnss    : PCI is probing, vendor ID: 0x17cb, device ID: 0x1103
01-04 08:09:56.056     1     1 I cnss_pci 0000: 01:00.0: assigned reserved memory node cnss_wlan_region
01-04 08:09:56.056     1     1 D cnss    : CMA area is cnss_wlan_region
01-04 08:09:56.056     1     1 D cnss    : Ramdump size 0x420000
01-04 08:09:56.056     1     1 D cnss    : Initializing SMMU
01-04 08:09:56.056     1     1 D cnss    : Enabling SMMU S1 stage
01-04 08:09:56.056     1     1 D cnss    : smmu_iova_start: 0x00000000a0000000, smmu_iova_len: 0x10000000
01-04 08:09:56.056     1     1 D cnss    : smmu_iova_ipa_start: 0x00000000b0000000, smmu_iova_ipa_len: 0x10000
01-04 08:09:56.056     1     1 D cnss    : iommu_geometry: 0
01-04 08:09:56.056     1     1 D cnss    : PCIe DRV is supported
01-04 08:09:56.056     1     1 I cnss_pci 0000: 01:00.0: BAR 0: assigned [mem 0x60200000-0x603fffff 64bit]
01-04 08:09:56.056     1     1 I cnss_pci 0000: 01:00.0: enabling device (0000 -> 0002)
01-04 08:09:56.056     1     1 D cnss    : Set PCI DMA MASK (0xfffffffff)
01-04 08:09:56.057     1     1 D cnss    : MSI base data is 0
01-04 08:09:56.057     1     1 D cnss    : BAR starts at 0x0000000060200000, length is 200000
01-04 08:09:56.057     1     1 D cnss    : Assign MSI to user: MHI, num_vectors: 3, user_base_data: 0, base_vector: 0
01-04 08:09:56.057     1     1 D cnss    : Number of assigned MSI for MHI is 3, base vector is 0
01-04 08:09:56.057     1     1 D cnss    : Get IRQ number 302 for vector index 0
