--------- beginning of kernel
01-04 08:09:54.806     0     0 I         : Booting Linux on physical CPU 0x0000000000 [0x410fd463]
01-04 08:09:54.806     0     0 I         : Linux version 5.10.168-android12-9-00001-g26e4292d27d7-ab10628739 (build-user@build-host) (Android (7284624, based on r416183b) clang version 12.0.5 (https://android.googlesource.com/toolchain/llvm-project c935d99d7cf2016289302412d708641d52d2f7ee), LLD 12.0.5 (/buildbot/src/android/llvm-toolchain/out/llvm-project/lld c935d99d7cf2016289302412d708641d52d2f7ee)) #1 SMP PREEMPT Fri Aug 4 12:32:53 UTC 2023
01-04 08:09:54.806     0     0 I random  : crng init done
01-04 08:09:54.806     0     0 I Machine model: eqs
01-04 08:09:54.806     0     0 I         : Stack Depot is disabled
01-04 08:09:54.806     0     0 W         : KVM is not available. Ignoring kvm-arm.mode
01-04 08:09:54.806     0     0 I efi     : UEFI not found.
01-04 08:09:54.806     0     0 I Reserved memory: created CMA memory pool at 0x00000000fec00000, size 16 MiB
01-04 08:09:54.806     0     0 I OF      : reserved mem: initialized node user_contig_region, compatible id shared-dma-pool
01-04 08:09:54.806     0     0 I Reserved memory: created CMA memory pool at 0x00000000fd800000, size 20 MiB
01-04 08:09:54.806     0     0 I OF      : reserved mem: initialized node qseecom_region, compatible id shared-dma-pool
01-04 08:09:54.806     0     0 I Reserved memory: created CMA memory pool at 0x00000000f3400000, size 164 MiB
01-04 08:09:54.806     0     0 I OF      : reserved mem: initialized node non_secure_display_region, compatible id shared-dma-pool
01-04 08:09:54.806     0     0 I Reserved memory: created CMA memory pool at 0x00000000f2800000, size 12 MiB
01-04 08:09:54.806     0     0 I OF      : reserved mem: initialized node adsp_heap_region, compatible id shared-dma-pool
01-04 08:09:54.806     0     0 I Reserved memory: created CMA memory pool at 0x0000000a7f000000, size 16 MiB
01-04 08:09:54.806     0     0 I OF      : reserved mem: initialized node va_md_mem_region, compatible id shared-dma-pool
01-04 08:09:54.806     0     0 I Reserved memory: created CMA memory pool at 0x00000000e6800000, size 32 MiB
01-04 08:09:54.806     0     0 I OF      : reserved mem: initialized node cnss_wlan_region, compatible id shared-dma-pool
01-04 08:09:54.806     0     0 I Reserved memory: created CMA memory pool at 0x00000000e4c00000, size 28 MiB
01-04 08:09:54.806     0     0 I OF      : reserved mem: initialized node audio_cma_region, compatible id shared-dma-pool
01-04 08:09:54.806     0     0 I Reserved memory: created CMA memory pool at 0x00000000f2000000, size 8 MiB
01-04 08:09:54.806     0     0 I OF      : reserved mem: initialized node sdsp_region, compatible id shared-dma-pool
01-04 08:09:54.806     0     0 I Reserved memory: created CMA memory pool at 0x00000000e2c00000, size 32 MiB
01-04 08:09:54.806     0     0 I OF      : reserved mem: initialized node linux,cma, compatible id shared-dma-pool
01-04 08:09:54.806     0     0 I Reserved memory: created CMA memory pool at 0x0000000a7c800000, size 40 MiB
01-04 08:09:54.806     0     0 I OF      : reserved mem: initialized node demura_heap_region, compatible id shared-dma-pool
01-04 08:09:54.806     0     0 I Reserved memory: created CMA memory pool at 0x0000000a79800000, size 48 MiB
01-04 08:09:54.806     0     0 I OF      : reserved mem: initialized node mem_dump_region, compatible id shared-dma-pool
01-04 08:09:54.806     0     0 I Reserved memory: created CMA memory pool at 0x00000000e1c00000, size 16 MiB
01-04 08:09:54.806     0     0 I OF      : reserved mem: initialized node qseecom_ta_region, compatible id shared-dma-pool
01-04 08:09:54.806     0     0 I Reserved memory: created CMA memory pool at 0x00000000f1c00000, size 4 MiB
01-04 08:09:54.806     0     0 I OF      : reserved mem: initialized node cdsp_eva_region, compatible id shared-dma-pool
01-04 08:09:54.806     0     0 I Reserved memory: created CMA memory pool at 0x00000000e0c00000, size 16 MiB
01-04 08:09:54.806     0     0 I OF      : reserved mem: initialized node sp_region, compatible id shared-dma-pool
01-04 08:09:54.806     0     0 I Zone ranges:  
01-04 08:09:54.806     0     0 I         : DMA32    empty
01-04 08:09:54.806     0     0 I         : Normal   [mem 0x0000000080000000-0x0000000a7fffffff]
01-04 08:09:54.806     0     0 I         : Movable zone start for each node
01-04 08:09:54.806     0     0 I         : Early memory node ranges
01-04 08:09:54.806     0     0 I node   0: [mem 0x0000000080000000-0x00000000808f3fff]
01-04 08:09:54.806     0     0 I node   0: [mem 0x00000000808f4000-0x00000000808fffff]
01-04 08:09:54.806     0     0 I node   0: [mem 0x0000000080900000-0x00000000851fffff]
01-04 08:09:54.806     0     0 I node   0: [mem 0x0000000085200000-0x00000000856fffff]
01-04 08:09:54.806     0     0 I node   0: [mem 0x0000000085700000-0x0000000087efffff]
01-04 08:09:54.806     0     0 I node   0: [mem 0x0000000087f00000-0x0000000087ffffff]
01-04 08:09:54.806     0     0 I node   0: [mem 0x0000000088000000-0x000000008b91bfff]
01-04 08:09:54.806     0     0 I node   0: [mem 0x000000008b91c000-0x000000008b9fffff]
01-04 08:09:54.806     0     0 I node   0: [mem 0x000000008ba00000-0x00000000a03fffff]
01-04 08:09:54.806     0     0 I node   0: [mem 0x00000000a0400000-0x00000000a6dfffff]
01-04 08:09:54.806     0     0 I node   0: [mem 0x00000000a6e00000-0x00000000a6e3ffff]
01-04 08:09:54.806     0     0 I node   0: [mem 0x00000000a6e40000-0x00000000a6efffff]
01-04 08:09:54.806     0     0 I node   0: [mem 0x00000000a6f00000-0x00000000a6ffffff]
01-04 08:09:54.806     0     0 I node   0: [mem 0x00000000a7000000-0x00000000adffefff]
01-04 08:09:54.806     0     0 I node   0: [mem 0x00000000adfff000-0x00000000ae05ffff]
01-04 08:09:54.806     0     0 I node   0: [mem 0x00000000ae060000-0x00000000e05fffff]
--------- beginning of main
01-04 08:09:56.605   458   458 I SELinux : SELinux: Loaded service_contexts from:
01-04 08:09:54.806     0     0 I node   0: [mem 0x00000000e0600000-0x00000000e0afffff]
01-04 08:09:56.605   458   458 I SELinux :     /vendor/etc/selinux/vndservice_contexts
01-04 08:09:56.605   458   458 E SELinux : avc:  denied  { add } for pid=458 uid=0 name=manager scontext=u:r:recovery:s0 tcontext=u:object_r:service_manager_vndservice:s0 tclass=service_manager permissive=1
01-04 08:09:54.806     0     0 I node   0: [mem 0x00000000e0b00000-0x00000000e87fffff]
01-04 08:09:54.806     0     0 I node   0: [mem 0x00000000e8800000-0x00000000e9ffffff]
01-04 08:09:54.806     0     0 I node   0: [mem 0x00000000f1400000-0x00000000ffffffff]
01-04 08:09:54.806     0     0 I node   0: [mem 0x0000000800000000-0x00000008398fffff]
01-04 08:09:54.806     0     0 I node   0: [mem 0x0000000839f00000-0x000000083bcfffff]
01-04 08:09:54.806     0     0 I node   0: [mem 0x0000000840000000-0x0000000a7fffffff]
01-04 08:09:54.806     0     0 I         : Initmem setup node 0 [mem 0x0000000080000000-0x0000000a7fffffff]
01-04 08:09:54.806     0     0 D         : On node 0 totalpages: 3097344
01-04 08:09:54.806     0     0 D Normal zone: 48396 pages used for memmap
01-04 08:09:54.806     0     0 D Normal zone: 3097344 pages, LIFO batch:63
01-04 08:09:54.806     0     0 I         : On node 0, zone Normal: 768 pages in unavailable ranges
01-04 08:09:54.806     0     0 I         : On node 0, zone Normal: 768 pages in unavailable ranges
01-04 08:09:54.806     0     0 I psci    : probing for conduit method from DT.
01-04 08:09:54.806     0     0 I psci    : PSCIv1.1 detected in firmware.
01-04 08:09:54.806     0     0 I psci    : Using standard PSCI v0.2 function IDs
01-04 08:09:54.806     0     0 I psci    : MIGRATE_INFO_TYPE not supported.
01-04 08:09:54.806     0     0 I psci    : SMC Calling Convention v1.0
01-04 08:09:54.806     0     0 I psci    : OSI mode supported.
01-04 08:09:54.806     0     0 I Load bootconfig: 1345 bytes 80 nodes
01-04 08:09:54.806     0     0 I percpu  : Embedded 33 pages/cpu s96280 r8192 d30696 u135168
01-04 08:09:54.806     0     0 D pcpu-alloc: s96280 r8192 d30696 u135168 alloc=33*4096
01-04 08:09:54.806     0     0 D pcpu-alloc: [0] 0 [0] 1 [0] 2 [0] 3 [0] 4 [0] 5 [0] 6 [0] 7
01-04 08:09:54.806     0     0 I         : Detected PIPT I-cache on CPU0
01-04 08:09:54.806     0     0 W CPU features: SYS_ID_AA64MMFR1_EL1[11:8]: forced to 0
01-04 08:09:54.806     0     0 I CPU features: detected: GIC system register CPU interface
01-04 08:09:54.806     0     0 I CPU features: kernel page table isolation forced OFF by kpti command line option
01-04 08:09:54.806     0     0 I CPU features: detected: Hardware dirty bit management
01-04 08:09:54.806     0     0 I CPU features: detected: Spectre-v4
01-04 08:09:54.806     0     0 I CPU features: detected: Address authentication (architected algorithm)
01-04 08:09:54.806     0     0 I CPU features: detected: Branch Target Identification
01-04 08:09:54.806     0     0 I CPU features: detected: ARM erratum 2457168
01-04 08:09:54.806     0     0 I alternatives: patching kernel code
01-04 08:09:54.806     0     0 I         : Built 1 zonelists, mobility grouping on.  Total pages: 3048948
01-04 08:09:54.806     0     0 I         : Kernel command line: stack_depot_disable=on kasan.stacktrace=off kvm-arm.mode=protected cgroup_disable=pressure cgroup.memory=nokmem console=null loglevel=6 kpti=0 log_buf_len=256K kernel.panic_on_rcu_stall=1 swiotlb=noforce loop.max_part=7 cgroup.memory=nokmem,nosocket pcie_ports=compat msm_rtb.filter=0x237 allow_mismatched_32bit_el0 kasan=off rcupdate.rcu_expedited=1 rcu_nocbs=0-7 ftrace_dump_on_oops pstore.compress=none cpufreq.default_governor=performance can.stats_timer=0 fsa4480_i2c.async_probe=1 slub_debug=- disable_dma32=on video=vfb:640x400,bpp=32,memsize=3072000 printk.devkmsg=on firmware_class.path=/data/vendor/param/firmware bootconfig qcom_dload_mode.name=mini wifimacaddr=E4:26:D5:AE:9F:CE,E4:26:D5:AE:9F:CF msm_drm.dsi_display0=qcom,mdss_dsi_mot_csot_nt37701A_667_curve_1080x2400_dsc_cmd_v2: rootwait ro init=/init quiet
01-04 08:09:54.806     0     0 I cgroup  : Disabling pressure control group feature
01-04 08:09:54.806     0     0 I printk  : log_buf_len: 262144 bytes
01-04 08:09:54.806     0     0 I printk  : early log buf free: 123688(94%)
01-04 08:09:54.806     0     0 I         : Dentry cache hash table entries: 2097152 (order: 12, 16777216 bytes, linear)
01-04 08:09:54.806     0     0 I         : Inode-cache hash table entries: 1048576 (order: 11, 8388608 bytes, linear)
01-04 08:09:54.806     0     0 I mem auto-init: stack:all(zero), heap alloc:on, heap free:off
01-04 08:09:54.806     0     0 I         : software IO TLB: mapped [mem 0x00000000ffffe000-0x00000000ffffe800] (0MB)
01-04 08:09:54.806     0     0 I Memory  : 10925872K/12389376K available (26752K kernel code, 2076K rwdata, 10448K rodata, 3072K init, 990K bss, 1000656K reserved, 462848K cma-reserved)
01-04 08:09:54.806     0     0 I SLUB    : HWalign=64, Order=0-3, MinObjects=0, CPUs=8, Nodes=1
01-04 08:09:54.806     0     0 I rcu     : Preemptible hierarchical RCU implementation.
01-04 08:09:54.806     0     0 I rcu     : RCU event tracing is enabled.
01-04 08:09:54.806     0     0 I rcu     : RCU dyntick-idle grace-period acceleration is enabled.
01-04 08:09:54.806     0     0 I rcu     : RCU restricting CPUs from NR_CPUS=32 to nr_cpu_ids=8.
01-04 08:09:54.806     0     0 I rcu     : RCU priority boosting: priority 1 delay 500 ms.
01-04 08:09:54.806     0     0 I         : All grace periods are expedited (rcu_expedited).
01-04 08:09:54.806     0     0 I         : Trampoline variant of Tasks RCU enabled.
01-04 08:09:54.806     0     0 I         : Tracing variant of Tasks RCU enabled.
01-04 08:09:54.806     0     0 I rcu     : RCU calculated value of scheduler-enlistment delay is 25 jiffies.
01-04 08:09:54.806     0     0 I rcu     : Adjusting geometry for rcu_fanout_leaf=16, nr_cpu_ids=8
01-04 08:09:54.806     0     0 I NR_IRQS : 64, nr_irqs: 64, preallocated irqs: 0
01-04 08:09:54.806     0     0 I GICv3   : 988 SPIs implemented
01-04 08:09:54.806     0     0 I GICv3   : 0 Extended SPIs implemented
01-04 08:09:54.806     0     0 I GICv3   : Distributor has no Range Selector support
01-04 08:09:54.806     0     0 I GICv3   : 16 PPIs implemented
01-04 08:09:54.806     0     0 I GICv3   : Enabling SGIs without active state
01-04 08:09:54.806     0     0 I GICv3   : CPU0: found redistributor 0 region 0:0x0000000017180000
01-04 08:09:54.806     0     0 I         : ITS [mem 0x17140000-0x1715ffff]
01-04 08:09:54.806     0     0 W ITS@0x0000000017140000: Devices Table too large, reduce ids 32->19
01-04 08:09:54.806     0     0 W ITS@0x0000000017140000: Devices too large, reduce ITS pages 1024->256
01-04 08:09:54.806     0     0 I ITS@0x0000000017140000: allocated 131072 Devices @a0800000 (indirect, esz 8, psz 4K, shr 1)
01-04 08:09:54.806     0     0 I ITS@0x0000000017140000: allocated 4096 Interrupt Collections @839fcf000 (flat, esz 1, psz 4K, shr 1)
01-04 08:09:54.806     0     0 I GICv3   : using LPI property table @0x0000000839fe0000
01-04 08:09:54.806     0     0 I GICv3   : CPU0: using allocated LPI pending table @0x0000000839ff0000
01-04 08:09:54.806     0     0 I rcu     : Offload RCU callbacks from CPUs: 0-7.
01-04 08:09:54.806     0     0 I kfence  : initialized - using 524288 bytes for 63 objects at 0x(____ptrval____)-0x(____ptrval____)
01-04 08:09:54.806     0     0 I arch_timer: cp15 and mmio timer(s) running at 19.20MHz (virt/virt).
01-04 08:09:54.806     0     0 I clocksource: arch_sys_counter: mask: 0xffffffffffffff max_cycles: 0x46d987e47, max_idle_ns: 440795202767 ns
01-04 08:09:54.806     0     0 I sched_clock: 56 bits at 19MHz, resolution 52ns, wraps every 4398046511078ns
01-04 08:09:54.810     0     0 I         : Calibrating delay loop (skipped), value calculated using timer frequency.. 38.40 BogoMIPS (lpj=76800)
01-04 08:09:54.810     0     0 I pid_max : default: 32768 minimum: 301
01-04 08:09:54.810     0     0 I LSM     : Security Framework initializing
01-04 08:09:54.811     0     0 I SELinux : Initializing.
01-04 08:09:54.811     0     0 I         : Mount-cache hash table entries: 32768 (order: 6, 262144 bytes, linear)
01-04 08:09:54.811     0     0 I         : Mountpoint-cache hash table entries: 32768 (order: 6, 262144 bytes, linear)
01-04 08:09:54.812     1     1 I rcu     : Hierarchical SRCU implementation.
01-04 08:09:54.813     1     1 I Platform MSI: msi-controller@17140000 domain created
01-04 08:09:54.814     1     1 I PCI/MSI : /soc/interrupt-controller@17100000/msi-controller@17140000 domain created
01-04 08:09:54.814     1     1 I         : EFI services will not be available.
01-04 08:09:54.814     1     1 I smp     : Bringing up secondary CPUs ...
01-04 08:09:54.815     0     0 I         : Detected PIPT I-cache on CPU1
01-04 08:09:54.815     0     0 I GICv3   : CPU1: found redistributor 100 region 0:0x00000000171c0000
01-04 08:09:54.815     0     0 I GICv3   : CPU1: using allocated LPI pending table @0x00000000a0900000
01-04 08:09:54.816     0     0 I CPU1    : Booted secondary processor 0x0000000100 [0x410fd463]
01-04 08:09:54.817     0     0 I         : Detected PIPT I-cache on CPU2
01-04 08:09:54.817     0     0 I GICv3   : CPU2: found redistributor 200 region 0:0x0000000017200000
01-04 08:09:54.817     0     0 I GICv3   : CPU2: using allocated LPI pending table @0x00000000a0910000
01-04 08:09:54.817     0     0 I CPU2    : Booted secondary processor 0x0000000200 [0x410fd463]
01-04 08:09:54.818     0     0 I         : Detected PIPT I-cache on CPU3
01-04 08:09:54.818     0     0 I GICv3   : CPU3: found redistributor 300 region 0:0x0000000017240000
01-04 08:09:54.818     0     0 I GICv3   : CPU3: using allocated LPI pending table @0x00000000a0920000
01-04 08:09:54.818     0     0 I CPU3    : Booted secondary processor 0x0000000300 [0x410fd463]
01-04 08:09:54.821     0     0 I CPU features: detected: ARM erratum 2067961 or 2054223
01-04 08:09:54.821     0     0 I CPU features: detected: Spectre-BHB
01-04 08:09:54.821     0     0 I         : Detected PIPT I-cache on CPU4
01-04 08:09:54.821     0     0 W CPU features: SANITY CHECK: Unexpected variation in SYS_ID_AA64MMFR1_EL1. Boot CPU: 0x00000011212122, CPU4: 0x00000010212122
01-04 08:09:54.821     0     0 W CPU features: Unsupported CPU feature variation detected.
01-04 08:09:54.821     0     0 I GICv3   : CPU4: found redistributor 400 region 0:0x0000000017280000
01-04 08:09:54.821     0     0 I GICv3   : CPU4: using allocated LPI pending table @0x00000000a0930000
01-04 08:09:54.821     0     0 I CPU4    : Booted secondary processor 0x0000000400 [0x412fd470]
01-04 08:09:54.822     0     0 I         : Detected PIPT I-cache on CPU5
01-04 08:09:54.822     0     0 W CPU features: SANITY CHECK: Unexpected variation in SYS_ID_AA64MMFR1_EL1. Boot CPU: 0x00000011212122, CPU5: 0x00000010212122
01-04 08:09:54.822     0     0 I GICv3   : CPU5: found redistributor 500 region 0:0x00000000172c0000
01-04 08:09:54.822     0     0 I GICv3   : CPU5: using allocated LPI pending table @0x00000000a0940000
01-04 08:09:54.822     0     0 I CPU5    : Booted secondary processor 0x0000000500 [0x412fd470]
01-04 08:09:54.823     0     0 I         : Detected PIPT I-cache on CPU6
01-04 08:09:54.823     0     0 W CPU features: SANITY CHECK: Unexpected variation in SYS_ID_AA64MMFR1_EL1. Boot CPU: 0x00000011212122, CPU6: 0x00000010212122
01-04 08:09:54.823     0     0 I GICv3   : CPU6: found redistributor 600 region 0:0x0000000017300000
01-04 08:09:54.823     0     0 I GICv3   : CPU6: using allocated LPI pending table @0x00000000a0950000
01-04 08:09:54.823     0     0 I CPU6    : Booted secondary processor 0x0000000600 [0x412fd470]
01-04 08:09:54.826     0     0 I         : Detected PIPT I-cache on CPU7
01-04 08:09:54.826     0     0 W CPU features: SANITY CHECK: Unexpected variation in SYS_ID_AA64MMFR1_EL1. Boot CPU: 0x00000011212122, CPU7: 0x00000010212122
01-04 08:09:54.826     0     0 I GICv3   : CPU7: found redistributor 700 region 0:0x0000000017340000
01-04 08:09:54.826     0     0 I GICv3   : CPU7: using allocated LPI pending table @0x00000000a0960000
01-04 08:09:54.826     0     0 I CPU7    : Booted secondary processor 0x0000000700 [0x412fd480]
01-04 08:09:54.827     1     1 I smp     : Brought up 1 node, 8 CPUs
01-04 08:09:54.827     1     1 I SMP     : Total of 8 processors activated.
01-04 08:09:54.827     1     1 I CPU features: detected: Privileged Access Never
01-04 08:09:54.827     1     1 I CPU features: detected: LSE atomic instructions
01-04 08:09:54.827     1     1 I CPU features: detected: User Access Override
01-04 08:09:54.827     1     1 I CPU features: detected: Common not Private translations
01-04 08:09:54.827     1     1 I CPU features: detected: Data cache clean to the PoU not required for I/D coherence
01-04 08:09:54.827     1     1 I CPU features: detected: Stage-2 Force Write-Back
01-04 08:09:54.827     1     1 I CPU features: detected: CRC32 instructions
01-04 08:09:54.827     1     1 I CPU features: detected: Speculative Store Bypassing Safe (SSBS)
01-04 08:09:54.827     1     1 I CPU features: detected: Speculation barrier (SB)
01-04 08:09:54.827     1     1 I CPU features: detected: Generic authentication (architected algorithm)
01-04 08:09:54.827     1     1 I CPU features: detected: E0PD
01-04 08:09:54.827     1     1 I CPU features: detected: ARMv8.4 Translation Table Level
01-04 08:09:54.827     1     1 I CPU features: detected: TLB range maintenance instructions
01-04 08:09:54.827     1     1 I CPU features: detected: RCpc load-acquire (LDAPR)
01-04 08:09:54.856    64    64 I CPU features: detected CPU7: Activity Monitors Unit (AMU)
01-04 08:09:54.856    50    50 I CPU features: detected CPU5: Activity Monitors Unit (AMU)
01-04 08:09:54.856    42    42 I CPU features: detected CPU4: Activity Monitors Unit (AMU)
01-04 08:09:54.856    57    57 I CPU features: detected CPU6: Activity Monitors Unit (AMU)
01-04 08:09:54.856    18    18 I CPU features: detected CPU0: Activity Monitors Unit (AMU)
01-04 08:09:54.856    21    21 I CPU features: detected CPU1: Activity Monitors Unit (AMU)
01-04 08:09:54.856    35    35 I CPU features: detected CPU3: Activity Monitors Unit (AMU)
01-04 08:09:54.856    28    28 I CPU features: detected CPU2: Activity Monitors Unit (AMU)
01-04 08:09:54.891     1     1 I         : CPU: All CPU(s) started at EL1
01-04 08:09:54.937     1     1 I         : Registered cp15_barrier emulation handler
01-04 08:09:54.937     1     1 I         : Registered setend emulation handler
01-04 08:09:54.937     1     1 I         : KASLR enabled
01-04 08:09:54.937     1     1 I clocksource: jiffies: mask: 0xffffffff max_cycles: 0xffffffff, max_idle_ns: 7645041785100000 ns
01-04 08:09:54.937     1     1 I         : futex hash table entries: 2048 (order: 5, 131072 bytes, linear)
01-04 08:09:54.939     1     1 I pinctrl core: initialized pinctrl subsystem
01-04 08:09:54.939     1     1 I NET     : Registered protocol family 16
01-04 08:09:54.940     1     1 I DMA     : preallocated 2048 KiB GFP_KERNEL pool for atomic allocations
01-04 08:09:54.940     1     1 I audit   : initializing netlink subsys (disabled)
01-01 09:00:00.108   454   454 W auditd  : type=2000 audit(0.0:1): state=initialized audit_enabled=0 res=1
01-04 08:09:54.940     1     1 I thermal_sys: Registered thermal governor 'step_wise'
01-04 08:09:54.940     1     1 I thermal_sys: Registered thermal governor 'user_space'
01-04 08:09:54.940     1     1 I thermal_sys: Registered thermal governor 'power_allocator'
01-04 08:09:54.943     1     1 I cpuidle : using governor menu
01-04 08:09:54.943     1     1 I hw-breakpoint: found 6 breakpoint and 4 watchpoint registers.
01-04 08:09:54.943     1     1 I         : ASID allocator initialised with 65536 entries
01-04 08:09:54.943     1     1 I Serial  : AMBA PL011 UART driver
01-04 08:09:54.943     1     1 I printk  : console [ramoops-1] enabled
01-04 08:09:54.943     1     1 I pstore  : Registered ramoops as persistent store backend
01-04 08:09:54.943     1     1 I ramoops : using 0x60000@0xae000000, ecc: 0
01-04 08:09:54.954     1     1 E OF      : /soc/spf_core_platform/lpass-cdc/va-macro@33F0000: could not get #gpio-cells for /soc/interrupt-controller@17100000
01-04 08:09:54.974     1     1 I iommu   : Default domain type: Translated
01-04 08:09:54.975     1     1 I         : SCSI subsystem initialized
01-04 08:09:54.975     1     1 I usbcore : registered new interface driver usbfs
01-04 08:09:54.975     1     1 I usbcore : registered new interface driver hub
01-04 08:09:54.975     1     1 I usbcore : registered new device driver usb
01-04 08:09:54.975     1     1 I mc      : Linux media interface: v0.10
01-04 08:09:54.975     1     1 I videodev: Linux video capture interface: v2.00
01-04 08:09:54.975     1     1 I EDAC MC : Ver: 3.0.0
01-04 08:09:54.975     1     1 I CPUidle PSCI: Initialized CPU PM domain topology
01-04 08:09:54.975     1     1 I         : Advanced Linux Sound Architecture Driver Initialized.
01-04 08:09:54.975     1     1 I Bluetooth: Core ver 2.22
01-04 08:09:54.975     1     1 I NET     : Registered protocol family 31
01-04 08:09:54.975     1     1 I Bluetooth: HCI device and connection manager initialized
01-04 08:09:54.975     1     1 I Bluetooth: HCI socket layer initialized
01-04 08:09:54.975     1     1 I Bluetooth: L2CAP socket layer initialized
01-04 08:09:54.975     1     1 I Bluetooth: SCO socket layer initialized
01-04 08:09:54.975     1     1 I nfc     : nfc_init: NFC Core ver 0.1
01-04 08:09:54.975     1     1 I NET     : Registered protocol family 39
01-04 08:09:54.975    41    41 I CPU features: Asymmetric 32-bit EL0 support detected on CPU 4; CPU hot-unplug disabled on CPU 4
01-04 08:09:54.975     1     1 I clocksource: Switched to clocksource arch_sys_counter
01-04 08:09:54.985     1     1 I VFS     : Disk quotas dquot_6.6.0
01-04 08:09:54.985     1     1 I VFS     : Dquot-cache hash table entries: 512 (order 0, 4096 bytes)
01-04 08:09:54.986     1     1 I NET     : Registered protocol family 2
01-04 08:09:54.986     1     1 I         : IP idents hash table entries: 262144 (order: 9, 2097152 bytes, linear)
01-04 08:09:54.987     1     1 I         : tcp_listen_portaddr_hash hash table entries: 8192 (order: 5, 131072 bytes, linear)
01-04 08:09:54.987     1     1 I         : TCP established hash table entries: 131072 (order: 8, 1048576 bytes, linear)
01-04 08:09:54.987     1     1 I         : TCP bind hash table entries: 65536 (order: 8, 1048576 bytes, linear)
01-04 08:09:54.987     1     1 I TCP     : Hash tables configured (established 131072 bind 65536)
01-04 08:09:54.988     1     1 I         : UDP hash table entries: 8192 (order: 6, 262144 bytes, linear)
01-04 08:09:54.988     1     1 I         : UDP-Lite hash table entries: 8192 (order: 6, 262144 bytes, linear)
01-04 08:09:54.988     1     1 I NET     : Registered protocol family 1
01-04 08:09:54.988     1     1 I NET     : Registered protocol family 44
01-04 08:09:54.988     1     1 I PCI     : CLS 0 bytes, default 64
01-04 08:09:54.988     1     1 I         : Trying to unpack rootfs image as initramfs...
01-04 08:09:55.180     1     1 I         : Freeing initrd memory: 109420K
01-04 08:09:55.181     1     1 I hw perfevents: enabled with armv8_pmuv3 PMU driver, 7 counters available
01-04 08:09:55.181     1     1 I kvm [1] : HYP mode not available
01-04 08:09:55.184     1     1 I         : Initialise system trusted keyrings
01-04 08:09:55.184     1     1 I workingset: timestamp_bits=46 max_order=22 bucket_order=0
01-04 08:09:55.185     1     1 I fuse    : init (API version 7.32)
01-04 08:09:55.196     1     1 I         : Key type asymmetric registered
01-04 08:09:55.196     1     1 I         : Asymmetric key parser 'x509' registered
01-04 08:09:55.196     1     1 I         : Block layer SCSI generic (bsg) driver version 0.4 loaded (major 241)
01-04 08:09:55.196     1     1 I         : io scheduler mq-deadline registered
01-04 08:09:55.196     1     1 I         : io scheduler kyber registered
01-04 08:09:55.196     1     1 I         : io scheduler bfq registered
01-04 08:09:55.200     1     1 I brd     : module loaded
01-04 08:09:55.202     1     1 I loop    : module loaded
01-04 08:09:55.202     1     1 I wireguard: WireGuard 1.0.0 loaded. See www.wireguard.com for information.
01-04 08:09:55.202     1     1 I wireguard: Copyright (C) 2015-2019 Jason A. Donenfeld <Jason@zx2c4.com>. All Rights Reserved.
01-04 08:09:55.202     1     1 I tun     : Universal TUN/TAP device driver, 1.6
01-04 08:09:55.202     1     1 I         : CAN device driver interface
01-04 08:09:55.202     1     1 I         : PPP generic driver version 2.4.2
01-04 08:09:55.203     1     1 I         : PPP BSD Compression module registered
01-04 08:09:55.203     1     1 I         : PPP Deflate Compression module registered
01-04 08:09:55.203     1     1 I         : PPP MPPE Compression module registered
01-04 08:09:55.203     1     1 I NET     : Registered protocol family 24
01-04 08:09:55.203     1     1 I         : PPTP driver version 0.8.5
01-04 08:09:55.203     1     1 I usbcore : registered new interface driver rtl8150
01-04 08:09:55.203     1     1 I usbcore : registered new interface driver r8152
01-04 08:09:55.203     1     1 I usbcore : registered new interface driver cdc_ether
01-04 08:09:55.203     1     1 I usbcore : registered new interface driver cdc_eem
01-04 08:09:55.203     1     1 I usbcore : registered new interface driver cdc_ncm
01-04 08:09:55.203     1     1 I usbcore : registered new interface driver aqc111
01-04 08:09:55.203     1     1 I ehci_hcd: USB 2.0 'Enhanced' Host Controller (EHCI) Driver
01-04 08:09:55.203     1     1 I ehci-pci: EHCI PCI platform driver
01-04 08:09:55.203     1     1 I ehci-platform: EHCI generic platform driver
01-04 08:09:55.203     1     1 I usbcore : registered new interface driver cdc_acm
01-04 08:09:55.203     1     1 I cdc_acm : USB Abstract Control Model driver for USB modems and ISDN adapters
01-04 08:09:55.203     1     1 I usbcore : registered new interface driver uas
01-04 08:09:55.203     1     1 I usbcore : registered new interface driver usb-storage
01-04 08:09:55.203     1     1 I dummy_hcd.0: USB Host+Gadget Emulator, driver 02 May 2005
01-04 08:09:55.203     1     1 I dummy_hcd.0: Dummy host controller
01-04 08:09:55.203     1     1 I dummy_hcd.0: new USB bus registered, assigned bus number 1
01-04 08:09:55.203     1     1 I usb1    : New USB device found, idVendor=1d6b, idProduct=0002, bcdDevice= 5.10
01-04 08:09:55.203     1     1 I usb1    : New USB device strings: Mfr=3, Product=2, SerialNumber=1
01-04 08:09:55.203     1     1 I usb1    : Product: Dummy host controller
01-04 08:09:55.203     1     1 I usb1    : Manufacturer: Linux 5.10.168-android12-9-00001-g26e4292d27d7-ab10628739 dummy_hcd
01-04 08:09:55.203     1     1 I usb1    : SerialNumber: dummy_hcd.0
01-04 08:09:55.203     1     1 I hub 1-0 : 1.0: USB hub found
01-04 08:09:55.203     1     1 I hub 1-0 : 1.0: 1 port detected
01-04 08:09:55.204     1     1 I usbcore : registered new interface driver xpad
01-04 08:09:55.204     1     1 I usbcore : registered new interface driver uvcvideo
01-04 08:09:55.204     1     1 I         : USB Video Class driver (1.1.1)
01-04 08:09:55.204     1     1 I gspca_main: v2.14.0 registered
01-04 08:09:55.204     1     1 I device-mapper: uevent: version 1.0.3
01-04 08:09:55.204     1     1 I device-mapper: ioctl: 4.44.0-ioctl (2021-02-01) initialised: dm-devel@redhat.com
01-04 08:09:55.204     1     1 I Bluetooth: HCI UART driver ver 2.3
01-04 08:09:55.204     1     1 I Bluetooth: HCI UART protocol H4 registered
01-04 08:09:55.204     1     1 I Bluetooth: HCI UART protocol LL registered
01-04 08:09:55.204     1     1 I Bluetooth: HCI UART protocol Broadcom registered
01-04 08:09:55.204     1     1 I Bluetooth: HCI UART protocol QCA registered
01-04 08:09:55.204     1     1 I sdhci   : Secure Digital Host Controller Interface driver
01-04 08:09:55.204     1     1 I sdhci   : Copyright(c) Pierre Ossman
01-04 08:09:55.204     1     1 I sdhci-pltfm: SDHCI platform and OF driver helper
01-04 08:09:55.204     1     1 I hid     : raw HID events driver (C) Jiri Kosina
01-04 08:09:55.204     1     1 I usbcore : registered new interface driver usbhid
01-04 08:09:55.204     1     1 I usbhid  : USB HID core driver
01-04 08:09:55.204     1     1 I ashmem  : initialized
01-04 08:09:55.205     1     1 I gnss    : GNSS driver registered with major 234
01-04 08:09:55.205     1     1 I usbcore : registered new interface driver snd-usb-audio
01-04 08:09:55.205     1     1 I         : GACT probability NOT on
01-04 08:09:55.205     1     1 I         : Mirror/redirect action on
01-04 08:09:55.205     1     1 I netem   : version 1.3
01-04 08:09:55.205     1     1 I         : u32 classifier
01-04 08:09:55.205     1     1 I         : input device check on
01-04 08:09:55.205     1     1 I         : Actions configured
01-04 08:09:55.205     1     1 I xt_time : kernel timezone is -0000
01-04 08:09:55.205     1     1 I ipip    : IPv4 and MPLS over IPv4 tunneling driver
01-04 08:09:55.205     1     1 I gre     : GRE over IPv4 demultiplexor driver
01-04 08:09:55.205     1     1 I ip_gre  : GRE over IPv4 tunneling driver
01-04 08:09:55.205     1     1 I         : IPv4 over IPsec tunneling driver
01-04 08:09:55.206     1     1 I         : Initializing XFRM netlink socket
01-04 08:09:55.206     1     1 I         : IPsec XFRM device driver
01-04 08:09:55.206     1     1 I NET     : Registered protocol family 10
01-04 08:09:55.206     1     1 I         : Segment Routing with IPv6
01-04 08:09:55.206     1     1 I mip6    : Mobile IPv6
01-04 08:09:55.206     1     1 I sit     : IPv6, IPv4 and MPLS over IPv4 tunneling driver
01-04 08:09:55.206     1     1 I ip6_gre : GRE over IPv6 tunneling driver
01-04 08:09:55.206     1     1 I NET     : Registered protocol family 17
01-04 08:09:55.206     1     1 I NET     : Registered protocol family 15
01-04 08:09:55.206     1     1 I can     : controller area network core
01-04 08:09:55.206     1     1 I NET     : Registered protocol family 29
01-04 08:09:55.206     1     1 I can     : raw protocol
01-04 08:09:55.206     1     1 I can     : broadcast manager protocol
01-04 08:09:55.206     1     1 I can     : netlink gateway - max_hops=1
01-04 08:09:55.206     1     1 I Bluetooth: RFCOMM TTY layer initialized
01-04 08:09:55.206     1     1 I Bluetooth: RFCOMM socket layer initialized
01-04 08:09:55.206     1     1 I Bluetooth: RFCOMM ver 1.11
01-04 08:09:55.206     1     1 I Bluetooth: HIDP (Human Interface Emulation) ver 1.2
01-04 08:09:55.206     1     1 I Bluetooth: HIDP socket layer initialized
01-04 08:09:55.206     1     1 I l2tp_core: L2TP core driver, V2.0
01-04 08:09:55.206     1     1 I l2tp_ppp: PPPoL2TP kernel driver, V2.0
01-04 08:09:55.206     1     1 I tipc    : Activated (version 2.0.0)
01-04 08:09:55.206     1     1 I NET     : Registered protocol family 30
01-04 08:09:55.206     1     1 I tipc    : Started in single node mode
01-04 08:09:55.206     1     1 I NET     : Registered protocol family 36
01-04 08:09:55.206     1     1 I NET     : Registered protocol family 40
01-04 08:09:55.206     1     1 I         : registered taskstats version 1
01-04 08:09:55.206     1     1 I         : Loading compiled-in X.509 certificates
01-04 08:09:55.207     1     1 I         : page_owner is disabled
01-04 08:09:55.207     1     1 I         : Key type .fscrypt registered
01-04 08:09:55.207     1     1 I         : Key type fscrypt-provisioning registered
01-04 08:09:55.207     1     1 W         : ********************************************************************
01-04 08:09:55.207     1     1 W         : **     NOTICE NOTICE NOTICE NOTICE NOTICE NOTICE NOTICE           **
01-04 08:09:55.207     1     1 W         : **                                                                **
01-04 08:09:55.207     1     1 W         : **  WRITEABLE clk DebugFS SUPPORT HAS BEEN ENABLED IN THIS KERNEL **
01-04 08:09:55.207     1     1 W         : **                                                                **
01-04 08:09:55.207     1     1 W         : ** This means that this kernel is built to expose clk operations  **
01-04 08:09:55.207     1     1 W         : ** such as parent or rate setting, enabling, disabling, etc.      **
01-04 08:09:55.207     1     1 W         : ** to userspace, which may compromise security on your system.    **
01-04 08:09:55.207     1     1 W         : **                                                                **
01-04 08:09:55.207     1     1 W         : ** If you see this message and you are not debugging the          **
01-04 08:09:55.207     1     1 W         : ** kernel, report this immediately to your vendor!                **
01-04 08:09:55.207     1     1 W         : **                                                                **
01-04 08:09:55.207     1     1 W         : **     NOTICE NOTICE NOTICE NOTICE NOTICE NOTICE NOTICE           **
01-04 08:09:55.207     1     1 W         : ********************************************************************
01-04 08:09:55.208     1     1 I         : ALSA device list:
01-04 08:09:55.208     1     1 I         : No soundcards found.
01-04 08:09:55.208     1     1 E         : Warning: unable to open an initial console.
01-04 08:09:55.208     1     1 I         : Freeing unused kernel memory: 3072K
01-04 08:09:55.250     1     1 I         : Run /init as init process
01-04 08:09:55.250     1     1 D with arguments:  
01-04 08:09:55.250     1     1 D         : /init
01-04 08:09:55.250     1     1 D with environment:  
01-04 08:09:55.250     1     1 D         : HOME=/
01-04 08:09:55.250     1     1 D         : TERM=linux
01-04 08:09:55.250     1     1 D wifimacaddr=E4: 26:D5:AE:9F:CE,E4:26:D5:AE:9F:CF
01-04 08:09:55.311     1     1 I init    : init first stage started!
01-04 08:09:55.311     1     1 E init    : alias lines in modules.alias must have 3 entries, not 4
01-04 08:09:55.312     1     1 I init    : Loading module /lib/modules/qcom_hwspinlock.ko with args ''
01-04 08:09:55.314     1     1 I init    : Loaded kernel module /lib/modules/qcom_hwspinlock.ko
01-04 08:09:55.314     1     1 I init    : Loading module /lib/modules/smem.ko with args ''
01-04 08:09:55.316     1     1 I init    : Loaded kernel module /lib/modules/smem.ko
01-04 08:09:55.316     1     1 I init    : Loading module /lib/modules/minidump.ko with args ''
01-04 08:09:55.323     1     1 I Minidump: Enabled with max number of regions 200
01-04 08:09:55.323     1     1 I init    : Loaded kernel module /lib/modules/minidump.ko
01-04 08:09:55.323     1     1 I init    : Loading module /lib/modules/qcom-scm.ko with args ''
01-04 08:09:55.326     1     1 I qcom-scm: __get_convention: qcom_scm: convention: smc arm 64
01-04 08:09:55.326     1     1 E         : qtee shmbridge registered default bridge with size 4194304 bytes
01-04 08:09:55.327     1     1 W         : shmbridge is enabled
01-04 08:09:55.327     1     1 E qcom-scm: scm_mem_protection_init_do: SCM call failed -5, resp 0
01-04 08:09:55.327     1     1 I init    : Loaded kernel module /lib/modules/qcom-scm.ko
01-04 08:09:55.327     1     1 I init    : Loading module /lib/modules/qcom_wdt_core.ko with args ''
01-04 08:09:55.329     1     1 I init    : Loaded kernel module /lib/modules/qcom_wdt_core.ko
01-04 08:09:55.329     1     1 I init    : Loading module /lib/modules/gh_virt_wdt.ko with args ''
01-04 08:09:55.331     1     1 I gh-watchdog hypervisor: qcom,gh-watchdog: QCOM Apps Watchdog Initialized
01-04 08:09:55.331     1     1 I init    : Loaded kernel module /lib/modules/gh_virt_wdt.ko
01-04 08:09:55.331     1     1 I init    : Loading module /lib/modules/qcom_cpu_vendor_hooks.ko with args ''
01-04 08:09:55.332     1     1 I init    : Loaded kernel module /lib/modules/qcom_cpu_vendor_hooks.ko
01-04 08:09:55.332     1     1 I init    : Loading module /lib/modules/qcom_ipc_logging.ko with args ''
01-04 08:09:55.333     1     1 I init    : Loaded kernel module /lib/modules/qcom_ipc_logging.ko
01-04 08:09:55.333     1     1 I init    : Loading module /lib/modules/cmd-db.ko with args ''
01-04 08:09:55.335     1     1 I init    : Loaded kernel module /lib/modules/cmd-db.ko
01-04 08:09:55.335     1     1 I init    : Loading module /lib/modules/qcom_rpmh.ko with args ''
01-04 08:09:55.338     1     1 I init    : Loaded kernel module /lib/modules/qcom_rpmh.ko
01-04 08:09:55.338     1     1 I init    : Loading module /lib/modules/clk-rpmh.ko with args ''
01-04 08:09:55.340     1     1 I init    : Loaded kernel module /lib/modules/clk-rpmh.ko
01-04 08:09:55.340     1     1 I init    : Loading module /lib/modules/debug-regulator.ko with args ''
01-04 08:09:55.341     1     1 I init    : Loaded kernel module /lib/modules/debug-regulator.ko
01-04 08:09:55.341     1     1 I init    : Loading module /lib/modules/proxy-consumer.ko with args ''
01-04 08:09:55.342     1     1 I init    : Loaded kernel module /lib/modules/proxy-consumer.ko
01-04 08:09:55.342     1     1 I init    : Loading module /lib/modules/gdsc-regulator.ko with args ''
01-04 08:09:55.344     1     1 I init    : Loaded kernel module /lib/modules/gdsc-regulator.ko
01-04 08:09:55.344     1     1 I init    : Loading module /lib/modules/clk-qcom.ko with args ''
01-04 08:09:55.345     1     1 I init    : Loaded kernel module /lib/modules/clk-qcom.ko
01-04 08:09:55.345     1     1 I init    : Loading module /lib/modules/clk-dummy.ko with args ''
01-04 08:09:55.347     1     1 I init    : Loaded kernel module /lib/modules/clk-dummy.ko
01-04 08:09:55.347     1     1 I init    : Loading module /lib/modules/gcc-waipio.ko with args ''
01-04 08:09:55.349     1     1 I init    : Loaded kernel module /lib/modules/gcc-waipio.ko
01-04 08:09:55.349     1     1 I init    : Loading module /lib/modules/icc-bcm-voter.ko with args ''
01-04 08:09:55.350     1     1 I init    : Loaded kernel module /lib/modules/icc-bcm-voter.ko
01-04 08:09:55.351     1     1 I init    : Loading module /lib/modules/icc-debug.ko with args ''
01-04 08:09:55.352     1     1 I init    : Loaded kernel module /lib/modules/icc-debug.ko
01-04 08:09:55.352     1     1 I init    : Loading module /lib/modules/icc-rpmh.ko with args ''
01-04 08:09:55.353     1     1 I init    : Loaded kernel module /lib/modules/icc-rpmh.ko
01-04 08:09:55.353     1     1 I init    : Loading module /lib/modules/qcom_ipcc.ko with args ''
01-04 08:09:55.355     1     1 I init    : Loaded kernel module /lib/modules/qcom_ipcc.ko
01-04 08:09:55.355     1     1 I init    : Loading module /lib/modules/qcom-pdc.ko with args ''
01-04 08:09:55.356     1     1 I init    : Loaded kernel module /lib/modules/qcom-pdc.ko
01-04 08:09:55.357     1     1 I init    : Loading module /lib/modules/qcom_tsens.ko with args ''
01-04 08:09:55.363     1     1 I init    : Loaded kernel module /lib/modules/qcom_tsens.ko
01-04 08:09:55.363     1     1 I init    : Loading module /lib/modules/rpmh-regulator.ko with args ''
01-04 08:09:55.366     1     1 I pm8350c_s2_gfx_voter_level: supplied by pm8350_s5_level
01-04 08:09:55.368     1     1 I gpu_cc_cx_gdsc: supplied by pm8350c_s6_level
01-04 08:09:55.368     1     1 E rpmh_regulator_probe: ldof1: could not find RPMh address for resource
01-04 08:09:55.368     1     1 E rpmh_regulator_probe: ldof2: could not find RPMh address for resource
01-04 08:09:55.368     1     1 E rpmh_regulator_probe: ldof4: could not find RPMh address for resource
01-04 08:09:55.368     1     1 E rpmh_regulator_probe: ldof5: could not find RPMh address for resource
01-04 08:09:55.368     1     1 E rpmh_regulator_probe: ldof6: could not find RPMh address for resource
01-04 08:09:55.369     1     1 I pm8450_s4_level: supplied by pm8350c_s6_mmcx_sup_level
01-04 08:09:55.369     7     7 I gpu_cc_gx_gdsc: supplied by pm8350c_s2_gfx_voter_level
01-04 08:09:55.369     1     1 I pm8350c_s2_mmcx_voter_level: supplied by pm8450_s4_level
01-04 08:09:55.369     1     1 E rpmh_regulator_probe: ldoi2: could not find RPMh address for resource
01-04 08:09:55.369     1     1 E rpmh_regulator_probe: ldoi3: could not find RPMh address for resource
01-04 08:09:55.369     1     1 E rpmh_regulator_probe: ldoi4: could not find RPMh address for resource
01-04 08:09:55.369     1     1 E rpmh_regulator_probe: ldoi6: could not find RPMh address for resource
01-04 08:09:55.369     1     1 E rpmh_regulator_probe: ldoi7: could not find RPMh address for resource
01-04 08:09:55.369     1     1 E rpmh_regulator_probe: ldoj1: could not find RPMh address for resource
01-04 08:09:55.369     1     1 E rpmh_regulator_probe: ldoj2: could not find RPMh address for resource
01-04 08:09:55.369     1     1 E rpmh_regulator_probe: ldoj3: could not find RPMh address for resource
01-04 08:09:55.370     1     1 E rpmh_regulator_probe: ldoj4: could not find RPMh address for resource
01-04 08:09:55.370     1     1 E rpmh_regulator_probe: ldoj5: could not find RPMh address for resource
01-04 08:09:55.370     1     1 E rpmh_regulator_probe: ldoj6: could not find RPMh address for resource
01-04 08:09:55.370     1     1 E rpmh_regulator_probe: ldoj7: could not find RPMh address for resource
01-04 08:09:55.370     1     1 I init    : Loaded kernel module /lib/modules/rpmh-regulator.ko
01-04 08:09:55.370     1     1 I init    : Loading module /lib/modules/dcvs_fp.ko with args ''
01-04 08:09:55.370     7     7 I gcc_pcie_0_gdsc: supplied by pm8350c_s6_level
01-04 08:09:55.371     7     7 I gcc_pcie_1_gdsc: supplied by pm8350c_s6_level
01-04 08:09:55.371     7     7 I gcc_ufs_phy_gdsc: supplied by pm8350c_s6_level
01-04 08:09:55.372     1     1 I init    : Loaded kernel module /lib/modules/dcvs_fp.ko
01-04 08:09:55.372     1     1 I init    : Loading module /lib/modules/qcom-dcvs.ko with args ''
01-04 08:09:55.374     1     1 I init    : Loaded kernel module /lib/modules/qcom-dcvs.ko
01-04 08:09:55.374     1     1 I init    : Loading module /lib/modules/bwmon.ko with args ''
01-04 08:09:55.375     1     1 I init    : Loaded kernel module /lib/modules/bwmon.ko
01-04 08:09:55.375     1     1 I init    : Loading module /lib/modules/qcom-cpufreq-hw.ko with args ''
01-04 08:09:55.376     1     1 I init    : Loaded kernel module /lib/modules/qcom-cpufreq-hw.ko
01-04 08:09:55.376     1     1 I init    : Loading module /lib/modules/sched-walt.ko with args ''
01-04 08:09:55.380     1     1 I init    : Loaded kernel module /lib/modules/sched-walt.ko
01-04 08:09:55.380     1     1 I init    : Loading module /lib/modules/thermal_pause.ko with args ''
01-04 08:09:55.383     1     1 I init    : Loaded kernel module /lib/modules/thermal_pause.ko
01-04 08:09:55.383     1     1 I init    : Loading module /lib/modules/cpu_hotplug.ko with args ''
01-04 08:09:55.386     7     7 I gcc-waipio 100000.clock-controller: Registered GCC clocks
01-04 08:09:55.387     1     1 I init    : Loaded kernel module /lib/modules/cpu_hotplug.ko
01-04 08:09:55.387     1     1 I init    : Loading module /lib/modules/cfg80211.ko with args ''
01-04 08:09:55.389     7     7 I video_cc_mvs0c_gdsc: supplied by pm8350c_s2_mmcx_voter_level
01-04 08:09:55.389     7     7 I video_cc_mvs1c_gdsc: supplied by pm8350c_s2_mmcx_voter_level
01-04 08:09:55.390     7     7 I cam_cc_bps_gdsc: supplied by pm8350c_s2_mmcx_voter_level
01-04 08:09:55.390     7     7 I cam_cc_ife_0_gdsc: supplied by pm8350c_s2_mmcx_voter_level
01-04 08:09:55.390     7     7 I cam_cc_ife_1_gdsc: supplied by pm8350c_s2_mmcx_voter_level
01-04 08:09:55.391     7     7 I cam_cc_ife_2_gdsc: supplied by pm8350c_s2_mmcx_voter_level
01-04 08:09:55.391     7     7 I cam_cc_ipe_0_gdsc: supplied by pm8350c_s2_mmcx_voter_level
01-04 08:09:55.391     7     7 I cam_cc_sbi_gdsc: supplied by pm8350c_s2_mmcx_voter_level
01-04 08:09:55.391     7     7 I cam_cc_sfe_0_gdsc: supplied by pm8350c_s2_mmcx_voter_level
01-04 08:09:55.392     7     7 I cam_cc_sfe_1_gdsc: supplied by pm8350c_s2_mmcx_voter_level
01-04 08:09:55.392     7     7 I cam_cc_titan_top_gdsc: supplied by pm8350c_s2_mmcx_voter_level
01-04 08:09:55.392     7     7 I disp_cc_mdss_core_gdsc: supplied by pm8450_s4_level
01-04 08:09:55.393     7     7 I disp_cc_mdss_core_int2_gdsc: supplied by pm8450_s4_level
01-04 08:09:55.394     1     1 I cfg80211: Loading compiled-in X.509 certificates for regulatory database
01-04 08:09:55.396     7     7 I cpu0    : EM: created perf domain
01-04 08:09:55.397     7     7 I cpu4    : EM: created perf domain
01-04 08:09:55.397     1     1 I cfg80211: Loaded X.509 cert 'sforshee: 00b28ddf47aef9cea7'
01-04 08:09:55.398   170   170 W platform regulatory.0: Direct firmware load for regulatory.db failed with error -2
01-04 08:09:55.398   170   170 I cfg80211: failed to load regulatory.db
01-04 08:09:55.399     7     7 I cpu7    : EM: created perf domain
01-04 08:09:55.400     1     1 I init    : Loaded kernel module /lib/modules/cfg80211.ko
01-04 08:09:55.400     1     1 I init    : Loading module /lib/modules/tmecom-intf.ko with args ''
01-04 08:09:55.401     1     1 I init    : Loaded kernel module /lib/modules/tmecom-intf.ko
01-04 08:09:55.401     1     1 I init    : Loading module /lib/modules/hwkm.ko with args ''
01-04 08:09:55.402     1     1 I init    : Loaded kernel module /lib/modules/hwkm.ko
01-04 08:09:55.402     1     1 I init    : Loading module /lib/modules/crypto-qti-hwkm.ko with args ''
01-04 08:09:55.403     1     1 I init    : Loaded kernel module /lib/modules/crypto-qti-hwkm.ko
01-04 08:09:55.403     1     1 I init    : Loading module /lib/modules/crypto-qti-common.ko with args ''
01-04 08:09:55.404     1     1 I init    : Loaded kernel module /lib/modules/crypto-qti-common.ko
01-04 08:09:55.404     1     1 I init    : Loading module /lib/modules/cqhci.ko with args ''
01-04 08:09:55.405   180   180 I core_ctl: Creating CPU group 0
01-04 08:09:55.405   180   180 I core_ctl: Init CPU0 state
01-04 08:09:55.405   180   180 I core_ctl: Init CPU1 state
01-04 08:09:55.405   180   180 I core_ctl: Init CPU2 state
01-04 08:09:55.405   180   180 I core_ctl: Init CPU3 state
01-04 08:09:55.405   180   180 I core_ctl: Creating CPU group 4
01-04 08:09:55.405   180   180 I core_ctl: Init CPU4 state
01-04 08:09:55.405   180   180 I core_ctl: Init CPU5 state
01-04 08:09:55.405   180   180 I core_ctl: Init CPU6 state
01-04 08:09:55.405   180   180 I core_ctl: Creating CPU group 7
01-04 08:09:55.405   180   180 I core_ctl: Init CPU7 state
01-04 08:09:55.405     7     7 I video_cc_mvs0_gdsc: supplied by video_cc_mvs0c_gdsc
01-04 08:09:55.405     7     7 I video_cc_mvs1_gdsc: supplied by video_cc_mvs1c_gdsc
01-04 08:09:55.406     1     1 I init    : Loaded kernel module /lib/modules/cqhci.ko
01-04 08:09:55.406     1     1 I init    : Loading module /lib/modules/dispcc-diwali.ko with args ''
01-04 08:09:55.407     1     1 I init    : Loaded kernel module /lib/modules/dispcc-diwali.ko
01-04 08:09:55.407     1     1 I init    : Loading module /lib/modules/dispcc-waipio.ko with args ''
01-04 08:09:55.410     1     1 W         : disp_cc_pll0 PLL is already enabled
01-04 08:09:55.410     1     1 I disp_cc-waipio af00000.clock-controller: Registered DISP CC clocks
01-04 08:09:55.411     1     1 I init    : Loaded kernel module /lib/modules/dispcc-waipio.ko
01-04 08:09:55.411     1     1 I init    : Loading module /lib/modules/gcc-diwali.ko with args ''
01-04 08:09:55.412     1     1 I init    : Loaded kernel module /lib/modules/gcc-diwali.ko
01-04 08:09:55.412     1     1 I init    : Loading module /lib/modules/gh_arm_drv.ko with args ''
01-04 08:09:55.414     1     1 I init    : Loaded kernel module /lib/modules/gh_arm_drv.ko
01-04 08:09:55.414     1     1 I init    : Loading module /lib/modules/gh_ctrl.ko with args ''
01-04 08:09:55.415     1     1 I init    : Loaded kernel module /lib/modules/gh_ctrl.ko
01-04 08:09:55.415     1     1 I init    : Loading module /lib/modules/gh_dbl.ko with args ''
