01-04 08:10:03.856   464   464 I recovery: type=1400 audit(0.0:152): avc: denied { write } for name="unencrypted" dev="dm-6" ino=13 scontext=u:r:recovery:s0 tcontext=u:object_r:unencrypted_data_file:s0 tclass=dir permissive=1
01-04 08:10:03.856   464   464 I recovery: type=1400 audit(0.0:153): avc: denied { add_name } for name="mode" scontext=u:r:recovery:s0 tcontext=u:object_r:unencrypted_data_file:s0 tclass=dir permissive=1
01-04 08:10:03.856   464   464 I recovery: type=1400 audit(0.0:154): avc: denied { create } for name="mode" scontext=u:r:recovery:s0 tcontext=u:object_r:unencrypted_data_file:s0 tclass=file permissive=1
01-04 08:10:03.856   464   464 I recovery: type=1400 audit(0.0:155): avc: denied { write } for name="mode" dev="dm-6" ino=20 scontext=u:r:recovery:s0 tcontext=u:object_r:unencrypted_data_file:s0 tclass=file permissive=1
01-04 08:10:03.861   464   464 I recovery: Wrote system DE key reference to:/data/unencrypted/ref
01-04 08:10:03.861   464   464 I recovery: Generating wrapped storage key
01-04 08:10:03.861   555   558 E SELinux : avc:  denied  { rebind } for  scontext=u:r:recovery:s0 tcontext=u:object_r:vold_key:s0 tclass=keystore2_key permissive=1
01-04 08:10:03.644   550   550 I fscrypt : AES-256-CTS-CBC using implementation "cts-cbc-aes-ce"
01-04 08:10:03.646   550   550 I QSEECOM : qseecom_scm_call2: svc_id = 0xfc, tz_cmd_id = 0x1, qseos_cmd_id = 0x1c, smc_id = 0x30000006, param_id = 0x8887
01-04 08:10:03.646   550   550 I QSEECOM : qseecom_scm_call2: scm_resp->result = 0x1, scm_resp->resp_type = 0x0, scm_resp->data = 0x2000
01-04 08:10:03.865   536   540 D DrmLibTime: got the req here! ret=0
01-04 08:10:03.865   536   540 D DrmLibTime: command id, time_cmd_id = 770
01-04 08:10:03.865   536   540 D DrmLibTime: time_getutcsec starts!
01-04 08:10:03.865   536   540 D DrmLibTime: QSEE Time Listener: time_getutcsec
01-04 08:10:03.865   536   540 D DrmLibTime: QSEE Time Listener: get_utc_seconds
01-04 08:10:03.865   536   540 D DrmLibTime: QSEE Time Listener: time_get_modem_time
01-04 08:10:03.865   536   540 D DrmLibTime: QSEE Time Listener: Checking if ATS_MODEM is set or not.
01-04 08:10:03.865   536   540 D QC-time-services: Lib:time_genoff_operation: pargs->base = 13
01-04 08:10:03.865   536   540 D QC-time-services: Lib:time_genoff_operation: pargs->operation = 2
01-04 08:10:03.865   536   540 D QC-time-services: Lib:time_genoff_operation: pargs->ts_val = 0
01-04 08:10:03.865   536   540 E QC-time-services: Lib:time_genoff_operation: Connection failed !!
01-04 08:10:03.865   536   540 D DrmLibTime: QSEE Time Listener: ATS_MODEM is not set. Fallback to Android system time.
01-04 08:10:03.865   536   540 D DrmLibTime: QSEE Time Listener: Retrieved Android system time: 256203
01-04 08:10:03.647   550   550 I QSEECOM : qseecom_scm_call2: svc_id = 0xfc, tz_cmd_id = 0x1, qseos_cmd_id = 0x1f, smc_id = 0x32000205, param_id = 0x204
01-04 08:10:03.648   550   550 I QSEECOM : qseecom_scm_call2: scm_resp->result = 0x1, scm_resp->resp_type = 0x0, scm_resp->data = 0xb
01-04 08:10:03.669   550   550 I QSEECOM : qseecom_scm_call2: svc_id = 0xfc, tz_cmd_id = 0x1, qseos_cmd_id = 0x1f, smc_id = 0x32000205, param_id = 0x204
01-04 08:10:03.669   550   550 I QSEECOM : qseecom_scm_call2: scm_resp->result = 0x0, scm_resp->resp_type = 0xee01, scm_resp->data = 0x1
01-04 08:10:03.698   550   550 I QSEECOM : qseecom_scm_call2: svc_id = 0xfc, tz_cmd_id = 0x1, qseos_cmd_id = 0x1c, smc_id = 0x30000006, param_id = 0x8887
01-04 08:10:03.698   550   550 I QSEECOM : qseecom_scm_call2: scm_resp->result = 0x0, scm_resp->resp_type = 0xee01, scm_resp->data = 0x1
01-04 08:10:03.912   464   464 I recovery: type=1400 audit(0.0:156): avc: denied { ioctl } for path="/data" dev="dm-6" ino=3 ioctlcmd=0x6617 scontext=u:r:recovery:s0 tcontext=u:object_r:system_data_root_file:s0 tclass=dir permissive=1
01-04 08:10:03.937   464   464 I recovery: Installed fscrypt key with ref 69b312f8118fcbd28d9a263097d33f3b to /data
01-04 08:10:03.938   464   464 I recovery: Added fscrypt-provisioning key for 69b312f8118fcbd28d9a263097d33f3b to session keyring
01-04 08:10:03.938   464   464 I recovery: Wrote per boot key reference to:/data/unencrypted/per_boot_ref
01-04 08:10:03.938   464   464 I recovery: fscrypt_init_user0
01-04 08:10:03.936   464   464 I recovery: type=1400 audit(0.0:157): avc: denied { search } for name="vold" dev="dm-6" ino=78 scontext=u:r:recovery:s0 tcontext=u:object_r:vold_data_file:s0 tclass=dir permissive=1
01-04 08:10:03.936   464   464 I recovery: type=1400 audit(0.0:158): avc: denied { getattr } for path="/data/misc/vold/user_keys" dev="dm-6" ino=255 scontext=u:r:recovery:s0 tcontext=u:object_r:vold_data_file:s0 tclass=dir permissive=1
01-04 08:10:03.936   464   464 I recovery: type=1400 audit(0.0:159): avc: denied { read } for name="de" dev="dm-6" ino=257 scontext=u:r:recovery:s0 tcontext=u:object_r:vold_data_file:s0 tclass=dir permissive=1
01-04 08:10:03.936   464   464 I recovery: type=1400 audit(0.0:160): avc: denied { open } for path="/data/misc/vold/user_keys/de" dev="dm-6" ino=257 scontext=u:r:recovery:s0 tcontext=u:object_r:vold_data_file:s0 tclass=dir permissive=1
01-04 08:10:03.940   464   464 I recovery: fscrypt::load_all_de_keys::retrieveKey
01-04 08:10:03.940   464   464 I recovery: Retrieving key from keymaster
01-04 08:10:03.936   464   464 I recovery: type=1400 audit(0.0:161): avc: denied { read } for name="version" dev="dm-6" ino=266 scontext=u:r:recovery:s0 tcontext=u:object_r:vold_data_file:s0 tclass=file permissive=1
01-04 08:10:03.936   464   464 I recovery: type=1400 audit(0.0:162): avc: denied { open } for path="/data/misc/vold/user_keys/de/0/version" dev="dm-6" ino=266 scontext=u:r:recovery:s0 tcontext=u:object_r:vold_data_file:s0 tclass=file permissive=1
01-04 08:10:03.936   464   464 I recovery: type=1400 audit(0.0:163): avc: denied { getattr } for path="/data/misc/vold/user_keys/de/0/version" dev="dm-6" ino=266 scontext=u:r:recovery:s0 tcontext=u:object_r:vold_data_file:s0 tclass=file permissive=1
01-04 08:10:03.960   464   464 I recovery: reading blob_file: /data/misc/vold/user_keys/de/0/keymaster_key_blob
01-04 08:10:03.960   464   464 E recovery: key mkdir /tmp/keymaster_key_blob/: File exists
01-04 08:10:03.970   550   550 E KeymasterUtils: rsp_header->status: -62
01-04 08:10:03.970   550   550 E KeyMasterHalDevice: keymint_begin_operation
01-04 08:10:03.970   550   550 E KeyMasterHalDevice: ret: -62
01-04 08:10:03.752   550   550 I QSEECOM : qseecom_scm_call2: svc_id = 0xfc, tz_cmd_id = 0x1, qseos_cmd_id = 0x1c, smc_id = 0x30000006, param_id = 0x8887
01-04 08:10:03.752   550   550 I QSEECOM : qseecom_scm_call2: scm_resp->result = 0x0, scm_resp->resp_type = 0xee01, scm_resp->data = 0x1
01-04 08:10:03.761   550   550 I QSEECOM : qseecom_scm_call2: svc_id = 0xfc, tz_cmd_id = 0x1, qseos_cmd_id = 0x1c, smc_id = 0x30000006, param_id = 0x8887
01-04 08:10:03.761   550   550 I QSEECOM : qseecom_scm_call2: scm_resp->result = 0x1, scm_resp->resp_type = 0x0, scm_resp->data = 0x2000
01-04 08:10:03.772   550   550 I QSEECOM : qseecom_scm_call2: svc_id = 0xfc, tz_cmd_id = 0x1, qseos_cmd_id = 0x1f, smc_id = 0x32000205, param_id = 0x204
01-04 08:10:03.772   550   550 I QSEECOM : qseecom_scm_call2: scm_resp->result = 0x0, scm_resp->resp_type = 0xee01, scm_resp->data = 0x1
01-04 08:10:03.998   464   464 I recovery: Upgrading key: /data/misc/vold/user_keys/de/0/keymaster_key_blob
01-04 08:10:03.780   550   550 I QSEECOM : qseecom_scm_call2: svc_id = 0xfc, tz_cmd_id = 0x1, qseos_cmd_id = 0x1c, smc_id = 0x30000006, param_id = 0x8887
01-04 08:10:03.780   550   550 I QSEECOM : qseecom_scm_call2: scm_resp->result = 0x0, scm_resp->resp_type = 0xee01, scm_resp->data = 0x1
01-04 08:10:03.781   550   550 I QSEECOM : qseecom_scm_call2: svc_id = 0xfc, tz_cmd_id = 0x1, qseos_cmd_id = 0x1c, smc_id = 0x30000006, param_id = 0x8887
01-04 08:10:03.781   550   550 I QSEECOM : qseecom_scm_call2: scm_resp->result = 0x0, scm_resp->resp_type = 0xee01, scm_resp->data = 0x1
01-04 08:10:03.782   550   550 I QSEECOM : qseecom_scm_call2: svc_id = 0xfc, tz_cmd_id = 0x1, qseos_cmd_id = 0x1c, smc_id = 0x30000006, param_id = 0x8887
01-04 08:10:03.782   550   550 I QSEECOM : qseecom_scm_call2: scm_resp->result = 0x0, scm_resp->resp_type = 0xee01, scm_resp->data = 0x1
01-04 08:10:04.000   550   550 E KeymasterUtils: rsp_header->status: -28
01-04 08:10:04.000   550   550 E KeyMasterHalDevice: abort_operation
01-04 08:10:04.000   550   550 E KeyMasterHalDevice: ret: -28
01-04 08:10:03.782   550   550 I QSEECOM : qseecom_scm_call2: svc_id = 0xfc, tz_cmd_id = 0x1, qseos_cmd_id = 0x1c, smc_id = 0x30000006, param_id = 0x8887
01-04 08:10:03.782   550   550 I QSEECOM : qseecom_scm_call2: scm_resp->result = 0x0, scm_resp->resp_type = 0xee01, scm_resp->data = 0x1
01-04 08:10:03.810   550   550 I QSEECOM : qseecom_scm_call2: svc_id = 0xfc, tz_cmd_id = 0x1, qseos_cmd_id = 0x1c, smc_id = 0x30000006, param_id = 0x8887
01-04 08:10:03.810   550   550 I QSEECOM : qseecom_scm_call2: scm_resp->result = 0x0, scm_resp->resp_type = 0xee01, scm_resp->data = 0x1
01-04 08:10:04.024   464   464 I recovery: type=1400 audit(0.0:164): avc: denied { ioctl } for path="/data" dev="dm-6" ino=3 ioctlcmd=0x6617 scontext=u:r:recovery:s0 tcontext=u:object_r:system_data_root_file:s0 tclass=dir permissive=1
01-04 08:10:04.050   464   464 I recovery: Installed fscrypt key with ref 2adb9236e25d9e893d134379b2e7981c to /data
01-04 08:10:04.050   464   464 I recovery: Added fscrypt-provisioning key for 2adb9236e25d9e893d134379b2e7981c to session keyring
01-04 08:10:04.050   464   464 I recovery: Installed de key for user 0
01-04 08:10:04.050   464   464 I recovery: fscrypt::load_all_de_keys::retrieveKey
01-04 08:10:04.050   464   464 I recovery: Retrieving key from keymaster
01-04 08:10:04.052   464   464 I recovery: reading blob_file: /data/misc/vold/user_keys/de/11/keymaster_key_blob
01-04 08:10:04.052   464   464 E recovery: key mkdir /tmp/keymaster_key_blob/: File exists
01-04 08:10:04.061   550   550 E KeymasterUtils: rsp_header->status: -62
01-04 08:10:04.061   550   550 E KeyMasterHalDevice: keymint_begin_operation
01-04 08:10:04.061   550   550 E KeyMasterHalDevice: ret: -62
01-04 08:10:03.843   550   550 I QSEECOM : qseecom_scm_call2: svc_id = 0xfc, tz_cmd_id = 0x1, qseos_cmd_id = 0x1c, smc_id = 0x30000006, param_id = 0x8887
01-04 08:10:03.843   550   550 I QSEECOM : qseecom_scm_call2: scm_resp->result = 0x0, scm_resp->resp_type = 0xee01, scm_resp->data = 0x1
01-04 08:10:03.853   550   550 I QSEECOM : qseecom_scm_call2: svc_id = 0xfc, tz_cmd_id = 0x1, qseos_cmd_id = 0x1c, smc_id = 0x30000006, param_id = 0x8887
01-04 08:10:03.853   550   550 I QSEECOM : qseecom_scm_call2: scm_resp->result = 0x1, scm_resp->resp_type = 0x0, scm_resp->data = 0x2000
01-04 08:10:03.864   550   550 I QSEECOM : qseecom_scm_call2: svc_id = 0xfc, tz_cmd_id = 0x1, qseos_cmd_id = 0x1f, smc_id = 0x32000205, param_id = 0x204
01-04 08:10:03.864   550   550 I QSEECOM : qseecom_scm_call2: scm_resp->result = 0x0, scm_resp->resp_type = 0xee01, scm_resp->data = 0x1
01-04 08:10:04.090   464   464 I recovery: Upgrading key: /data/misc/vold/user_keys/de/11/keymaster_key_blob
01-04 08:10:03.872   550   550 I QSEECOM : qseecom_scm_call2: svc_id = 0xfc, tz_cmd_id = 0x1, qseos_cmd_id = 0x1c, smc_id = 0x30000006, param_id = 0x8887
01-04 08:10:03.872   550   550 I QSEECOM : qseecom_scm_call2: scm_resp->result = 0x0, scm_resp->resp_type = 0xee01, scm_resp->data = 0x1
01-04 08:10:03.873   550   550 I QSEECOM : qseecom_scm_call2: svc_id = 0xfc, tz_cmd_id = 0x1, qseos_cmd_id = 0x1c, smc_id = 0x30000006, param_id = 0x8887
01-04 08:10:03.873   550   550 I QSEECOM : qseecom_scm_call2: scm_resp->result = 0x0, scm_resp->resp_type = 0xee01, scm_resp->data = 0x1
01-04 08:10:03.873   550   550 I QSEECOM : qseecom_scm_call2: svc_id = 0xfc, tz_cmd_id = 0x1, qseos_cmd_id = 0x1c, smc_id = 0x30000006, param_id = 0x8887
01-04 08:10:03.873   550   550 I QSEECOM : qseecom_scm_call2: scm_resp->result = 0x0, scm_resp->resp_type = 0xee01, scm_resp->data = 0x1
01-04 08:10:04.091   550   550 E KeymasterUtils: rsp_header->status: -28
01-04 08:10:04.092   550   550 E KeyMasterHalDevice: abort_operation
01-04 08:10:04.092   550   550 E KeyMasterHalDevice: ret: -28
01-04 08:10:03.874   550   550 I QSEECOM : qseecom_scm_call2: svc_id = 0xfc, tz_cmd_id = 0x1, qseos_cmd_id = 0x1c, smc_id = 0x30000006, param_id = 0x8887
01-04 08:10:03.874   550   550 I QSEECOM : qseecom_scm_call2: scm_resp->result = 0x0, scm_resp->resp_type = 0xee01, scm_resp->data = 0x1
01-04 08:10:03.902   550   550 I QSEECOM : qseecom_scm_call2: svc_id = 0xfc, tz_cmd_id = 0x1, qseos_cmd_id = 0x1c, smc_id = 0x30000006, param_id = 0x8887
01-04 08:10:03.902   550   550 I QSEECOM : qseecom_scm_call2: scm_resp->result = 0x0, scm_resp->resp_type = 0xee01, scm_resp->data = 0x1
01-04 08:10:04.116   464   464 I recovery: type=1400 audit(0.0:165): avc: denied { ioctl } for path="/data" dev="dm-6" ino=3 ioctlcmd=0x6617 scontext=u:r:recovery:s0 tcontext=u:object_r:system_data_root_file:s0 tclass=dir permissive=1
01-04 08:10:04.142   464   464 I recovery: Installed fscrypt key with ref 7b76835f6fd0ef8f145f8aaa146845c9 to /data
01-04 08:10:04.142   464   464 I recovery: Added fscrypt-provisioning key for 7b76835f6fd0ef8f145f8aaa146845c9 to session keyring
01-04 08:10:04.142   464   464 I recovery: Installed de key for user 11
01-04 08:10:04.142   464   464 I recovery: fscrypt_prepare_user_storage for volume null, user 0, serial 0, flags 1
01-04 08:10:04.140   464   464 I recovery: type=1400 audit(0.0:166): avc: denied { search } for name="cur" dev="dm-6" ino=86 scontext=u:r:recovery:s0 tcontext=u:object_r:user_profile_root_file:s0 tclass=dir permissive=1
01-04 08:10:04.140   464   464 I recovery: type=1400 audit(0.0:167): avc: denied { getattr } for path="/data/misc/profiles/cur/0" dev="dm-6" ino=272 scontext=u:r:recovery:s0 tcontext=u:object_r:user_profile_root_file:s0:c512,c768 tclass=dir permissive=1
01-04 08:10:04.144   464   464 I recovery: type=1400 audit(0.0:168): avc: denied { getattr } for path="/data/user_de/0" dev="dm-6" ino=276 scontext=u:r:recovery:s0 tcontext=u:object_r:system_data_file:s0:c512,c768 tclass=dir permissive=1
01-04 08:10:04.145   464   464 I recovery: Verified that /data/system_de/0 has the encryption policy 2adb9236e25d9e893d134379b2e7981c v2 modes 1/4 flags 0xa
01-04 08:10:04.145   464   464 I recovery: Verified that /data/misc_de/0 has the encryption policy 2adb9236e25d9e893d134379b2e7981c v2 modes 1/4 flags 0xa
01-04 08:10:04.144   464   464 I recovery: type=1400 audit(0.0:169): avc: denied { read } for name="0" dev="dm-6" ino=273 scontext=u:r:recovery:s0 tcontext=u:object_r:system_data_file:s0 tclass=dir permissive=1
01-04 08:10:04.145   464   464 I recovery: Verified that /data/user_de/0 has the encryption policy 2adb9236e25d9e893d134379b2e7981c v2 modes 1/4 flags 0xa
01-04 08:10:04.144   464   464 I recovery: type=1400 audit(0.0:170): avc: denied { open } for path="/data/system_de/0" dev="dm-6" ino=273 scontext=u:r:recovery:s0 tcontext=u:object_r:system_data_file:s0 tclass=dir permissive=1
01-04 08:10:04.144   464   464 I recovery: type=1400 audit(0.0:171): avc: denied { ioctl } for path="/data/system_de/0" dev="dm-6" ino=273 ioctlcmd=0x6615 scontext=u:r:recovery:s0 tcontext=u:object_r:system_data_file:s0 tclass=dir permissive=1
01-04 08:10:04.144   464   464 I recovery: type=1400 audit(0.0:172): avc: denied { ioctl } for path="/data/misc_de/0" dev="dm-6" ino=275 ioctlcmd=0x6615 scontext=u:r:recovery:s0 tcontext=u:object_r:system_data_file:s0 tclass=dir permissive=1
01-04 08:10:04.144   464   464 I recovery: type=1400 audit(0.0:173): avc: denied { read } for name="0" dev="dm-6" ino=274 scontext=u:r:recovery:s0 tcontext=u:object_r:vendor_data_file:s0 tclass=dir permissive=1
01-04 08:10:04.144   464   464 I recovery: type=1400 audit(0.0:174): avc: denied { open } for path="/data/vendor_de/0" dev="dm-6" ino=274 scontext=u:r:recovery:s0 tcontext=u:object_r:vendor_data_file:s0 tclass=dir permissive=1
01-04 08:10:04.144   464   464 I recovery: type=1400 audit(0.0:175): avc: denied { ioctl } for path="/data/vendor_de/0" dev="dm-6" ino=274 ioctlcmd=0x6615 scontext=u:r:recovery:s0 tcontext=u:object_r:vendor_data_file:s0 tclass=dir permissive=1
01-04 08:10:04.144   464   464 I recovery: type=1400 audit(0.0:176): avc: denied { read } for name="0" dev="dm-6" ino=276 scontext=u:r:recovery:s0 tcontext=u:object_r:system_data_file:s0:c512,c768 tclass=dir permissive=1
01-04 08:10:04.144   464   464 I recovery: type=1400 audit(0.0:177): avc: denied { open } for path="/data/user_de/0" dev="dm-6" ino=276 scontext=u:r:recovery:s0 tcontext=u:object_r:system_data_file:s0:c512,c768 tclass=dir permissive=1
01-04 08:10:04.144   464   464 I recovery: type=1400 audit(0.0:178): avc: denied { ioctl } for path="/data/user_de/0" dev="dm-6" ino=276 ioctlcmd=0x6615 scontext=u:r:recovery:s0 tcontext=u:object_r:system_data_file:s0:c512,c768 tclass=dir permissive=1
01-04 08:10:04.148   577   577 I vold_prepare_su: type=1400 audit(0.0:179): avc: denied { getattr } for path="/data/misc_de/0/storaged" dev="dm-6" ino=279 scontext=u:r:recovery:s0 tcontext=u:object_r:storaged_data_file:s0 tclass=dir permissive=1
01-04 08:10:04.148   577   577 I vold_prepare_su: type=1400 audit(0.0:180): avc: denied { getattr } for path="/data/misc_de/0/rollback" dev="dm-6" ino=280 scontext=u:r:recovery:s0 tcontext=u:object_r:rollback_data_file:s0 tclass=dir permissive=1
01-04 08:10:04.148   577   577 I vold_prepare_su: type=1400 audit(0.0:181): avc: denied { getattr } for path="/data/misc_de/0/apexrollback" dev="dm-6" ino=281 scontext=u:r:recovery:s0 tcontext=u:object_r:apex_rollback_data_file:s0 tclass=dir permissive=1
01-04 08:10:04.148   577   577 I vold_prepare_su: type=1400 audit(0.0:182): avc: denied { getattr } for path="/data/misc_de/0/apexdata" dev="dm-6" ino=282 scontext=u:r:recovery:s0 tcontext=u:object_r:apex_module_data_file:s0 tclass=dir permissive=1
01-04 08:10:04.148   577   577 I vold_prepare_su: type=1400 audit(0.0:183): avc: denied { read } for name="/" dev="tmpfs" ino=1 scontext=u:r:recovery:s0 tcontext=u:object_r:apex_mnt_dir:s0 tclass=dir permissive=1
01-04 08:10:04.148   577   577 I vold_prepare_su: type=1400 audit(0.0:184): avc: denied { open } for path="/apex" dev="tmpfs" ino=1 scontext=u:r:recovery:s0 tcontext=u:object_r:apex_mnt_dir:s0 tclass=dir permissive=1
01-04 08:10:04.148   577   577 I vold_prepare_su: type=1400 audit(0.0:185): avc: denied { getattr } for path="/data/vendor_de/0/fpdata" dev="dm-6" ino=313 scontext=u:r:recovery:s0 tcontext=u:object_r:fingerprint_vendor_data_file:s0 tclass=dir permissive=1
01-04 08:10:04.148   577   577 I vold_prepare_su: type=1400 audit(0.0:186): avc: denied { getattr } for path="/data/vendor_de/0/facedata" dev="dm-6" ino=314 scontext=u:r:recovery:s0 tcontext=u:object_r:face_vendor_data_file:s0 tclass=dir permissive=1
01-04 08:10:04.152   464   464 I recovery: Detected support for FS_IOC_ADD_ENCRYPTION_KEY
01-04 08:10:04.148   464   464 I recovery: type=1400 audit(0.0:187): avc: denied { ioctl } for path="/data" dev="dm-6" ino=3 ioctlcmd=0x6617 scontext=u:r:recovery:s0 tcontext=u:object_r:system_data_root_file:s0 tclass=dir permissive=1
01-04 08:10:04.152   464   464 I recovery: try_reload_ce_keys
01-04 08:10:04.148   464   464 I recovery: type=1400 audit(0.0:188): avc: denied { getattr } for path="/data/system/locksettings.db" dev="dm-6" ino=3427 scontext=u:r:recovery:s0 tcontext=u:object_r:system_data_file:s0 tclass=file permissive=1
01-04 08:10:04.148   464   464 I recovery: type=1400 audit(0.0:189): avc: denied { read write } for name="locksettings.db" dev="dm-6" ino=3427 scontext=u:r:recovery:s0 tcontext=u:object_r:system_data_file:s0 tclass=file permissive=1
01-04 08:10:04.148   464   464 I recovery: type=1400 audit(0.0:190): avc: denied { open } for path="/data/system/locksettings.db" dev="dm-6" ino=3427 scontext=u:r:recovery:s0 tcontext=u:object_r:system_data_file:s0 tclass=file permissive=1
01-04 08:10:04.148   464   464 I recovery: type=1400 audit(0.0:191): avc: denied { ioctl } for path="/data/system/locksettings.db" dev="dm-6" ino=3427 ioctlcmd=0xf50c scontext=u:r:recovery:s0 tcontext=u:object_r:system_data_file:s0 tclass=file permissive=1
01-04 08:10:04.152   464   464 I recovery: type=1400 audit(0.0:192): avc: denied { lock } for path="/data/system/locksettings.db" dev="dm-6" ino=3427 scontext=u:r:recovery:s0 tcontext=u:object_r:system_data_file:s0 tclass=file permissive=1
01-04 08:10:04.172   464   464 I recovery: type=1400 audit(0.0:193): avc: denied { ioctl } for path="/dev/block/dm-1" dev="tmpfs" ino=935 ioctlcmd=0x5331 scontext=u:r:recovery:s0 tcontext=u:object_r:dm_device:s0 tclass=blk_file permissive=1
01-04 08:10:03.957   464   464 E ufshcd-qcom 1d84000.ufshc: ufs_qcom_ioctl: User buffer is NULL!
01-04 08:10:03.964   464   464 I EXT4-fs (dm-1): mounted filesystem without journal. Opts: barrier=1,discard
01-04 08:10:04.180   464   464 I recovery: type=1400 audit(0.0:194): avc: denied { ioctl } for path="/dev/block/dm-1" dev="tmpfs" ino=935 ioctlcmd=0x5331 scontext=u:r:recovery:s0 tcontext=u:object_r:dm_device:s0 tclass=blk_file permissive=1
01-04 08:10:03.967   464   464 E ufshcd-qcom 1d84000.ufshc: ufs_qcom_ioctl: User buffer is NULL!
01-04 08:10:03.975   464   464 I EXT4-fs (dm-1): mounted filesystem without journal. Opts: barrier=1,discard
01-04 08:10:03.999   464   464 E ufshcd-qcom 1d84000.ufshc: ufs_qcom_ioctl: User buffer is NULL!
01-04 08:10:04.216   464   464 I recovery: type=1400 audit(0.0:195): avc: denied { ioctl } for path="/dev/block/dm-1" dev="tmpfs" ino=935 ioctlcmd=0x5331 scontext=u:r:recovery:s0 tcontext=u:object_r:dm_device:s0 tclass=blk_file permissive=1
01-04 08:10:04.007   464   464 I EXT4-fs (dm-1): mounted filesystem without journal. Opts: barrier=1,discard
01-04 08:10:04.220   464   464 I recovery: type=1400 audit(0.0:196): avc: denied { ioctl } for path="/dev/block/dm-3" dev="tmpfs" ino=941 ioctlcmd=0x5331 scontext=u:r:recovery:s0 tcontext=u:object_r:dm_device:s0 tclass=blk_file permissive=1
01-04 08:10:04.007   464   464 E ufshcd-qcom 1d84000.ufshc: ufs_qcom_ioctl: User buffer is NULL!
01-04 08:10:04.228   464   464 I recovery: type=1400 audit(0.0:197): avc: denied { ioctl } for path="/dev/block/dm-0" dev="tmpfs" ino=930 ioctlcmd=0x5331 scontext=u:r:recovery:s0 tcontext=u:object_r:dm_device:s0 tclass=blk_file permissive=1
01-04 08:10:04.015   464   464 I EXT4-fs (dm-3): mounted filesystem without journal. Opts: barrier=1,discard
01-04 08:10:04.015   464   464 E ufshcd-qcom 1d84000.ufshc: ufs_qcom_ioctl: User buffer is NULL!
01-04 08:10:04.022   464   464 I EXT4-fs (dm-0): mounted filesystem without journal. Opts: barrier=1,discard
01-04 08:10:04.236   464   464 I recovery: type=1400 audit(0.0:198): avc: denied { ioctl } for path="/dev/block/dm-4" dev="tmpfs" ino=944 ioctlcmd=0x5331 scontext=u:r:recovery:s0 tcontext=u:object_r:dm_device:s0 tclass=blk_file permissive=1
01-04 08:10:04.022   464   464 E ufshcd-qcom 1d84000.ufshc: ufs_qcom_ioctl: User buffer is NULL!
01-04 08:10:04.030   464   464 I EXT4-fs (dm-4): mounted filesystem without journal. Opts: barrier=1,discard
01-04 08:10:04.030   464   464 E ufshcd-qcom 1d84000.ufshc: ufs_qcom_ioctl: User buffer is NULL!
01-04 08:10:04.244   464   464 I recovery: type=1400 audit(0.0:199): avc: denied { ioctl } for path="/dev/block/dm-5" dev="tmpfs" ino=947 ioctlcmd=0x5331 scontext=u:r:recovery:s0 tcontext=u:object_r:dm_device:s0 tclass=blk_file permissive=1
01-04 08:10:04.037   464   464 I EXT4-fs (dm-5): mounted filesystem without journal. Opts: barrier=1,discard
01-04 08:10:04.252   464   464 I recovery: type=1400 audit(0.0:200): avc: denied { ioctl } for path="/dev/block/sde4" dev="tmpfs" ino=555 ioctlcmd=0x1260 scontext=u:r:recovery:s0 tcontext=u:object_r:block_device:s0 tclass=blk_file permissive=1
01-04 08:10:04.252   464   464 I recovery: type=1400 audit(0.0:201): avc: denied { remove_name } for name="bluetooth" dev="tmpfs" ino=970 scontext=u:r:recovery:s0 tcontext=u:object_r:block_device:s0 tclass=dir permissive=1
01-04 08:10:04.252   464   464 I recovery: type=1400 audit(0.0:202): avc: denied { unlink } for name="bluetooth" dev="tmpfs" ino=970 scontext=u:r:recovery:s0 tcontext=u:object_r:block_device:s0 tclass=lnk_file permissive=1
01-04 08:10:04.252   464   464 I recovery: type=1400 audit(0.0:203): avc: denied { getattr } for path="/sys/devices/platform/soc/1d84000.ufshc/host0/target0:0:0/0:0:0:3/block/sdd/sdd20/partition" dev="sysfs" ino=77473 scontext=u:r:recovery:s0 tcontext=u:object_r:sysfs:s0 tclass=file permissive=1
01-04 08:10:04.252   464   464 I recovery: type=1400 audit(0.0:204): avc: denied { read } for name="dev" dev="sysfs" ino=76687 scontext=u:r:recovery:s0 tcontext=u:object_r:sysfs:s0 tclass=file permissive=1
01-04 08:10:04.252   464   464 I recovery: type=1400 audit(0.0:205): avc: denied { open } for path="/sys/devices/platform/soc/1d84000.ufshc/host0/target0:0:0/0:0:0:3/block/sdd/dev" dev="sysfs" ino=76687 scontext=u:r:recovery:s0 tcontext=u:object_r:sysfs:s0 tclass=file permissive=1
01-04 08:10:04.039   464   464 I EXT4-fs (sdd20): mounted filesystem without journal. Opts:
01-04 08:10:04.039   464   464 W SELinux : security_context_str_to_sid(u:object_r:bt_firmware_file:s0) failed for (dev sdd20, type ext4) errno=-22
01-04 08:10:04.040   464   464 I EXT4-fs (sdd20): mounted filesystem without journal. Opts: (null)
01-04 08:10:04.046   464   464 I EXT4-fs (sdd21): mounted filesystem with ordered data mode. Opts:
01-04 08:10:04.046   464   464 I SELinux : Context u:object_r:adsprpcd_file:s0 is not valid (left unmapped).
01-04 08:10:04.051   464   464 I EXT4-fs (sdd19): mounted filesystem without journal. Opts:
01-04 08:10:04.051   464   464 W SELinux : security_context_str_to_sid(u:object_r:firmware_file:s0) failed for (dev sdd19, type ext4) errno=-22
01-04 08:10:04.052   464   464 I EXT4-fs (sdd19): mounted filesystem without journal. Opts: (null)
01-04 08:10:04.059   464   464 I EXT4-fs (sdd18): mounted filesystem without journal. Opts:
01-04 08:10:04.059   464   464 W SELinux : security_context_str_to_sid(u:object_r:fsg_file:s0) failed for (dev sdd18, type ext4) errno=-22
01-04 08:10:04.059   464   464 I EXT4-fs (sdd18): mounted filesystem without journal. Opts: (null)
01-04 08:10:04.062   464   464 I EXT4-fs (sde2): mounted filesystem with ordered data mode. Opts:
01-04 08:10:04.064   464   464 I EXT4-fs (sde3): mounted filesystem with ordered data mode. Opts:
01-04 08:10:04.280   464   464 I recovery: type=1400 audit(0.0:206): avc: denied { search } for name="/" dev="sde3" ino=2 scontext=u:r:recovery:s0 tcontext=u:object_r:mnt_product_file:s0 tclass=dir permissive=1
01-04 08:10:04.280   464   464 I recovery: type=1400 audit(0.0:207): avc: denied { getattr } for path="/prodpersist" dev="sde3" ino=2 scontext=u:r:recovery:s0 tcontext=u:object_r:mnt_product_file:s0 tclass=dir permissive=1
01-04 08:10:04.280   464   464 I recovery: type=1400 audit(0.0:208): avc: denied { ioctl } for path="/dev/block/dm-0" dev="tmpfs" ino=930 ioctlcmd=0x1260 scontext=u:r:recovery:s0 tcontext=u:object_r:dm_device:s0 tclass=blk_file permissive=1
01-04 08:10:04.280   464   464 I recovery: type=1400 audit(0.0:209): avc: denied { getattr } for path="/data/recovery/.twrps" dev="dm-6" ino=5426 scontext=u:r:recovery:s0 tcontext=u:object_r:media_rw_data_file:s0 tclass=file permissive=1
01-04 08:10:04.280   464   464 I recovery: type=1400 audit(0.0:210): avc: denied { getattr } for path="/data/unencrypted" dev="dm-6" ino=13 scontext=u:r:recovery:s0 tcontext=u:object_r:unencrypted_data_file:s0 tclass=dir permissive=1
01-04 08:10:04.280   464   464 I recovery: type=1400 audit(0.0:211): avc: denied { getattr } for path="/data/bootchart" dev="dm-6" ino=23 scontext=u:r:recovery:s0 tcontext=u:object_r:bootchart_data_file:s0 tclass=dir permissive=1
01-04 08:10:04.069   464   464 I SELinux : Context u:object_r:vendor_tombstone_data_file:s0 is not valid (left unmapped).
01-04 08:10:04.284   464   464 I recovery: type=1400 audit(0.0:212): avc: denied { getattr } for path="/data/vendor/misc/cutback/cutback_ipc" dev="dm-6" ino=1426956 scontext=u:r:recovery:s0 tcontext=u:object_r:unlabeled:s0 tclass=sock_file permissive=1 trawcon="u:object_r:cutback_socket:s0"
01-04 08:10:04.070   464   464 I SELinux : Context u:object_r:cutback_data_file:s0 is not valid (left unmapped).
01-04 08:10:04.071   464   464 I SELinux : Context u:object_r:cutback_socket:s0 is not valid (left unmapped).
01-04 08:10:04.071   464   464 I SELinux : Context u:object_r:imager_data_file:s0 is not valid (left unmapped).
01-04 08:10:04.071   464   464 I SELinux : Context u:object_r:imager_metadata_file:s0 is not valid (left unmapped).
01-04 08:10:04.072   464   464 I SELinux : Context u:object_r:vendor_ramdump_vendor_data_file:s0 is not valid (left unmapped).
01-04 08:10:04.072   464   464 I SELinux : Context u:object_r:vendor_display_vendor_data_file:s0 is not valid (left unmapped).
01-04 08:10:04.072   464   464 I SELinux : Context u:object_r:vendor_lm_data_file:s0 is not valid (left unmapped).
01-04 08:10:04.073   464   464 I SELinux : Context u:object_r:vendor_pm_data_file:s0 is not valid (left unmapped).
01-04 08:10:04.073   464   464 I SELinux : Context u:object_r:vendor_media_data_file:s0 is not valid (left unmapped).
01-04 08:10:04.073   464   464 I SELinux : Context u:object_r:vendor_data_tzstorage_file:s0 is not valid (left unmapped).
01-04 08:10:04.073   464   464 I SELinux : Context u:object_r:vendor_camera_data_file:s0 is not valid (left unmapped).
01-04 08:10:04.147   464   464 I SELinux : Context u:object_r:vendor_bt_data_file:s0 is not valid (left unmapped).
01-04 08:10:04.147   464   464 I SELinux : Context u:object_r:vendor_wifi_vendor_data_file:s0 is not valid (left unmapped).
01-04 08:10:04.364   464   464 I recovery: type=1400 audit(0.0:213): avc: denied { getattr } for path="/data/vendor/wifi/sockets/cnss_user_server" dev="dm-6" ino=1426941 scontext=u:r:recovery:s0 tcontext=u:object_r:unlabeled:s0 tclass=sock_file permissive=1 trawcon="u:object_r:vendor_wifi_vendor_wpa_socket:s0"
01-04 08:10:04.148   464   464 I SELinux : Context u:object_r:vendor_wifi_vendor_wpa_socket:s0 is not valid (left unmapped).
01-04 08:10:04.364   464   464 I recovery: type=1400 audit(0.0:214): avc: denied { getattr } for path="/data/vendor/wifi/hostapd" dev="dm-6" ino=338 scontext=u:r:recovery:s0 tcontext=u:object_r:hostapd_data_file:s0 tclass=dir permissive=1
01-04 08:10:04.364   464   464 I recovery: type=1400 audit(0.0:215): avc: denied { read } for name="hostapd" dev="dm-6" ino=338 scontext=u:r:recovery:s0 tcontext=u:object_r:hostapd_data_file:s0 tclass=dir permissive=1
01-04 08:10:04.364   464   464 I recovery: type=1400 audit(0.0:216): avc: denied { open } for path="/data/vendor/wifi/hostapd" dev="dm-6" ino=338 scontext=u:r:recovery:s0 tcontext=u:object_r:hostapd_data_file:s0 tclass=dir permissive=1
01-04 08:10:04.364   464   464 I recovery: type=1400 audit(0.0:217): avc: denied { search } for name="hostapd" dev="dm-6" ino=338 scontext=u:r:recovery:s0 tcontext=u:object_r:hostapd_data_file:s0 tclass=dir permissive=1
01-04 08:10:04.364   464   464 I recovery: type=1400 audit(0.0:218): avc: denied { getattr } for path="/data/vendor/wifi/hostapd/sockets/wpa_ctrl_2448-5" dev="dm-6" ino=214327 scontext=u:r:recovery:s0 tcontext=u:object_r:hostapd_data_file:s0 tclass=sock_file permissive=1
01-04 08:10:04.364   464   464 I recovery: type=1400 audit(0.0:219): avc: denied { getattr } for path="/data/vendor/wifi/hostapd/hostapd.conf" dev="dm-6" ino=20963 scontext=u:r:recovery:s0 tcontext=u:object_r:hostapd_data_file:s0 tclass=file permissive=1
01-04 08:10:04.364   464   464 I recovery: type=1400 audit(0.0:220): avc: denied { getattr } for path="/data/vendor/wifi/wpa" dev="dm-6" ino=342 scontext=u:r:recovery:s0 tcontext=u:object_r:wpa_data_file:s0 tclass=dir permissive=1
01-04 08:10:04.364   464   464 I recovery: type=1400 audit(0.0:221): avc: denied { read } for name="wpa" dev="dm-6" ino=342 scontext=u:r:recovery:s0 tcontext=u:object_r:wpa_data_file:s0 tclass=dir permissive=1
01-04 08:10:04.364   464   464 I recovery: type=1400 audit(0.0:222): avc: denied { open } for path="/data/vendor/wifi/wpa" dev="dm-6" ino=342 scontext=u:r:recovery:s0 tcontext=u:object_r:wpa_data_file:s0 tclass=dir permissive=1
01-04 08:10:04.364   464   464 I recovery: type=1400 audit(0.0:223): avc: denied { search } for name="wpa" dev="dm-6" ino=342 scontext=u:r:recovery:s0 tcontext=u:object_r:wpa_data_file:s0 tclass=dir permissive=1
01-04 08:10:04.149   464   464 I SELinux : Context u:object_r:vendor_wigig_hostapd_socket:s0 is not valid (left unmapped).
01-04 08:10:04.372   464   464 I recovery: type=1400 audit(0.0:224): avc: denied { getattr } for path="/data/vendor/wifi/wpa/sockets/wpa_ctrl_2415-53" dev="dm-6" ino=317621 scontext=u:r:recovery:s0 tcontext=u:object_r:wpa_data_file:s0 tclass=sock_file permissive=1
01-04 08:10:04.408   464   464 I recovery: type=1400 audit(0.0:225): avc: denied { getattr } for path="/data/vendor/wifi/wpa/wpa_supplicant.conf" dev="dm-6" ino=7189 scontext=u:r:recovery:s0 tcontext=u:object_r:wpa_data_file:s0 tclass=file permissive=1
01-04 08:10:04.195   464   464 I SELinux : Context u:object_r:vendor_sensing_vendor_data_file:s0 is not valid (left unmapped).
01-04 08:10:04.195   464   464 I SELinux : Context u:object_r:vendor_cnd_data_file:s0 is not valid (left unmapped).
01-04 08:10:04.195   464   464 I SELinux : Context u:object_r:vendor_audio_data_file:s0 is not valid (left unmapped).
01-04 08:10:04.196   464   464 I SELinux : Context u:object_r:vendor_radio_vendor_data_file:s0 is not valid (left unmapped).
01-04 08:10:04.196   464   464 I SELinux : Context u:object_r:vendor_mbn_data_file:s0 is not valid (left unmapped).
01-04 08:10:04.196   464   464 I SELinux : Context u:object_r:vendor_time_data_file:s0 is not valid (left unmapped).
01-04 08:10:04.197   464   464 I SELinux : Context u:object_r:vendor_mpctl_data_file:s0 is not valid (left unmapped).
01-04 08:10:04.197   464   464 I SELinux : Context u:object_r:vendor_secure_element_vendor_data_file:s0 is not valid (left unmapped).
01-04 08:10:04.197   464   464 I SELinux : Context u:object_r:vendor_nfc_vendor_data_file:s0 is not valid (left unmapped).
01-04 08:10:04.197   464   464 I SELinux : Context u:object_r:vendor_iop_data_file:s0 is not valid (left unmapped).
01-04 08:10:04.197   464   464 I SELinux : Context u:object_r:vendor_vpp_data_file:s0 is not valid (left unmapped).
01-04 08:10:04.197   464   464 I SELinux : Context u:object_r:vendor_tui_data_file:s0 is not valid (left unmapped).
01-04 08:10:04.197   464   464 I SELinux : Context u:object_r:dbvc_data_file:s0 is not valid (left unmapped).
01-04 08:10:04.197   464   464 I SELinux : Context u:object_r:aplog_data_file:s0 is not valid (left unmapped).
01-04 08:10:04.197   464   464 I SELinux : Context u:object_r:vendor_dropbox_data_file:s0 is not valid (left unmapped).
01-04 08:10:04.198   464   464 I SELinux : Context u:object_r:panic_data_file:s0 is not valid (left unmapped).
01-04 08:10:04.198   464   464 I SELinux : Context u:object_r:bugreport_data_file:s0 is not valid (left unmapped).
01-04 08:10:04.198   464   464 I SELinux : Context u:object_r:chargeonly_data_file:s0 is not valid (left unmapped).
01-04 08:10:04.198   464   464 I SELinux : Context u:object_r:ramdump_data_file:s0 is not valid (left unmapped).
01-04 08:10:04.198   464   464 I SELinux : Context u:object_r:bt_ramdump_data_file:s0 is not valid (left unmapped).
01-04 08:10:04.198   464   464 I SELinux : Context u:object_r:hwrev_data_file:s0 is not valid (left unmapped).
01-04 08:10:04.199   464   464 I SELinux : Context u:object_r:fps_data_file:s0 is not valid (left unmapped).
01-04 08:10:04.199   464   464 I SELinux : Context u:object_r:touchRec_data_file:s0 is not valid (left unmapped).
01-04 08:10:04.254   464   464 I SELinux : Context u:object_r:param_data_file:s0 is not valid (left unmapped).
01-04 08:10:04.254   464   464 I SELinux : Context u:object_r:mot_mdlog_data_file:s0 is not valid (left unmapped).
01-04 08:10:04.255   464   464 I SELinux : Context u:object_r:vendor_log_wifi_data_file:s0 is not valid (left unmapped).
01-04 08:10:04.255   464   464 I SELinux : Context u:object_r:vendor_qti_data_file:s0 is not valid (left unmapped).
01-04 08:10:04.255   464   464 I SELinux : Context u:object_r:vendor_imsd_data_file:s0 is not valid (left unmapped).
01-04 08:10:04.255   464   464 I SELinux : Context u:object_r:vendor_qcc_trd_data_file:s0 is not valid (left unmapped).
01-04 08:10:04.257   464   464 I SELinux : Context u:object_r:mobicore_data_registry_file:s0 is not valid (left unmapped).
01-04 08:10:04.257   464   464 I SELinux : Context u:object_r:vendor_ipa_vendor_data_file:s0 is not valid (left unmapped).
01-04 08:10:04.258   464   464 I SELinux : Context u:object_r:vendor_location_data_file:s0 is not valid (left unmapped).
01-04 08:10:04.258   464   464 I SELinux : Context u:object_r:vendor_netmgr_data_file:s0 is not valid (left unmapped).
01-04 08:10:04.258   464   464 I SELinux : Context u:object_r:vendor_netmgr_recovery_data_file:s0 is not valid (left unmapped).
01-04 08:10:04.258   464   464 I SELinux : Context u:object_r:vendor_port_bridge_data_file:s0 is not valid (left unmapped).
01-04 08:10:04.259   464   464 I SELinux : Context u:object_r:vendor_qmipriod_data_file:s0 is not valid (left unmapped).
01-04 08:10:04.259   464   464 I SELinux : Context u:object_r:vendor_qvrd_vndr_data_file:s0 is not valid (left unmapped).
01-04 08:10:04.259   464   464 I SELinux : Context u:object_r:vendor_shsusr_data_file:s0 is not valid (left unmapped).
01-04 08:10:04.259   464   464 I SELinux : Context u:object_r:vendor_qwes_data_file:s0 is not valid (left unmapped).
01-04 08:10:04.259   464   464 I SELinux : Context u:object_r:vendor_sxrd_vndr_data_file:s0 is not valid (left unmapped).
01-04 08:10:04.259   464   464 I SELinux : Context u:object_r:vendor_dolby_file:s0 is not valid (left unmapped).
01-04 08:10:04.259   464   464 I SELinux : Context u:object_r:vendor_dpm_vndr_data_file:s0 is not valid (left unmapped).
01-04 08:10:04.259   464   464 I SELinux : Context u:object_r:vendor_qspmhal_data_file:s0 is not valid (left unmapped).
01-04 08:10:04.259   464   464 I SELinux : Context u:object_r:vendor_pddump_data_file:s0 is not valid (left unmapped).
01-04 08:10:04.259   464   464 I SELinux : Context u:object_r:vendor_mediadrm_vendor_data_file:s0 is not valid (left unmapped).
01-04 08:10:04.476   464   464 I recovery: type=1400 audit(0.0:226): avc: denied { read } for name="ROSUXAAAAAQj6xXxP1PlwjQYR+,jiI44" dev="dm-6" ino=3785 scontext=u:r:recovery:s0 tcontext=u:object_r:face_vendor_data_file:s0 tclass=dir permissive=1
01-04 08:10:04.476   464   464 I recovery: type=1400 audit(0.0:227): avc: denied { open } for path="/data/vendor_ce/0/ROSUXAAAAAQj6xXxP1PlwjQYR+,jiI44" dev="dm-6" ino=3785 scontext=u:r:recovery:s0 tcontext=u:object_r:face_vendor_data_file:s0 tclass=dir permissive=1
01-04 08:10:04.476   464   464 I recovery: type=1400 audit(0.0:228): avc: denied { search } for name="ROSUXAAAAAQj6xXxP1PlwjQYR+,jiI44" dev="dm-6" ino=3785 scontext=u:r:recovery:s0 tcontext=u:object_r:face_vendor_data_file:s0 tclass=dir permissive=1
01-04 08:10:04.476   464   464 I recovery: type=1400 audit(0.0:229): avc: denied { read } for name="fpdata" dev="dm-6" ino=313 scontext=u:r:recovery:s0 tcontext=u:object_r:fingerprint_vendor_data_file:s0 tclass=dir permissive=1
01-04 08:10:04.476   464   464 I recovery: type=1400 audit(0.0:230): avc: denied { open } for path="/data/vendor_de/0/fpdata" dev="dm-6" ino=313 scontext=u:r:recovery:s0 tcontext=u:object_r:fingerprint_vendor_data_file:s0 tclass=dir permissive=1
01-04 08:10:04.476   464   464 I recovery: type=1400 audit(0.0:231): avc: denied { search } for name="fpdata" dev="dm-6" ino=313 scontext=u:r:recovery:s0 tcontext=u:object_r:fingerprint_vendor_data_file:s0 tclass=dir permissive=1
01-04 08:10:04.476   464   464 I recovery: type=1400 audit(0.0:232): avc: denied { getattr } for path="/data/vendor_de/0/fpdata/fingerprint_version" dev="dm-6" ino=592 scontext=u:r:recovery:s0 tcontext=u:object_r:fingerprint_vendor_data_file:s0 tclass=file permissive=1
01-04 08:10:04.262   464   464 I SELinux : Context u:object_r:vendor_memtest_data_file:s0 is not valid (left unmapped).
01-04 08:10:04.476   464   464 I recovery: type=1400 audit(0.0:233): avc: denied { getattr } for path="/data/anr" dev="dm-6" ino=28 scontext=u:r:recovery:s0 tcontext=u:object_r:anr_data_file:s0 tclass=dir permissive=1
01-04 08:10:04.476   464   464 I recovery: type=1400 audit(0.0:234): avc: denied { read } for name="anr" dev="dm-6" ino=28 scontext=u:r:recovery:s0 tcontext=u:object_r:anr_data_file:s0 tclass=dir permissive=1
01-04 08:10:04.476   464   464 I recovery: type=1400 audit(0.0:235): avc: denied { open } for path="/data/anr" dev="dm-6" ino=28 scontext=u:r:recovery:s0 tcontext=u:object_r:anr_data_file:s0 tclass=dir permissive=1
01-04 08:10:04.476   464   464 I recovery: type=1400 audit(0.0:236): avc: denied { search } for name="anr" dev="dm-6" ino=28 scontext=u:r:recovery:s0 tcontext=u:object_r:anr_data_file:s0 tclass=dir permissive=1
01-04 08:10:04.476   464   464 I recovery: type=1400 audit(0.0:237): avc: denied { getattr } for path="/data/anr/anr_2024-08-20-02-40-53-180" dev="dm-6" ino=1425407 scontext=u:r:recovery:s0 tcontext=u:object_r:anr_data_file:s0 tclass=file permissive=1
01-04 08:10:04.476   464   464 I recovery: type=1400 audit(0.0:238): avc: denied { getattr } for path="/data/tombstones" dev="dm-6" ino=29 scontext=u:r:recovery:s0 tcontext=u:object_r:tombstone_data_file:s0 tclass=dir permissive=1
01-04 08:10:04.476   464   464 I recovery: type=1400 audit(0.0:239): avc: denied { read } for name="tombstones" dev="dm-6" ino=29 scontext=u:r:recovery:s0 tcontext=u:object_r:tombstone_data_file:s0 tclass=dir permissive=1
01-04 08:10:04.476   464   464 I recovery: type=1400 audit(0.0:240): avc: denied { open } for path="/data/tombstones" dev="dm-6" ino=29 scontext=u:r:recovery:s0 tcontext=u:object_r:tombstone_data_file:s0 tclass=dir permissive=1
01-04 08:10:04.480   464   464 I recovery: type=1400 audit(0.0:241): avc: denied { search } for name="tombstones" dev="dm-6" ino=29 scontext=u:r:recovery:s0 tcontext=u:object_r:tombstone_data_file:s0 tclass=dir permissive=1
01-04 08:10:04.480   464   464 I recovery: type=1400 audit(0.0:242): avc: denied { getattr } for path="/data/tombstones/tombstone_00" dev="dm-6" ino=854849 scontext=u:r:recovery:s0 tcontext=u:object_r:tombstone_data_file:s0 tclass=file permissive=1
01-04 08:10:04.480   464   464 I recovery: type=1400 audit(0.0:243): avc: denied { getattr } for path="/data/misc/keystore" dev="dm-6" ino=33 scontext=u:r:recovery:s0 tcontext=u:object_r:keystore_data_file:s0 tclass=dir permissive=1
01-04 08:10:04.480   464   464 I recovery: type=1400 audit(0.0:244): avc: denied { getattr } for path="/data/misc/recovery" dev="dm-6" ino=44 scontext=u:r:recovery:s0 tcontext=u:object_r:recovery_data_file:s0 tclass=dir permissive=1
01-04 08:10:04.480   464   464 I recovery: type=1400 audit(0.0:245): avc: denied { read } for name="recovery" dev="dm-6" ino=44 scontext=u:r:recovery:s0 tcontext=u:object_r:recovery_data_file:s0 tclass=dir permissive=1
01-04 08:10:04.480   464   464 I recovery: type=1400 audit(0.0:246): avc: denied { open } for path="/data/misc/recovery" dev="dm-6" ino=44 scontext=u:r:recovery:s0 tcontext=u:object_r:recovery_data_file:s0 tclass=dir permissive=1
01-04 08:10:04.480   464   464 I recovery: type=1400 audit(0.0:247): avc: denied { search } for name="recovery" dev="dm-6" ino=44 scontext=u:r:recovery:s0 tcontext=u:object_r:recovery_data_file:s0 tclass=dir permissive=1
01-04 08:10:04.480   464   464 I recovery: type=1400 audit(0.0:248): avc: denied { getattr } for path="/data/misc/recovery/ro.build.fingerprint" dev="dm-6" ino=45 scontext=u:r:recovery:s0 tcontext=u:object_r:recovery_data_file:s0 tclass=file permissive=1
01-04 08:10:04.484   464   464 I recovery: type=1400 audit(0.0:249): avc: denied { getattr } for path="/data/misc/bluedroid" dev="dm-6" ino=48 scontext=u:r:recovery:s0 tcontext=u:object_r:bluetooth_data_file:s0 tclass=dir permissive=1
01-04 08:10:04.484   464   464 I recovery: type=1400 audit(0.0:250): avc: denied { read } for name="bluedroid" dev="dm-6" ino=48 scontext=u:r:recovery:s0 tcontext=u:object_r:bluetooth_data_file:s0 tclass=dir permissive=1
01-04 08:10:04.484   464   464 I recovery: type=1400 audit(0.0:251): avc: denied { open } for path="/data/misc/bluedroid" dev="dm-6" ino=48 scontext=u:r:recovery:s0 tcontext=u:object_r:bluetooth_data_file:s0 tclass=dir permissive=1
01-04 08:10:04.484   464   464 I recovery: type=1400 audit(0.0:252): avc: denied { search } for name="bluedroid" dev="dm-6" ino=48 scontext=u:r:recovery:s0 tcontext=u:object_r:bluetooth_data_file:s0 tclass=dir permissive=1
01-04 08:10:04.484   464   464 I recovery: type=1400 audit(0.0:253): avc: denied { getattr } for path="/data/misc/bluedroid/bt_config.bak" dev="dm-6" ino=1426457 scontext=u:r:recovery:s0 tcontext=u:object_r:bluetooth_data_file:s0 tclass=file permissive=1
01-04 08:10:04.484   464   464 I recovery: type=1400 audit(0.0:254): avc: denied { getattr } for path="/data/misc/bluetooth/logs" dev="dm-6" ino=50 scontext=u:r:recovery:s0 tcontext=u:object_r:bluetooth_logs_data_file:s0 tclass=dir permissive=1
01-04 08:10:04.484   464   464 I recovery: type=1400 audit(0.0:255): avc: denied { read } for name="logs" dev="dm-6" ino=50 scontext=u:r:recovery:s0 tcontext=u:object_r:bluetooth_logs_data_file:s0 tclass=dir permissive=1
01-04 08:10:04.484   464   464 I recovery: type=1400 audit(0.0:256): avc: denied { open } for path="/data/misc/bluetooth/logs" dev="dm-6" ino=50 scontext=u:r:recovery:s0 tcontext=u:object_r:bluetooth_logs_data_file:s0 tclass=dir permissive=1
01-04 08:10:04.484   464   464 I recovery: type=1400 audit(0.0:257): avc: denied { search } for name="logs" dev="dm-6" ino=50 scontext=u:r:recovery:s0 tcontext=u:object_r:bluetooth_logs_data_file:s0 tclass=dir permissive=1
01-04 08:10:04.484   464   464 I recovery: type=1400 audit(0.0:258): avc: denied { getattr } for path="/data/misc/nfc/logs" dev="dm-6" ino=52 scontext=u:r:recovery:s0 tcontext=u:object_r:nfc_logs_data_file:s0 tclass=dir permissive=1
01-04 08:10:04.484   464   464 I recovery: type=1400 audit(0.0:259): avc: denied { read } for name="logs" dev="dm-6" ino=52 scontext=u:r:recovery:s0 tcontext=u:object_r:nfc_logs_data_file:s0 tclass=dir permissive=1
01-04 08:10:04.484   464   464 I recovery: type=1400 audit(0.0:260): avc: denied { open } for path="/data/misc/nfc/logs" dev="dm-6" ino=52 scontext=u:r:recovery:s0 tcontext=u:object_r:nfc_logs_data_file:s0 tclass=dir permissive=1
01-04 08:10:04.484   464   464 I recovery: type=1400 audit(0.0:261): avc: denied { search } for name="logs" dev="dm-6" ino=52 scontext=u:r:recovery:s0 tcontext=u:object_r:nfc_logs_data_file:s0 tclass=dir permissive=1
01-04 08:10:04.484   464   464 I recovery: type=1400 audit(0.0:262): avc: denied { getattr } for path="/data/misc/nfc/logs/native_crash_logs" dev="dm-6" ino=770208 scontext=u:r:recovery:s0 tcontext=u:object_r:nfc_logs_data_file:s0 tclass=file permissive=1
01-04 08:10:04.484   464   464 I recovery: type=1400 audit(0.0:263): avc: denied { getattr } for path="/data/misc/credstore" dev="dm-6" ino=53 scontext=u:r:recovery:s0 tcontext=u:object_r:credstore_data_file:s0 tclass=dir permissive=1
01-04 08:10:04.484   464   464 I recovery: type=1400 audit(0.0:264): avc: denied { read } for name="credstore" dev="dm-6" ino=53 scontext=u:r:recovery:s0 tcontext=u:object_r:credstore_data_file:s0 tclass=dir permissive=1
01-04 08:10:04.484   464   464 I recovery: type=1400 audit(0.0:265): avc: denied { open } for path="/data/misc/credstore" dev="dm-6" ino=53 scontext=u:r:recovery:s0 tcontext=u:object_r:credstore_data_file:s0 tclass=dir permissive=1
01-04 08:10:04.484   464   464 I recovery: type=1400 audit(0.0:266): avc: denied { search } for name="credstore" dev="dm-6" ino=53 scontext=u:r:recovery:s0 tcontext=u:object_r:credstore_data_file:s0 tclass=dir permissive=1
01-04 08:10:04.484   464   464 I recovery: type=1400 audit(0.0:267): avc: denied { getattr } for path="/data/misc/gatekeeper" dev="dm-6" ino=54 scontext=u:r:recovery:s0 tcontext=u:object_r:gatekeeper_data_file:s0 tclass=dir permissive=1
01-04 08:10:04.484   464   464 I recovery: type=1400 audit(0.0:268): avc: denied { getattr } for path="/data/misc/keychain" dev="dm-6" ino=55 scontext=u:r:recovery:s0 tcontext=u:object_r:keychain_data_file:s0 tclass=dir permissive=1
01-04 08:10:04.484   464   464 I recovery: type=1400 audit(0.0:269): avc: denied { read } for name="keychain" dev="dm-6" ino=55 scontext=u:r:recovery:s0 tcontext=u:object_r:keychain_data_file:s0 tclass=dir permissive=1
01-04 08:10:04.484   464   464 I recovery: type=1400 audit(0.0:270): avc: denied { open } for path="/data/misc/keychain" dev="dm-6" ino=55 scontext=u:r:recovery:s0 tcontext=u:object_r:keychain_data_file:s0 tclass=dir permissive=1
01-04 08:10:04.484   464   464 I recovery: type=1400 audit(0.0:271): avc: denied { search } for name="keychain" dev="dm-6" ino=55 scontext=u:r:recovery:s0 tcontext=u:object_r:keychain_data_file:s0 tclass=dir permissive=1
01-04 08:10:04.484   464   464 I recovery: type=1400 audit(0.0:272): avc: denied { getattr } for path="/data/misc/keychain/metadata/version" dev="dm-6" ino=25072 scontext=u:r:recovery:s0 tcontext=u:object_r:keychain_data_file:s0 tclass=file permissive=1
01-04 08:10:04.484   464   464 I recovery: type=1400 audit(0.0:273): avc: denied { getattr } for path="/data/misc/net" dev="dm-6" ino=56 scontext=u:r:recovery:s0 tcontext=u:object_r:net_data_file:s0 tclass=dir permissive=1
